Archive member included because of file (symbol)

../../BSP/Debug\libBSP.a(keypad.o)
                              ./lab12-foreback.o (keypad_scan)
../../BSP/Debug\libBSP.a(lcd.o)
                              ./lab12-foreback.o (lcd_init)
../../BSP/Debug\libBSP.a(leds.o)
                              ./lab12-foreback.o (leds_init)
../../BSP/Debug\libBSP.a(pbs.o)
                              ./lab12-foreback.o (pbs_init)
../../BSP/Debug\libBSP.a(rtc.o)
                              ./lab12-foreback.o (rtc_init)
../../BSP/Debug\libBSP.a(segs.o)
                              ./lab12-foreback.o (segs_init)
../../BSP/Debug\libBSP.a(system.o)
                              ./lab12-foreback.o (sys_init)
../../BSP/Debug\libBSP.a(timers.o)
                              ./lab12-foreback.o (timers_init)
../../BSP/Debug\libBSP.a(uart.o)
                              ./lab12-foreback.o (uart0_init)
../../BSP/Debug\libBSP.a(font8x16.o)
                              ../../BSP/Debug\libBSP.a(lcd.o) (font)
d:/programillasuni/eclipsearm/sourcery-g++-lite-arm-2011.03/bin/../lib/gcc/arm-none-eabi/4.5.2\libgcc.a(_udivsi3.o)
                              ../../BSP/Debug\libBSP.a(timers.o) (__aeabi_uidiv)
d:/programillasuni/eclipsearm/sourcery-g++-lite-arm-2011.03/bin/../lib/gcc/arm-none-eabi/4.5.2\libgcc.a(_dvmd_tls.o)
                              d:/programillasuni/eclipsearm/sourcery-g++-lite-arm-2011.03/bin/../lib/gcc/arm-none-eabi/4.5.2\libgcc.a(_udivsi3.o) (__aeabi_idiv0)
d:/programillasuni/eclipsearm/sourcery-g++-lite-arm-2011.03/bin/../lib/gcc/arm-none-eabi/4.5.2\libgcc.a(_aeabi_uldivmod.o)
                              ../../BSP/Debug\libBSP.a(timers.o) (__aeabi_uldivmod)
d:/programillasuni/eclipsearm/sourcery-g++-lite-arm-2011.03/bin/../lib/gcc/arm-none-eabi/4.5.2\libgcc.a(bpabi.o)
                              d:/programillasuni/eclipsearm/sourcery-g++-lite-arm-2011.03/bin/../lib/gcc/arm-none-eabi/4.5.2\libgcc.a(_aeabi_uldivmod.o) (__gnu_uldivmod_helper)
d:/programillasuni/eclipsearm/sourcery-g++-lite-arm-2011.03/bin/../lib/gcc/arm-none-eabi/4.5.2\libgcc.a(_divdi3.o)
                              d:/programillasuni/eclipsearm/sourcery-g++-lite-arm-2011.03/bin/../lib/gcc/arm-none-eabi/4.5.2\libgcc.a(bpabi.o) (__divdi3)
d:/programillasuni/eclipsearm/sourcery-g++-lite-arm-2011.03/bin/../lib/gcc/arm-none-eabi/4.5.2\libgcc.a(_udivdi3.o)
                              d:/programillasuni/eclipsearm/sourcery-g++-lite-arm-2011.03/bin/../lib/gcc/arm-none-eabi/4.5.2\libgcc.a(bpabi.o) (__udivdi3)
d:/programillasuni/eclipsearm/sourcery-g++-lite-arm-2011.03/bin/../lib/gcc/arm-none-eabi/4.5.2\libgcc.a(_clzsi2.o)
                              d:/programillasuni/eclipsearm/sourcery-g++-lite-arm-2011.03/bin/../lib/gcc/arm-none-eabi/4.5.2\libgcc.a(_divdi3.o) (__clzsi2)

Allocating common symbols
Common symbol       size              file

scancode            0x1               ./lab12-foreback.o
lcd_buffer          0x9600            ../../BSP/Debug\libBSP.a(lcd.o)
flagTask5           0x1               ./lab12-foreback.o
flagTask6           0x1               ./lab12-foreback.o
flagReadKeypad      0x1               ./lab12-foreback.o
flagPb              0x1               ./lab12-foreback.o
flagToggleLeds      0x1               ./lab12-foreback.o
flagWriteTicks      0x1               ./lab12-foreback.o
flagWriteRTC        0x1               ./lab12-foreback.o
flagTask8           0x1               ./lab12-foreback.o

Memory Configuration

Name             Origin             Length             Attributes
*default*        0x00000000         0xffffffff

Linker script and memory map

LOAD ./lab12-foreback.o
LOAD ../../BSP/Debug\libBSP.a
START GROUP
LOAD d:/programillasuni/eclipsearm/sourcery-g++-lite-arm-2011.03/bin/../lib/gcc/arm-none-eabi/4.5.2\libgcc.a
LOAD d:/programillasuni/eclipsearm/sourcery-g++-lite-arm-2011.03/bin/../lib/gcc/arm-none-eabi/4.5.2/../../../../arm-none-eabi/lib\libc.a
END GROUP
                0x0c100000                . = 0xc100000

.text           0x0c100000     0x56bc
 *(.text)
 .text          0x0c100000      0x950 ./lab12-foreback.o
                0x0c100000                main
                0x0c100260                Task1
                0x0c1002c8                Task2
                0x0c1003f4                Task3
                0x0c100498                Task4
                0x0c10052c                Task5
                0x0c1005a0                Task6
                0x0c1005fc                Task7
                0x0c100650                Task8
                0x0c1006f0                Task9
                0x0c1007a0                isr_pb
                0x0c1007f0                isr_tick
 .text          0x0c100950      0x518 ../../BSP/Debug\libBSP.a(keypad.o)
                0x0c100950                keypad_scan
                0x0c100b74                keypad_pressed
                0x0c100ba8                keypad_open
                0x0c100c18                keypad_close
                0x0c100c5c                keypad_init
                0x0c100c78                keypad_getchar
                0x0c100cf0                keypad_getchartime
                0x0c100d94                keypad_timeout_getchar
 .text          0x0c100e68     0x1240 ../../BSP/Debug\libBSP.a(lcd.o)
                0x0c100e68                lcd_init
                0x0c100fec                lcd_on
                0x0c101028                lcd_off
                0x0c101064                lcd_status
                0x0c10108c                lcd_clear
                0x0c101110                lcd_putpixel
                0x0c1011fc                lcd_getpixel
                0x0c1012ac                lcd_draw_hline
                0x0c10134c                lcd_draw_vline
                0x0c1013ec                lcd_draw_box
                0x0c101498                lcd_putchar
                0x0c1015ec                lcd_puts
                0x0c101660                lcd_putint
                0x0c101794                lcd_puthex
                0x0c101874                lcd_putchar_x2
                0x0c101cc4                lcd_puts_x2
                0x0c101d38                lcd_putint_x2
                0x0c101e6c                lcd_puthex_x2
                0x0c101f4c                lcd_putWallpaper
 .text          0x0c1020a8      0x164 ../../BSP/Debug\libBSP.a(leds.o)
                0x0c1020a8                leds_init
                0x0c1020e8                led_on
                0x0c102130                led_off
                0x0c102174                led_toggle
                0x0c1021b8                led_status
 .text          0x0c10220c      0x354 ../../BSP/Debug\libBSP.a(pbs.o)
                0x0c10220c                pbs_init
                0x0c102228                pb_scan
                0x0c102284                pb_pressed
                0x0c1022b8                pb_getchar
                0x0c102320                pb_getchartime
                0x0c1023c4                pb_timeout_getchar
                0x0c1024ac                pbs_open
                0x0c10251c                pbs_close
 .text          0x0c102560      0x880 ../../BSP/Debug\libBSP.a(rtc.o)
                0x0c102560                rtc_init
                0x0c1026a4                rtc_puttime
                0x0c102918                rtc_gettime
                0x0c102d18                rtc_open
                0x0c102d8c                rtc_close
 .text          0x0c102de0       0xd4 ../../BSP/Debug\libBSP.a(segs.o)
                0x0c102de0                segs_init
                0x0c102dfc                segs_off
                0x0c102e34                segs_putchar
                0x0c102e8c                segs_status
 .text          0x0c102eb4      0xd60 ../../BSP/Debug\libBSP.a(system.o)
                0x0c102eb4                sys_init
                0x0c10318c                isr_SWI_dummy
                0x0c1031b8                isr_UNDEF_dummy
                0x0c1031e4                isr_IRQ_dummy
                0x0c103210                isr_FIQ_dummy
                0x0c10323c                isr_PABORT_dummy
                0x0c103268                isr_DABORT_dummy
                0x0c103294                isr_ADC_dummy
                0x0c1032c0                isr_RTC_dummy
                0x0c1032ec                isr_UTXD1_dummy
                0x0c103318                isr_UTXD0_dummy
                0x0c103344                isr_SIO_dummy
                0x0c103370                isr_IIC_dummy
                0x0c10339c                isr_URXD1_dummy
                0x0c1033c8                isr_URXD0_dummy
                0x0c1033f4                isr_TIMER5_dummy
                0x0c103420                isr_TIMER4_dummy
                0x0c10344c                isr_TIMER3_dummy
                0x0c103478                isr_TIMER2_dummy
                0x0c1034a4                isr_TIMER1_dummy
                0x0c1034d0                isr_TIMER0_dummy
                0x0c1034fc                isr_UERR01_dummy
                0x0c103528                isr_WDT_dummy
                0x0c103554                isr_BDMA1_dummy
                0x0c103580                isr_BDMA0_dummy
                0x0c1035ac                isr_ZDMA1_dummy
                0x0c1035d8                isr_ZDMA0_dummy
                0x0c103604                isr_TICK_dummy
                0x0c10362c                isr_PB_dummy
                0x0c103658                isr_ETHERNET_dummy
                0x0c103684                isr_TS_dummy
                0x0c1036b0                isr_KEYPAD_dummy
                0x0c1036dc                isr_USB_dummy
                0x0c1039c4                sleep
 .text          0x0c103c14      0xa6c ../../BSP/Debug\libBSP.a(timers.o)
                0x0c103c14                timers_init
                0x0c103dd4                wait_for_1s
                0x0c103e98                wait_for_1ms
                0x0c103f58                timer3_delay_ms
                0x0c103f9c                sw_delay_ms
                0x0c103ff4                timer3_delay_s
                0x0c104038                sw_delay_s
                0x0c104090                timer3_start
                0x0c104140                timer3_stop
                0x0c104194                timer3_start_timeout
                0x0c10424c                timer3_timeout
                0x0c104288                timer0_open_tick
                0x0c1044d4                timer0_open_ms
                0x0c1045e8                timer0_close
 .text          0x0c104680      0x544 ../../BSP/Debug\libBSP.a(uart.o)
                0x0c104680                uart0_init
                0x0c1046e4                uart0_putchar
                0x0c104734                uart0_getchar
                0x0c10477c                uart0_puts
                0x0c1047e4                uart0_putint
                0x0c104914                uart0_puthex
                0x0c1049cc                uart0_gets
                0x0c104a3c                uart0_getint
                0x0c104b10                uart0_gethex
 .text          0x0c104bc4        0x0 ../../BSP/Debug\libBSP.a(font8x16.o)
 .text          0x0c104bc4      0x114 d:/programillasuni/eclipsearm/sourcery-g++-lite-arm-2011.03/bin/../lib/gcc/arm-none-eabi/4.5.2\libgcc.a(_udivsi3.o)
                0x0c104bc4                __aeabi_uidiv
                0x0c104bc4                __udivsi3
                0x0c104cb8                __aeabi_uidivmod
 .text          0x0c104cd8        0x4 d:/programillasuni/eclipsearm/sourcery-g++-lite-arm-2011.03/bin/../lib/gcc/arm-none-eabi/4.5.2\libgcc.a(_dvmd_tls.o)
                0x0c104cd8                __aeabi_idiv0
                0x0c104cd8                __aeabi_ldiv0
 .text          0x0c104cdc       0x3c d:/programillasuni/eclipsearm/sourcery-g++-lite-arm-2011.03/bin/../lib/gcc/arm-none-eabi/4.5.2\libgcc.a(_aeabi_uldivmod.o)
                0x0c104cdc                __aeabi_uldivmod
 .text          0x0c104d18       0x80 d:/programillasuni/eclipsearm/sourcery-g++-lite-arm-2011.03/bin/../lib/gcc/arm-none-eabi/4.5.2\libgcc.a(bpabi.o)
                0x0c104d18                __gnu_ldivmod_helper
                0x0c104d58                __gnu_uldivmod_helper
 .text          0x0c104d98      0x4a8 d:/programillasuni/eclipsearm/sourcery-g++-lite-arm-2011.03/bin/../lib/gcc/arm-none-eabi/4.5.2\libgcc.a(_divdi3.o)
                0x0c104d98                __divdi3
 .text          0x0c105240      0x434 d:/programillasuni/eclipsearm/sourcery-g++-lite-arm-2011.03/bin/../lib/gcc/arm-none-eabi/4.5.2\libgcc.a(_udivdi3.o)
                0x0c105240                __udivdi3
 .text          0x0c105674       0x48 d:/programillasuni/eclipsearm/sourcery-g++-lite-arm-2011.03/bin/../lib/gcc/arm-none-eabi/4.5.2\libgcc.a(_clzsi2.o)
                0x0c105674                __clzsi2

.glue_7         0x0c1056bc        0x0
 .glue_7        0x00000000        0x0 linker stubs

.glue_7t        0x0c1056bc        0x0
 .glue_7t       0x00000000        0x0 linker stubs

.vfp11_veneer   0x0c1056bc        0x0
 .vfp11_veneer  0x00000000        0x0 linker stubs

.v4_bx          0x0c1056bc        0x0
 .v4_bx         0x00000000        0x0 linker stubs

.rodata         0x0c1056bc     0x17e4
 *(.rodata)
 .rodata        0x0c1056bc      0x194 ./lab12-foreback.o
 .rodata        0x0c105850       0x10 ../../BSP/Debug\libBSP.a(segs.o)
 .rodata        0x0c105860      0x640 ../../BSP/Debug\libBSP.a(system.o)
 .rodata        0x0c105ea0     0x1000 ../../BSP/Debug\libBSP.a(font8x16.o)
                0x0c105ea0                font

.ARM.extab      0x0c106ea0        0x0
 .ARM.extab     0x0c106ea0        0x0 d:/programillasuni/eclipsearm/sourcery-g++-lite-arm-2011.03/bin/../lib/gcc/arm-none-eabi/4.5.2\libgcc.a(_divdi3.o)
 .ARM.extab     0x0c106ea0        0x0 d:/programillasuni/eclipsearm/sourcery-g++-lite-arm-2011.03/bin/../lib/gcc/arm-none-eabi/4.5.2\libgcc.a(_udivdi3.o)

.ARM.exidx      0x0c106ea0        0x8
 .ARM.exidx     0x0c106ea0        0x8 d:/programillasuni/eclipsearm/sourcery-g++-lite-arm-2011.03/bin/../lib/gcc/arm-none-eabi/4.5.2\libgcc.a(_divdi3.o)
 .ARM.exidx     0x0c106ea8        0x0 d:/programillasuni/eclipsearm/sourcery-g++-lite-arm-2011.03/bin/../lib/gcc/arm-none-eabi/4.5.2\libgcc.a(_udivdi3.o)
                                  0x8 (size before relaxing)

.data           0x0c106ea8       0x12
 *(.data)
 .data          0x0c106ea8       0x12 ./lab12-foreback.o
 .data          0x0c106eba        0x0 ../../BSP/Debug\libBSP.a(keypad.o)
 .data          0x0c106eba        0x0 ../../BSP/Debug\libBSP.a(lcd.o)
 .data          0x0c106eba        0x0 ../../BSP/Debug\libBSP.a(leds.o)
 .data          0x0c106eba        0x0 ../../BSP/Debug\libBSP.a(pbs.o)
 .data          0x0c106eba        0x0 ../../BSP/Debug\libBSP.a(rtc.o)
 .data          0x0c106eba        0x0 ../../BSP/Debug\libBSP.a(segs.o)
 .data          0x0c106eba        0x0 ../../BSP/Debug\libBSP.a(system.o)
 .data          0x0c106eba        0x0 ../../BSP/Debug\libBSP.a(timers.o)
 .data          0x0c106eba        0x0 ../../BSP/Debug\libBSP.a(uart.o)
 .data          0x0c106eba        0x0 ../../BSP/Debug\libBSP.a(font8x16.o)
 .data          0x0c106eba        0x0 d:/programillasuni/eclipsearm/sourcery-g++-lite-arm-2011.03/bin/../lib/gcc/arm-none-eabi/4.5.2\libgcc.a(_udivsi3.o)
 .data          0x0c106eba        0x0 d:/programillasuni/eclipsearm/sourcery-g++-lite-arm-2011.03/bin/../lib/gcc/arm-none-eabi/4.5.2\libgcc.a(_dvmd_tls.o)
 .data          0x0c106eba        0x0 d:/programillasuni/eclipsearm/sourcery-g++-lite-arm-2011.03/bin/../lib/gcc/arm-none-eabi/4.5.2\libgcc.a(_aeabi_uldivmod.o)
 .data          0x0c106eba        0x0 d:/programillasuni/eclipsearm/sourcery-g++-lite-arm-2011.03/bin/../lib/gcc/arm-none-eabi/4.5.2\libgcc.a(bpabi.o)
 .data          0x0c106eba        0x0 d:/programillasuni/eclipsearm/sourcery-g++-lite-arm-2011.03/bin/../lib/gcc/arm-none-eabi/4.5.2\libgcc.a(_divdi3.o)
 .data          0x0c106eba        0x0 d:/programillasuni/eclipsearm/sourcery-g++-lite-arm-2011.03/bin/../lib/gcc/arm-none-eabi/4.5.2\libgcc.a(_udivdi3.o)
 .data          0x0c106eba        0x0 d:/programillasuni/eclipsearm/sourcery-g++-lite-arm-2011.03/bin/../lib/gcc/arm-none-eabi/4.5.2\libgcc.a(_clzsi2.o)

.bss            0x0c106ebc     0x9624
 *(.bss)
 .bss           0x0c106ebc        0xc ./lab12-foreback.o
 .bss           0x0c106ec8        0x0 ../../BSP/Debug\libBSP.a(keypad.o)
 .bss           0x0c106ec8        0x1 ../../BSP/Debug\libBSP.a(lcd.o)
 .bss           0x0c106ec9        0x0 ../../BSP/Debug\libBSP.a(leds.o)
 .bss           0x0c106ec9        0x0 ../../BSP/Debug\libBSP.a(pbs.o)
 .bss           0x0c106ec9        0x0 ../../BSP/Debug\libBSP.a(rtc.o)
 .bss           0x0c106ec9        0x1 ../../BSP/Debug\libBSP.a(segs.o)
 .bss           0x0c106eca        0x0 ../../BSP/Debug\libBSP.a(system.o)
 *fill*         0x0c106eca        0x2 00
 .bss           0x0c106ecc        0x8 ../../BSP/Debug\libBSP.a(timers.o)
 .bss           0x0c106ed4        0x0 ../../BSP/Debug\libBSP.a(uart.o)
 .bss           0x0c106ed4        0x0 ../../BSP/Debug\libBSP.a(font8x16.o)
 .bss           0x0c106ed4        0x0 d:/programillasuni/eclipsearm/sourcery-g++-lite-arm-2011.03/bin/../lib/gcc/arm-none-eabi/4.5.2\libgcc.a(_udivsi3.o)
 .bss           0x0c106ed4        0x0 d:/programillasuni/eclipsearm/sourcery-g++-lite-arm-2011.03/bin/../lib/gcc/arm-none-eabi/4.5.2\libgcc.a(_dvmd_tls.o)
 .bss           0x0c106ed4        0x0 d:/programillasuni/eclipsearm/sourcery-g++-lite-arm-2011.03/bin/../lib/gcc/arm-none-eabi/4.5.2\libgcc.a(_aeabi_uldivmod.o)
 .bss           0x0c106ed4        0x0 d:/programillasuni/eclipsearm/sourcery-g++-lite-arm-2011.03/bin/../lib/gcc/arm-none-eabi/4.5.2\libgcc.a(bpabi.o)
 .bss           0x0c106ed4        0x0 d:/programillasuni/eclipsearm/sourcery-g++-lite-arm-2011.03/bin/../lib/gcc/arm-none-eabi/4.5.2\libgcc.a(_divdi3.o)
 .bss           0x0c106ed4        0x0 d:/programillasuni/eclipsearm/sourcery-g++-lite-arm-2011.03/bin/../lib/gcc/arm-none-eabi/4.5.2\libgcc.a(_udivdi3.o)
 .bss           0x0c106ed4        0x0 d:/programillasuni/eclipsearm/sourcery-g++-lite-arm-2011.03/bin/../lib/gcc/arm-none-eabi/4.5.2\libgcc.a(_clzsi2.o)
 COMMON         0x0c106ed4        0x9 ./lab12-foreback.o
                0x0c106ed4                scancode
                0x0c106ed5                flagTask5
                0x0c106ed6                flagTask6
                0x0c106ed7                flagReadKeypad
                0x0c106ed8                flagPb
                0x0c106ed9                flagToggleLeds
                0x0c106eda                flagWriteTicks
                0x0c106edb                flagWriteRTC
                0x0c106edc                flagTask8
 *fill*         0x0c106edd        0x3 00
 COMMON         0x0c106ee0     0x9600 ../../BSP/Debug\libBSP.a(lcd.o)
                0x0c106ee0                lcd_buffer
                0x0c1104e0                end = .
OUTPUT(lab12-foreback.elf elf32-littlearm)

.debug_abbrev   0x00000000      0x954
 .debug_abbrev  0x00000000      0x12d ./lab12-foreback.o
 .debug_abbrev  0x0000012d       0xe9 ../../BSP/Debug\libBSP.a(keypad.o)
 .debug_abbrev  0x00000216      0x160 ../../BSP/Debug\libBSP.a(lcd.o)
 .debug_abbrev  0x00000376       0x8b ../../BSP/Debug\libBSP.a(leds.o)
 .debug_abbrev  0x00000401       0xc3 ../../BSP/Debug\libBSP.a(pbs.o)
 .debug_abbrev  0x000004c4       0xbe ../../BSP/Debug\libBSP.a(rtc.o)
 .debug_abbrev  0x00000582       0xb3 ../../BSP/Debug\libBSP.a(segs.o)
 .debug_abbrev  0x00000635       0xeb ../../BSP/Debug\libBSP.a(system.o)
 .debug_abbrev  0x00000720       0xdd ../../BSP/Debug\libBSP.a(timers.o)
 .debug_abbrev  0x000007fd       0xf4 ../../BSP/Debug\libBSP.a(uart.o)
 .debug_abbrev  0x000008f1       0x63 ../../BSP/Debug\libBSP.a(font8x16.o)

.debug_info     0x00000000     0x1e24
 .debug_info    0x00000000      0x4bd ./lab12-foreback.o
 .debug_info    0x000004bd      0x1d0 ../../BSP/Debug\libBSP.a(keypad.o)
 .debug_info    0x0000068d      0x7d7 ../../BSP/Debug\libBSP.a(lcd.o)
 .debug_info    0x00000e64      0x12d ../../BSP/Debug\libBSP.a(leds.o)
 .debug_info    0x00000f91      0x1b3 ../../BSP/Debug\libBSP.a(pbs.o)
 .debug_info    0x00001144      0x1ac ../../BSP/Debug\libBSP.a(rtc.o)
 .debug_info    0x000012f0      0x10d ../../BSP/Debug\libBSP.a(segs.o)
 .debug_info    0x000013fd      0x426 ../../BSP/Debug\libBSP.a(system.o)
 .debug_info    0x00001823      0x2c7 ../../BSP/Debug\libBSP.a(timers.o)
 .debug_info    0x00001aea      0x2a5 ../../BSP/Debug\libBSP.a(uart.o)
 .debug_info    0x00001d8f       0x95 ../../BSP/Debug\libBSP.a(font8x16.o)

.debug_line     0x00000000      0xd35
 .debug_line    0x00000000      0x19b ./lab12-foreback.o
 .debug_line    0x0000019b      0x12b ../../BSP/Debug\libBSP.a(keypad.o)
 .debug_line    0x000002c6      0x240 ../../BSP/Debug\libBSP.a(lcd.o)
 .debug_line    0x00000506       0x89 ../../BSP/Debug\libBSP.a(leds.o)
 .debug_line    0x0000058f      0x109 ../../BSP/Debug\libBSP.a(pbs.o)
 .debug_line    0x00000698       0xe6 ../../BSP/Debug\libBSP.a(rtc.o)
 .debug_line    0x0000077e       0x93 ../../BSP/Debug\libBSP.a(segs.o)
 .debug_line    0x00000811      0x233 ../../BSP/Debug\libBSP.a(system.o)
 .debug_line    0x00000a44      0x18f ../../BSP/Debug\libBSP.a(timers.o)
 .debug_line    0x00000bd3      0x10c ../../BSP/Debug\libBSP.a(uart.o)
 .debug_line    0x00000cdf       0x56 ../../BSP/Debug\libBSP.a(font8x16.o)

.debug_macinfo  0x00000000    0x31bab
 .debug_macinfo
                0x00000000     0x55a1 ./lab12-foreback.o
 .debug_macinfo
                0x000055a1     0x4eba ../../BSP/Debug\libBSP.a(keypad.o)
 .debug_macinfo
                0x0000a45b     0x43db ../../BSP/Debug\libBSP.a(lcd.o)
 .debug_macinfo
                0x0000e836     0x432c ../../BSP/Debug\libBSP.a(leds.o)
 .debug_macinfo
                0x00012b62     0x4d91 ../../BSP/Debug\libBSP.a(pbs.o)
 .debug_macinfo
                0x000178f3     0x4cee ../../BSP/Debug\libBSP.a(rtc.o)
 .debug_macinfo
                0x0001c5e1     0x4d01 ../../BSP/Debug\libBSP.a(segs.o)
 .debug_macinfo
                0x000212e2     0x5568 ../../BSP/Debug\libBSP.a(system.o)
 .debug_macinfo
                0x0002684a     0x4d1b ../../BSP/Debug\libBSP.a(timers.o)
 .debug_macinfo
                0x0002b565     0x430d ../../BSP/Debug\libBSP.a(uart.o)
 .debug_macinfo
                0x0002f872     0x2339 ../../BSP/Debug\libBSP.a(font8x16.o)

.debug_loc      0x00000000     0x1524
 .debug_loc     0x00000000      0x210 ./lab12-foreback.o
 .debug_loc     0x00000210      0x160 ../../BSP/Debug\libBSP.a(keypad.o)
 .debug_loc     0x00000370      0x344 ../../BSP/Debug\libBSP.a(lcd.o)
 .debug_loc     0x000006b4       0xdc ../../BSP/Debug\libBSP.a(leds.o)
 .debug_loc     0x00000790      0x160 ../../BSP/Debug\libBSP.a(pbs.o)
 .debug_loc     0x000008f0       0xdc ../../BSP/Debug\libBSP.a(rtc.o)
 .debug_loc     0x000009cc       0xb0 ../../BSP/Debug\libBSP.a(segs.o)
 .debug_loc     0x00000a7c      0x688 ../../BSP/Debug\libBSP.a(system.o)
 .debug_loc     0x00001104      0x294 ../../BSP/Debug\libBSP.a(timers.o)
 .debug_loc     0x00001398      0x18c ../../BSP/Debug\libBSP.a(uart.o)

.debug_pubnames
                0x00000000      0x90f
 .debug_pubnames
                0x00000000      0x119 ./lab12-foreback.o
 .debug_pubnames
                0x00000119       0xab ../../BSP/Debug\libBSP.a(keypad.o)
 .debug_pubnames
                0x000001c4      0x152 ../../BSP/Debug\libBSP.a(lcd.o)
 .debug_pubnames
                0x00000316       0x55 ../../BSP/Debug\libBSP.a(leds.o)
 .debug_pubnames
                0x0000036b       0x8e ../../BSP/Debug\libBSP.a(pbs.o)
 .debug_pubnames
                0x000003f9       0x5a ../../BSP/Debug\libBSP.a(rtc.o)
 .debug_pubnames
                0x00000453       0x4e ../../BSP/Debug\libBSP.a(segs.o)
 .debug_pubnames
                0x000004a1      0x29d ../../BSP/Debug\libBSP.a(system.o)
 .debug_pubnames
                0x0000073e      0x10f ../../BSP/Debug\libBSP.a(timers.o)
 .debug_pubnames
                0x0000084d       0xa7 ../../BSP/Debug\libBSP.a(uart.o)
 .debug_pubnames
                0x000008f4       0x1b ../../BSP/Debug\libBSP.a(font8x16.o)

.debug_pubtypes
                0x00000000      0x223
 .debug_pubtypes
                0x00000000       0x4d ./lab12-foreback.o
 .debug_pubtypes
                0x0000004d       0x32 ../../BSP/Debug\libBSP.a(keypad.o)
 .debug_pubtypes
                0x0000007f       0x3c ../../BSP/Debug\libBSP.a(lcd.o)
 .debug_pubtypes
                0x000000bb       0x27 ../../BSP/Debug\libBSP.a(leds.o)
 .debug_pubtypes
                0x000000e2       0x32 ../../BSP/Debug\libBSP.a(pbs.o)
 .debug_pubtypes
                0x00000114       0x36 ../../BSP/Debug\libBSP.a(rtc.o)
 .debug_pubtypes
                0x0000014a       0x1c ../../BSP/Debug\libBSP.a(segs.o)
 .debug_pubtypes
                0x00000166       0x27 ../../BSP/Debug\libBSP.a(system.o)
 .debug_pubtypes
                0x0000018d       0x3d ../../BSP/Debug\libBSP.a(timers.o)
 .debug_pubtypes
                0x000001ca       0x3d ../../BSP/Debug\libBSP.a(uart.o)
 .debug_pubtypes
                0x00000207       0x1c ../../BSP/Debug\libBSP.a(font8x16.o)

.debug_aranges  0x00000000      0x140
 .debug_aranges
                0x00000000       0x20 ./lab12-foreback.o
 .debug_aranges
                0x00000020       0x20 ../../BSP/Debug\libBSP.a(keypad.o)
 .debug_aranges
                0x00000040       0x20 ../../BSP/Debug\libBSP.a(lcd.o)
 .debug_aranges
                0x00000060       0x20 ../../BSP/Debug\libBSP.a(leds.o)
 .debug_aranges
                0x00000080       0x20 ../../BSP/Debug\libBSP.a(pbs.o)
 .debug_aranges
                0x000000a0       0x20 ../../BSP/Debug\libBSP.a(rtc.o)
 .debug_aranges
                0x000000c0       0x20 ../../BSP/Debug\libBSP.a(segs.o)
 .debug_aranges
                0x000000e0       0x20 ../../BSP/Debug\libBSP.a(system.o)
 .debug_aranges
                0x00000100       0x20 ../../BSP/Debug\libBSP.a(timers.o)
 .debug_aranges
                0x00000120       0x20 ../../BSP/Debug\libBSP.a(uart.o)

.debug_str      0x00000000      0x937
 .debug_str     0x00000000      0x1e7 ./lab12-foreback.o
                                0x222 (size before relaxing)
 .debug_str     0x000001e7       0xc2 ../../BSP/Debug\libBSP.a(keypad.o)
                                0x154 (size before relaxing)
 .debug_str     0x000002a9      0x150 ../../BSP/Debug\libBSP.a(lcd.o)
                                0x21f (size before relaxing)
 .debug_str     0x000003f9       0x3d ../../BSP/Debug\libBSP.a(leds.o)
                                 0xee (size before relaxing)
 .debug_str     0x00000436       0x69 ../../BSP/Debug\libBSP.a(pbs.o)
                                0x12a (size before relaxing)
 .debug_str     0x0000049f       0x4c ../../BSP/Debug\libBSP.a(rtc.o)
                                0x125 (size before relaxing)
 .debug_str     0x000004eb       0x43 ../../BSP/Debug\libBSP.a(segs.o)
                                 0xf3 (size before relaxing)
 .debug_str     0x0000052e      0x26a ../../BSP/Debug\libBSP.a(system.o)
                                0x31b (size before relaxing)
 .debug_str     0x00000798       0xf9 ../../BSP/Debug\libBSP.a(timers.o)
                                0x1b6 (size before relaxing)
 .debug_str     0x00000891       0x94 ../../BSP/Debug\libBSP.a(uart.o)
                                0x158 (size before relaxing)
 .debug_str     0x00000925       0x12 ../../BSP/Debug\libBSP.a(font8x16.o)
                                 0xc1 (size before relaxing)

.comment        0x00000000       0x2a
 .comment       0x00000000       0x2a ./lab12-foreback.o
                                 0x2b (size before relaxing)
 .comment       0x00000000       0x2b ../../BSP/Debug\libBSP.a(keypad.o)
 .comment       0x00000000       0x2b ../../BSP/Debug\libBSP.a(lcd.o)
 .comment       0x00000000       0x2b ../../BSP/Debug\libBSP.a(leds.o)
 .comment       0x00000000       0x2b ../../BSP/Debug\libBSP.a(pbs.o)
 .comment       0x00000000       0x2b ../../BSP/Debug\libBSP.a(rtc.o)
 .comment       0x00000000       0x2b ../../BSP/Debug\libBSP.a(segs.o)
 .comment       0x00000000       0x2b ../../BSP/Debug\libBSP.a(system.o)
 .comment       0x00000000       0x2b ../../BSP/Debug\libBSP.a(timers.o)
 .comment       0x00000000       0x2b ../../BSP/Debug\libBSP.a(uart.o)
 .comment       0x00000000       0x2b ../../BSP/Debug\libBSP.a(font8x16.o)

.ARM.attributes
                0x00000000       0x32
 .ARM.attributes
                0x00000000       0x32 ./lab12-foreback.o
 .ARM.attributes
                0x00000032       0x32 ../../BSP/Debug\libBSP.a(keypad.o)
 .ARM.attributes
                0x00000064       0x32 ../../BSP/Debug\libBSP.a(lcd.o)
 .ARM.attributes
                0x00000096       0x32 ../../BSP/Debug\libBSP.a(leds.o)
 .ARM.attributes
                0x000000c8       0x32 ../../BSP/Debug\libBSP.a(pbs.o)
 .ARM.attributes
                0x000000fa       0x32 ../../BSP/Debug\libBSP.a(rtc.o)
 .ARM.attributes
                0x0000012c       0x32 ../../BSP/Debug\libBSP.a(segs.o)
 .ARM.attributes
                0x0000015e       0x32 ../../BSP/Debug\libBSP.a(system.o)
 .ARM.attributes
                0x00000190       0x32 ../../BSP/Debug\libBSP.a(timers.o)
 .ARM.attributes
                0x000001c2       0x32 ../../BSP/Debug\libBSP.a(uart.o)
 .ARM.attributes
                0x000001f4       0x32 ../../BSP/Debug\libBSP.a(font8x16.o)
 .ARM.attributes
                0x00000226       0x1a d:/programillasuni/eclipsearm/sourcery-g++-lite-arm-2011.03/bin/../lib/gcc/arm-none-eabi/4.5.2\libgcc.a(_udivsi3.o)
 .ARM.attributes
                0x00000240       0x18 d:/programillasuni/eclipsearm/sourcery-g++-lite-arm-2011.03/bin/../lib/gcc/arm-none-eabi/4.5.2\libgcc.a(_dvmd_tls.o)
 .ARM.attributes
                0x00000258       0x1a d:/programillasuni/eclipsearm/sourcery-g++-lite-arm-2011.03/bin/../lib/gcc/arm-none-eabi/4.5.2\libgcc.a(_aeabi_uldivmod.o)
 .ARM.attributes
                0x00000272       0x34 d:/programillasuni/eclipsearm/sourcery-g++-lite-arm-2011.03/bin/../lib/gcc/arm-none-eabi/4.5.2\libgcc.a(bpabi.o)
 .ARM.attributes
                0x000002a6       0x34 d:/programillasuni/eclipsearm/sourcery-g++-lite-arm-2011.03/bin/../lib/gcc/arm-none-eabi/4.5.2\libgcc.a(_divdi3.o)
 .ARM.attributes
                0x000002da       0x34 d:/programillasuni/eclipsearm/sourcery-g++-lite-arm-2011.03/bin/../lib/gcc/arm-none-eabi/4.5.2\libgcc.a(_udivdi3.o)
 .ARM.attributes
                0x0000030e       0x1a d:/programillasuni/eclipsearm/sourcery-g++-lite-arm-2011.03/bin/../lib/gcc/arm-none-eabi/4.5.2\libgcc.a(_clzsi2.o)

.debug_frame    0x00000000     0x1274
 .debug_frame   0x00000000      0x1a0 ./lab12-foreback.o
 .debug_frame   0x000001a0      0x110 ../../BSP/Debug\libBSP.a(keypad.o)
 .debug_frame   0x000002b0      0x270 ../../BSP/Debug\libBSP.a(lcd.o)
 .debug_frame   0x00000520       0xb0 ../../BSP/Debug\libBSP.a(leds.o)
 .debug_frame   0x000005d0      0x110 ../../BSP/Debug\libBSP.a(pbs.o)
 .debug_frame   0x000006e0       0xb0 ../../BSP/Debug\libBSP.a(rtc.o)
 .debug_frame   0x00000790       0x90 ../../BSP/Debug\libBSP.a(segs.o)
 .debug_frame   0x00000820      0x644 ../../BSP/Debug\libBSP.a(system.o)
 .debug_frame   0x00000e64      0x1f8 ../../BSP/Debug\libBSP.a(timers.o)
 .debug_frame   0x0000105c      0x130 ../../BSP/Debug\libBSP.a(uart.o)
 .debug_frame   0x0000118c       0x20 d:/programillasuni/eclipsearm/sourcery-g++-lite-arm-2011.03/bin/../lib/gcc/arm-none-eabi/4.5.2\libgcc.a(_udivsi3.o)
 .debug_frame   0x000011ac       0x50 d:/programillasuni/eclipsearm/sourcery-g++-lite-arm-2011.03/bin/../lib/gcc/arm-none-eabi/4.5.2\libgcc.a(bpabi.o)
 .debug_frame   0x000011fc       0x3c d:/programillasuni/eclipsearm/sourcery-g++-lite-arm-2011.03/bin/../lib/gcc/arm-none-eabi/4.5.2\libgcc.a(_divdi3.o)
 .debug_frame   0x00001238       0x3c d:/programillasuni/eclipsearm/sourcery-g++-lite-arm-2011.03/bin/../lib/gcc/arm-none-eabi/4.5.2\libgcc.a(_udivdi3.o)
