Archive member included because of file (symbol)

../../BSP/Debug\libBSP.a(keypad.o)
                              ./lab13.o (keypad_scan)
../../BSP/Debug\libBSP.a(lcd.o)
                              ./lab13.o (lcd_init)
../../BSP/Debug\libBSP.a(leds.o)
                              ./lab13.o (leds_init)
../../BSP/Debug\libBSP.a(pbs.o)
                              ./lab13.o (pbs_init)
../../BSP/Debug\libBSP.a(rtc.o)
                              ./lab13.o (rtc_init)
../../BSP/Debug\libBSP.a(segs.o)
                              ./lab13.o (segs_init)
../../BSP/Debug\libBSP.a(system.o)
                              ./lab13.o (sys_init)
../../BSP/Debug\libBSP.a(timers.o)
                              ./lab13.o (timers_init)
../../BSP/Debug\libBSP.a(uart.o)
                              ./lab13.o (uart0_init)
../../BSP/Debug\libBSP.a(font8x16.o)
                              ../../BSP/Debug\libBSP.a(lcd.o) (font)
d:/programillasuni/eclipsearm/sourcery-g++-lite-arm-2011.03/bin/../lib/gcc/arm-none-eabi/4.5.2\libgcc.a(_udivsi3.o)
                              ../../BSP/Debug\libBSP.a(timers.o) (__aeabi_uidiv)
d:/programillasuni/eclipsearm/sourcery-g++-lite-arm-2011.03/bin/../lib/gcc/arm-none-eabi/4.5.2\libgcc.a(_dvmd_tls.o)
                              d:/programillasuni/eclipsearm/sourcery-g++-lite-arm-2011.03/bin/../lib/gcc/arm-none-eabi/4.5.2\libgcc.a(_udivsi3.o) (__aeabi_idiv0)
d:/programillasuni/eclipsearm/sourcery-g++-lite-arm-2011.03/bin/../lib/gcc/arm-none-eabi/4.5.2\libgcc.a(_aeabi_uldivmod.o)
                              ../../BSP/Debug\libBSP.a(timers.o) (__aeabi_uldivmod)
d:/programillasuni/eclipsearm/sourcery-g++-lite-arm-2011.03/bin/../lib/gcc/arm-none-eabi/4.5.2\libgcc.a(bpabi.o)
                              d:/programillasuni/eclipsearm/sourcery-g++-lite-arm-2011.03/bin/../lib/gcc/arm-none-eabi/4.5.2\libgcc.a(_aeabi_uldivmod.o) (__gnu_uldivmod_helper)
d:/programillasuni/eclipsearm/sourcery-g++-lite-arm-2011.03/bin/../lib/gcc/arm-none-eabi/4.5.2\libgcc.a(_divdi3.o)
                              d:/programillasuni/eclipsearm/sourcery-g++-lite-arm-2011.03/bin/../lib/gcc/arm-none-eabi/4.5.2\libgcc.a(bpabi.o) (__divdi3)
d:/programillasuni/eclipsearm/sourcery-g++-lite-arm-2011.03/bin/../lib/gcc/arm-none-eabi/4.5.2\libgcc.a(_udivdi3.o)
                              d:/programillasuni/eclipsearm/sourcery-g++-lite-arm-2011.03/bin/../lib/gcc/arm-none-eabi/4.5.2\libgcc.a(bpabi.o) (__udivdi3)
d:/programillasuni/eclipsearm/sourcery-g++-lite-arm-2011.03/bin/../lib/gcc/arm-none-eabi/4.5.2\libgcc.a(_clzsi2.o)
                              d:/programillasuni/eclipsearm/sourcery-g++-lite-arm-2011.03/bin/../lib/gcc/arm-none-eabi/4.5.2\libgcc.a(_divdi3.o) (__clzsi2)

Allocating common symbols
Common symbol       size              file

scancode            0x1               ./lab13.o
lcd_buffer          0x9600            ../../BSP/Debug\libBSP.a(lcd.o)
flagTask5           0x1               ./lab13.o
flagTask6           0x1               ./lab13.o
flagPb              0x1               ./lab13.o
flagTask8           0x1               ./lab13.o

Memory Configuration

Name             Origin             Length             Attributes
*default*        0x00000000         0xffffffff

Linker script and memory map

LOAD ./kernelcoop.o
LOAD ./lab13.o
LOAD ../../BSP/Debug\libBSP.a
START GROUP
LOAD d:/programillasuni/eclipsearm/sourcery-g++-lite-arm-2011.03/bin/../lib/gcc/arm-none-eabi/4.5.2\libgcc.a
LOAD d:/programillasuni/eclipsearm/sourcery-g++-lite-arm-2011.03/bin/../lib/gcc/arm-none-eabi/4.5.2/../../../../arm-none-eabi/lib\libc.a
END GROUP
                0x0c100000                . = 0xc100000

.text           0x0c100000     0x5848
 *(.text)
 .text          0x0c100000      0x388 ./kernelcoop.o
                0x0c100000                delete_task
                0x0c100094                create_task
                0x0c100178                scheduler_init
                0x0c1001c0                scheduler
                0x0c1002ec                dispacher
 .text          0x0c100388      0x754 ./lab13.o
                0x0c100388                main
                0x0c1004d4                Task1
                0x0c10053c                Task2
                0x0c100668                Task3
                0x0c10070c                Task4
                0x0c1007a0                Task5
                0x0c100834                Task6
                0x0c1008b0                Task7
                0x0c100928                Task8
                0x0c1009dc                Task9
                0x0c100a8c                isr_pb
 .text          0x0c100adc      0x518 ../../BSP/Debug\libBSP.a(keypad.o)
                0x0c100adc                keypad_scan
                0x0c100d00                keypad_pressed
                0x0c100d34                keypad_open
                0x0c100da4                keypad_close
                0x0c100de8                keypad_init
                0x0c100e04                keypad_getchar
                0x0c100e7c                keypad_getchartime
                0x0c100f20                keypad_timeout_getchar
 .text          0x0c100ff4     0x1240 ../../BSP/Debug\libBSP.a(lcd.o)
                0x0c100ff4                lcd_init
                0x0c101178                lcd_on
                0x0c1011b4                lcd_off
                0x0c1011f0                lcd_status
                0x0c101218                lcd_clear
                0x0c10129c                lcd_putpixel
                0x0c101388                lcd_getpixel
                0x0c101438                lcd_draw_hline
                0x0c1014d8                lcd_draw_vline
                0x0c101578                lcd_draw_box
                0x0c101624                lcd_putchar
                0x0c101778                lcd_puts
                0x0c1017ec                lcd_putint
                0x0c101920                lcd_puthex
                0x0c101a00                lcd_putchar_x2
                0x0c101e50                lcd_puts_x2
                0x0c101ec4                lcd_putint_x2
                0x0c101ff8                lcd_puthex_x2
                0x0c1020d8                lcd_putWallpaper
 .text          0x0c102234      0x164 ../../BSP/Debug\libBSP.a(leds.o)
                0x0c102234                leds_init
                0x0c102274                led_on
                0x0c1022bc                led_off
                0x0c102300                led_toggle
                0x0c102344                led_status
 .text          0x0c102398      0x354 ../../BSP/Debug\libBSP.a(pbs.o)
                0x0c102398                pbs_init
                0x0c1023b4                pb_scan
                0x0c102410                pb_pressed
                0x0c102444                pb_getchar
                0x0c1024ac                pb_getchartime
                0x0c102550                pb_timeout_getchar
                0x0c102638                pbs_open
                0x0c1026a8                pbs_close
 .text          0x0c1026ec      0x880 ../../BSP/Debug\libBSP.a(rtc.o)
                0x0c1026ec                rtc_init
                0x0c102830                rtc_puttime
                0x0c102aa4                rtc_gettime
                0x0c102ea4                rtc_open
                0x0c102f18                rtc_close
 .text          0x0c102f6c       0xd4 ../../BSP/Debug\libBSP.a(segs.o)
                0x0c102f6c                segs_init
                0x0c102f88                segs_off
                0x0c102fc0                segs_putchar
                0x0c103018                segs_status
 .text          0x0c103040      0xd60 ../../BSP/Debug\libBSP.a(system.o)
                0x0c103040                sys_init
                0x0c103318                isr_SWI_dummy
                0x0c103344                isr_UNDEF_dummy
                0x0c103370                isr_IRQ_dummy
                0x0c10339c                isr_FIQ_dummy
                0x0c1033c8                isr_PABORT_dummy
                0x0c1033f4                isr_DABORT_dummy
                0x0c103420                isr_ADC_dummy
                0x0c10344c                isr_RTC_dummy
                0x0c103478                isr_UTXD1_dummy
                0x0c1034a4                isr_UTXD0_dummy
                0x0c1034d0                isr_SIO_dummy
                0x0c1034fc                isr_IIC_dummy
                0x0c103528                isr_URXD1_dummy
                0x0c103554                isr_URXD0_dummy
                0x0c103580                isr_TIMER5_dummy
                0x0c1035ac                isr_TIMER4_dummy
                0x0c1035d8                isr_TIMER3_dummy
                0x0c103604                isr_TIMER2_dummy
                0x0c103630                isr_TIMER1_dummy
                0x0c10365c                isr_TIMER0_dummy
                0x0c103688                isr_UERR01_dummy
                0x0c1036b4                isr_WDT_dummy
                0x0c1036e0                isr_BDMA1_dummy
                0x0c10370c                isr_BDMA0_dummy
                0x0c103738                isr_ZDMA1_dummy
                0x0c103764                isr_ZDMA0_dummy
                0x0c103790                isr_TICK_dummy
                0x0c1037b8                isr_PB_dummy
                0x0c1037e4                isr_ETHERNET_dummy
                0x0c103810                isr_TS_dummy
                0x0c10383c                isr_KEYPAD_dummy
                0x0c103868                isr_USB_dummy
                0x0c103b50                sleep
 .text          0x0c103da0      0xa6c ../../BSP/Debug\libBSP.a(timers.o)
                0x0c103da0                timers_init
                0x0c103f60                wait_for_1s
                0x0c104024                wait_for_1ms
                0x0c1040e4                timer3_delay_ms
                0x0c104128                sw_delay_ms
                0x0c104180                timer3_delay_s
                0x0c1041c4                sw_delay_s
                0x0c10421c                timer3_start
                0x0c1042cc                timer3_stop
                0x0c104320                timer3_start_timeout
                0x0c1043d8                timer3_timeout
                0x0c104414                timer0_open_tick
                0x0c104660                timer0_open_ms
                0x0c104774                timer0_close
 .text          0x0c10480c      0x544 ../../BSP/Debug\libBSP.a(uart.o)
                0x0c10480c                uart0_init
                0x0c104870                uart0_putchar
                0x0c1048c0                uart0_getchar
                0x0c104908                uart0_puts
                0x0c104970                uart0_putint
                0x0c104aa0                uart0_puthex
                0x0c104b58                uart0_gets
                0x0c104bc8                uart0_getint
                0x0c104c9c                uart0_gethex
 .text          0x0c104d50        0x0 ../../BSP/Debug\libBSP.a(font8x16.o)
 .text          0x0c104d50      0x114 d:/programillasuni/eclipsearm/sourcery-g++-lite-arm-2011.03/bin/../lib/gcc/arm-none-eabi/4.5.2\libgcc.a(_udivsi3.o)
                0x0c104d50                __aeabi_uidiv
                0x0c104d50                __udivsi3
                0x0c104e44                __aeabi_uidivmod
 .text          0x0c104e64        0x4 d:/programillasuni/eclipsearm/sourcery-g++-lite-arm-2011.03/bin/../lib/gcc/arm-none-eabi/4.5.2\libgcc.a(_dvmd_tls.o)
                0x0c104e64                __aeabi_idiv0
                0x0c104e64                __aeabi_ldiv0
 .text          0x0c104e68       0x3c d:/programillasuni/eclipsearm/sourcery-g++-lite-arm-2011.03/bin/../lib/gcc/arm-none-eabi/4.5.2\libgcc.a(_aeabi_uldivmod.o)
                0x0c104e68                __aeabi_uldivmod
 .text          0x0c104ea4       0x80 d:/programillasuni/eclipsearm/sourcery-g++-lite-arm-2011.03/bin/../lib/gcc/arm-none-eabi/4.5.2\libgcc.a(bpabi.o)
                0x0c104ea4                __gnu_ldivmod_helper
                0x0c104ee4                __gnu_uldivmod_helper
 .text          0x0c104f24      0x4a8 d:/programillasuni/eclipsearm/sourcery-g++-lite-arm-2011.03/bin/../lib/gcc/arm-none-eabi/4.5.2\libgcc.a(_divdi3.o)
                0x0c104f24                __divdi3
 .text          0x0c1053cc      0x434 d:/programillasuni/eclipsearm/sourcery-g++-lite-arm-2011.03/bin/../lib/gcc/arm-none-eabi/4.5.2\libgcc.a(_udivdi3.o)
                0x0c1053cc                __udivdi3
 .text          0x0c105800       0x48 d:/programillasuni/eclipsearm/sourcery-g++-lite-arm-2011.03/bin/../lib/gcc/arm-none-eabi/4.5.2\libgcc.a(_clzsi2.o)
                0x0c105800                __clzsi2

.glue_7         0x0c105848        0x0
 .glue_7        0x00000000        0x0 linker stubs

.glue_7t        0x0c105848        0x0
 .glue_7t       0x00000000        0x0 linker stubs

.vfp11_veneer   0x0c105848        0x0
 .vfp11_veneer  0x00000000        0x0 linker stubs

.v4_bx          0x0c105848        0x0
 .v4_bx         0x00000000        0x0 linker stubs

.rodata         0x0c105848     0x17ec
 *(.rodata)
 .rodata        0x0c105848      0x19c ./lab13.o
 .rodata        0x0c1059e4       0x10 ../../BSP/Debug\libBSP.a(segs.o)
 .rodata        0x0c1059f4      0x640 ../../BSP/Debug\libBSP.a(system.o)
 .rodata        0x0c106034     0x1000 ../../BSP/Debug\libBSP.a(font8x16.o)
                0x0c106034                font

.ARM.extab      0x0c107034        0x0
 .ARM.extab     0x0c107034        0x0 d:/programillasuni/eclipsearm/sourcery-g++-lite-arm-2011.03/bin/../lib/gcc/arm-none-eabi/4.5.2\libgcc.a(_divdi3.o)
 .ARM.extab     0x0c107034        0x0 d:/programillasuni/eclipsearm/sourcery-g++-lite-arm-2011.03/bin/../lib/gcc/arm-none-eabi/4.5.2\libgcc.a(_udivdi3.o)

.ARM.exidx      0x0c107034        0x8
 .ARM.exidx     0x0c107034        0x8 d:/programillasuni/eclipsearm/sourcery-g++-lite-arm-2011.03/bin/../lib/gcc/arm-none-eabi/4.5.2\libgcc.a(_divdi3.o)
 .ARM.exidx     0x0c10703c        0x0 d:/programillasuni/eclipsearm/sourcery-g++-lite-arm-2011.03/bin/../lib/gcc/arm-none-eabi/4.5.2\libgcc.a(_udivdi3.o)
                                  0x8 (size before relaxing)

.data           0x0c10703c        0x9
 *(.data)
 .data          0x0c10703c        0x0 ./kernelcoop.o
 .data          0x0c10703c        0x9 ./lab13.o
 .data          0x0c107045        0x0 ../../BSP/Debug\libBSP.a(keypad.o)
 .data          0x0c107045        0x0 ../../BSP/Debug\libBSP.a(lcd.o)
 .data          0x0c107045        0x0 ../../BSP/Debug\libBSP.a(leds.o)
 .data          0x0c107045        0x0 ../../BSP/Debug\libBSP.a(pbs.o)
 .data          0x0c107045        0x0 ../../BSP/Debug\libBSP.a(rtc.o)
 .data          0x0c107045        0x0 ../../BSP/Debug\libBSP.a(segs.o)
 .data          0x0c107045        0x0 ../../BSP/Debug\libBSP.a(system.o)
 .data          0x0c107045        0x0 ../../BSP/Debug\libBSP.a(timers.o)
 .data          0x0c107045        0x0 ../../BSP/Debug\libBSP.a(uart.o)
 .data          0x0c107045        0x0 ../../BSP/Debug\libBSP.a(font8x16.o)
 .data          0x0c107045        0x0 d:/programillasuni/eclipsearm/sourcery-g++-lite-arm-2011.03/bin/../lib/gcc/arm-none-eabi/4.5.2\libgcc.a(_udivsi3.o)
 .data          0x0c107045        0x0 d:/programillasuni/eclipsearm/sourcery-g++-lite-arm-2011.03/bin/../lib/gcc/arm-none-eabi/4.5.2\libgcc.a(_dvmd_tls.o)
 .data          0x0c107045        0x0 d:/programillasuni/eclipsearm/sourcery-g++-lite-arm-2011.03/bin/../lib/gcc/arm-none-eabi/4.5.2\libgcc.a(_aeabi_uldivmod.o)
 .data          0x0c107045        0x0 d:/programillasuni/eclipsearm/sourcery-g++-lite-arm-2011.03/bin/../lib/gcc/arm-none-eabi/4.5.2\libgcc.a(bpabi.o)
 .data          0x0c107045        0x0 d:/programillasuni/eclipsearm/sourcery-g++-lite-arm-2011.03/bin/../lib/gcc/arm-none-eabi/4.5.2\libgcc.a(_divdi3.o)
 .data          0x0c107045        0x0 d:/programillasuni/eclipsearm/sourcery-g++-lite-arm-2011.03/bin/../lib/gcc/arm-none-eabi/4.5.2\libgcc.a(_udivdi3.o)
 .data          0x0c107045        0x0 d:/programillasuni/eclipsearm/sourcery-g++-lite-arm-2011.03/bin/../lib/gcc/arm-none-eabi/4.5.2\libgcc.a(_clzsi2.o)

.bss            0x0c107048     0x96c0
 *(.bss)
 .bss           0x0c107048       0xa0 ./kernelcoop.o
 .bss           0x0c1070e8        0xc ./lab13.o
 .bss           0x0c1070f4        0x0 ../../BSP/Debug\libBSP.a(keypad.o)
 .bss           0x0c1070f4        0x1 ../../BSP/Debug\libBSP.a(lcd.o)
 .bss           0x0c1070f5        0x0 ../../BSP/Debug\libBSP.a(leds.o)
 .bss           0x0c1070f5        0x0 ../../BSP/Debug\libBSP.a(pbs.o)
 .bss           0x0c1070f5        0x0 ../../BSP/Debug\libBSP.a(rtc.o)
 .bss           0x0c1070f5        0x1 ../../BSP/Debug\libBSP.a(segs.o)
 .bss           0x0c1070f6        0x0 ../../BSP/Debug\libBSP.a(system.o)
 *fill*         0x0c1070f6        0x2 00
 .bss           0x0c1070f8        0x8 ../../BSP/Debug\libBSP.a(timers.o)
 .bss           0x0c107100        0x0 ../../BSP/Debug\libBSP.a(uart.o)
 .bss           0x0c107100        0x0 ../../BSP/Debug\libBSP.a(font8x16.o)
 .bss           0x0c107100        0x0 d:/programillasuni/eclipsearm/sourcery-g++-lite-arm-2011.03/bin/../lib/gcc/arm-none-eabi/4.5.2\libgcc.a(_udivsi3.o)
 .bss           0x0c107100        0x0 d:/programillasuni/eclipsearm/sourcery-g++-lite-arm-2011.03/bin/../lib/gcc/arm-none-eabi/4.5.2\libgcc.a(_dvmd_tls.o)
 .bss           0x0c107100        0x0 d:/programillasuni/eclipsearm/sourcery-g++-lite-arm-2011.03/bin/../lib/gcc/arm-none-eabi/4.5.2\libgcc.a(_aeabi_uldivmod.o)
 .bss           0x0c107100        0x0 d:/programillasuni/eclipsearm/sourcery-g++-lite-arm-2011.03/bin/../lib/gcc/arm-none-eabi/4.5.2\libgcc.a(bpabi.o)
 .bss           0x0c107100        0x0 d:/programillasuni/eclipsearm/sourcery-g++-lite-arm-2011.03/bin/../lib/gcc/arm-none-eabi/4.5.2\libgcc.a(_divdi3.o)
 .bss           0x0c107100        0x0 d:/programillasuni/eclipsearm/sourcery-g++-lite-arm-2011.03/bin/../lib/gcc/arm-none-eabi/4.5.2\libgcc.a(_udivdi3.o)
 .bss           0x0c107100        0x0 d:/programillasuni/eclipsearm/sourcery-g++-lite-arm-2011.03/bin/../lib/gcc/arm-none-eabi/4.5.2\libgcc.a(_clzsi2.o)
 COMMON         0x0c107100        0x5 ./lab13.o
                0x0c107100                scancode
                0x0c107101                flagTask5
                0x0c107102                flagTask6
                0x0c107103                flagPb
                0x0c107104                flagTask8
 *fill*         0x0c107105        0x3 00
 COMMON         0x0c107108     0x9600 ../../BSP/Debug\libBSP.a(lcd.o)
                0x0c107108                lcd_buffer
                0x0c110708                end = .
OUTPUT(lab13.elf elf32-littlearm)

.debug_abbrev   0x00000000      0xa23
 .debug_abbrev  0x00000000       0xe3 ./kernelcoop.o
 .debug_abbrev  0x000000e3      0x119 ./lab13.o
 .debug_abbrev  0x000001fc       0xe9 ../../BSP/Debug\libBSP.a(keypad.o)
 .debug_abbrev  0x000002e5      0x160 ../../BSP/Debug\libBSP.a(lcd.o)
 .debug_abbrev  0x00000445       0x8b ../../BSP/Debug\libBSP.a(leds.o)
 .debug_abbrev  0x000004d0       0xc3 ../../BSP/Debug\libBSP.a(pbs.o)
 .debug_abbrev  0x00000593       0xbe ../../BSP/Debug\libBSP.a(rtc.o)
 .debug_abbrev  0x00000651       0xb3 ../../BSP/Debug\libBSP.a(segs.o)
 .debug_abbrev  0x00000704       0xeb ../../BSP/Debug\libBSP.a(system.o)
 .debug_abbrev  0x000007ef       0xdd ../../BSP/Debug\libBSP.a(timers.o)
 .debug_abbrev  0x000008cc       0xf4 ../../BSP/Debug\libBSP.a(uart.o)
 .debug_abbrev  0x000009c0       0x63 ../../BSP/Debug\libBSP.a(font8x16.o)

.debug_info     0x00000000     0x1edd
 .debug_info    0x00000000      0x1d0 ./kernelcoop.o
 .debug_info    0x000001d0      0x3a6 ./lab13.o
 .debug_info    0x00000576      0x1d0 ../../BSP/Debug\libBSP.a(keypad.o)
 .debug_info    0x00000746      0x7d7 ../../BSP/Debug\libBSP.a(lcd.o)
 .debug_info    0x00000f1d      0x12d ../../BSP/Debug\libBSP.a(leds.o)
 .debug_info    0x0000104a      0x1b3 ../../BSP/Debug\libBSP.a(pbs.o)
 .debug_info    0x000011fd      0x1ac ../../BSP/Debug\libBSP.a(rtc.o)
 .debug_info    0x000013a9      0x10d ../../BSP/Debug\libBSP.a(segs.o)
 .debug_info    0x000014b6      0x426 ../../BSP/Debug\libBSP.a(system.o)
 .debug_info    0x000018dc      0x2c7 ../../BSP/Debug\libBSP.a(timers.o)
 .debug_info    0x00001ba3      0x2a5 ../../BSP/Debug\libBSP.a(uart.o)
 .debug_info    0x00001e48       0x95 ../../BSP/Debug\libBSP.a(font8x16.o)

.debug_line     0x00000000      0xdf4
 .debug_line    0x00000000       0xd3 ./kernelcoop.o
 .debug_line    0x000000d3      0x187 ./lab13.o
 .debug_line    0x0000025a      0x12b ../../BSP/Debug\libBSP.a(keypad.o)
 .debug_line    0x00000385      0x240 ../../BSP/Debug\libBSP.a(lcd.o)
 .debug_line    0x000005c5       0x89 ../../BSP/Debug\libBSP.a(leds.o)
 .debug_line    0x0000064e      0x109 ../../BSP/Debug\libBSP.a(pbs.o)
 .debug_line    0x00000757       0xe6 ../../BSP/Debug\libBSP.a(rtc.o)
 .debug_line    0x0000083d       0x93 ../../BSP/Debug\libBSP.a(segs.o)
 .debug_line    0x000008d0      0x233 ../../BSP/Debug\libBSP.a(system.o)
 .debug_line    0x00000b03      0x18f ../../BSP/Debug\libBSP.a(timers.o)
 .debug_line    0x00000c92      0x10c ../../BSP/Debug\libBSP.a(uart.o)
 .debug_line    0x00000d9e       0x56 ../../BSP/Debug\libBSP.a(font8x16.o)

.debug_macinfo  0x00000000    0x35ee6
 .debug_macinfo
                0x00000000     0x4326 ./kernelcoop.o
 .debug_macinfo
                0x00004326     0x55b6 ./lab13.o
 .debug_macinfo
                0x000098dc     0x4eba ../../BSP/Debug\libBSP.a(keypad.o)
 .debug_macinfo
                0x0000e796     0x43db ../../BSP/Debug\libBSP.a(lcd.o)
 .debug_macinfo
                0x00012b71     0x432c ../../BSP/Debug\libBSP.a(leds.o)
 .debug_macinfo
                0x00016e9d     0x4d91 ../../BSP/Debug\libBSP.a(pbs.o)
 .debug_macinfo
                0x0001bc2e     0x4cee ../../BSP/Debug\libBSP.a(rtc.o)
 .debug_macinfo
                0x0002091c     0x4d01 ../../BSP/Debug\libBSP.a(segs.o)
 .debug_macinfo
                0x0002561d     0x5568 ../../BSP/Debug\libBSP.a(system.o)
 .debug_macinfo
                0x0002ab85     0x4d1b ../../BSP/Debug\libBSP.a(timers.o)
 .debug_macinfo
                0x0002f8a0     0x430d ../../BSP/Debug\libBSP.a(uart.o)
 .debug_macinfo
                0x00033bad     0x2339 ../../BSP/Debug\libBSP.a(font8x16.o)

.debug_loc      0x00000000     0x15d4
 .debug_loc     0x00000000       0xdc ./kernelcoop.o
 .debug_loc     0x000000dc      0x1e4 ./lab13.o
 .debug_loc     0x000002c0      0x160 ../../BSP/Debug\libBSP.a(keypad.o)
 .debug_loc     0x00000420      0x344 ../../BSP/Debug\libBSP.a(lcd.o)
 .debug_loc     0x00000764       0xdc ../../BSP/Debug\libBSP.a(leds.o)
 .debug_loc     0x00000840      0x160 ../../BSP/Debug\libBSP.a(pbs.o)
 .debug_loc     0x000009a0       0xdc ../../BSP/Debug\libBSP.a(rtc.o)
 .debug_loc     0x00000a7c       0xb0 ../../BSP/Debug\libBSP.a(segs.o)
 .debug_loc     0x00000b2c      0x688 ../../BSP/Debug\libBSP.a(system.o)
 .debug_loc     0x000011b4      0x294 ../../BSP/Debug\libBSP.a(timers.o)
 .debug_loc     0x00001448      0x18c ../../BSP/Debug\libBSP.a(uart.o)

.debug_pubnames
                0x00000000      0x919
 .debug_pubnames
                0x00000000       0x61 ./kernelcoop.o
 .debug_pubnames
                0x00000061       0xc2 ./lab13.o
 .debug_pubnames
                0x00000123       0xab ../../BSP/Debug\libBSP.a(keypad.o)
 .debug_pubnames
                0x000001ce      0x152 ../../BSP/Debug\libBSP.a(lcd.o)
 .debug_pubnames
                0x00000320       0x55 ../../BSP/Debug\libBSP.a(leds.o)
 .debug_pubnames
                0x00000375       0x8e ../../BSP/Debug\libBSP.a(pbs.o)
 .debug_pubnames
                0x00000403       0x5a ../../BSP/Debug\libBSP.a(rtc.o)
 .debug_pubnames
                0x0000045d       0x4e ../../BSP/Debug\libBSP.a(segs.o)
 .debug_pubnames
                0x000004ab      0x29d ../../BSP/Debug\libBSP.a(system.o)
 .debug_pubnames
                0x00000748      0x10f ../../BSP/Debug\libBSP.a(timers.o)
 .debug_pubnames
                0x00000857       0xa7 ../../BSP/Debug\libBSP.a(uart.o)
 .debug_pubnames
                0x000008fe       0x1b ../../BSP/Debug\libBSP.a(font8x16.o)

.debug_pubtypes
                0x00000000      0x24c
 .debug_pubtypes
                0x00000000       0x34 ./kernelcoop.o
 .debug_pubtypes
                0x00000034       0x42 ./lab13.o
 .debug_pubtypes
                0x00000076       0x32 ../../BSP/Debug\libBSP.a(keypad.o)
 .debug_pubtypes
                0x000000a8       0x3c ../../BSP/Debug\libBSP.a(lcd.o)
 .debug_pubtypes
                0x000000e4       0x27 ../../BSP/Debug\libBSP.a(leds.o)
 .debug_pubtypes
                0x0000010b       0x32 ../../BSP/Debug\libBSP.a(pbs.o)
 .debug_pubtypes
                0x0000013d       0x36 ../../BSP/Debug\libBSP.a(rtc.o)
 .debug_pubtypes
                0x00000173       0x1c ../../BSP/Debug\libBSP.a(segs.o)
 .debug_pubtypes
                0x0000018f       0x27 ../../BSP/Debug\libBSP.a(system.o)
 .debug_pubtypes
                0x000001b6       0x3d ../../BSP/Debug\libBSP.a(timers.o)
 .debug_pubtypes
                0x000001f3       0x3d ../../BSP/Debug\libBSP.a(uart.o)
 .debug_pubtypes
                0x00000230       0x1c ../../BSP/Debug\libBSP.a(font8x16.o)

.debug_aranges  0x00000000      0x160
 .debug_aranges
                0x00000000       0x20 ./kernelcoop.o
 .debug_aranges
                0x00000020       0x20 ./lab13.o
 .debug_aranges
                0x00000040       0x20 ../../BSP/Debug\libBSP.a(keypad.o)
 .debug_aranges
                0x00000060       0x20 ../../BSP/Debug\libBSP.a(lcd.o)
 .debug_aranges
                0x00000080       0x20 ../../BSP/Debug\libBSP.a(leds.o)
 .debug_aranges
                0x000000a0       0x20 ../../BSP/Debug\libBSP.a(pbs.o)
 .debug_aranges
                0x000000c0       0x20 ../../BSP/Debug\libBSP.a(rtc.o)
 .debug_aranges
                0x000000e0       0x20 ../../BSP/Debug\libBSP.a(segs.o)
 .debug_aranges
                0x00000100       0x20 ../../BSP/Debug\libBSP.a(system.o)
 .debug_aranges
                0x00000120       0x20 ../../BSP/Debug\libBSP.a(timers.o)
 .debug_aranges
                0x00000140       0x20 ../../BSP/Debug\libBSP.a(uart.o)

.debug_str      0x00000000      0x925
 .debug_str     0x00000000      0x111 ./kernelcoop.o
                                0x12a (size before relaxing)
 .debug_str     0x00000111       0xbd ./lab13.o
                                0x194 (size before relaxing)
 .debug_str     0x000001ce       0xc9 ../../BSP/Debug\libBSP.a(keypad.o)
                                0x154 (size before relaxing)
 .debug_str     0x00000297      0x150 ../../BSP/Debug\libBSP.a(lcd.o)
                                0x21f (size before relaxing)
 .debug_str     0x000003e7       0x3d ../../BSP/Debug\libBSP.a(leds.o)
                                 0xee (size before relaxing)
 .debug_str     0x00000424       0x69 ../../BSP/Debug\libBSP.a(pbs.o)
                                0x12a (size before relaxing)
 .debug_str     0x0000048d       0x4c ../../BSP/Debug\libBSP.a(rtc.o)
                                0x125 (size before relaxing)
 .debug_str     0x000004d9       0x43 ../../BSP/Debug\libBSP.a(segs.o)
                                 0xf3 (size before relaxing)
 .debug_str     0x0000051c      0x26a ../../BSP/Debug\libBSP.a(system.o)
                                0x31b (size before relaxing)
 .debug_str     0x00000786       0xf9 ../../BSP/Debug\libBSP.a(timers.o)
                                0x1b6 (size before relaxing)
 .debug_str     0x0000087f       0x94 ../../BSP/Debug\libBSP.a(uart.o)
                                0x158 (size before relaxing)
 .debug_str     0x00000913       0x12 ../../BSP/Debug\libBSP.a(font8x16.o)
                                 0xc1 (size before relaxing)

.comment        0x00000000       0x2a
 .comment       0x00000000       0x2a ./kernelcoop.o
                                 0x2b (size before relaxing)
 .comment       0x00000000       0x2b ./lab13.o
 .comment       0x00000000       0x2b ../../BSP/Debug\libBSP.a(keypad.o)
 .comment       0x00000000       0x2b ../../BSP/Debug\libBSP.a(lcd.o)
 .comment       0x00000000       0x2b ../../BSP/Debug\libBSP.a(leds.o)
 .comment       0x00000000       0x2b ../../BSP/Debug\libBSP.a(pbs.o)
 .comment       0x00000000       0x2b ../../BSP/Debug\libBSP.a(rtc.o)
 .comment       0x00000000       0x2b ../../BSP/Debug\libBSP.a(segs.o)
 .comment       0x00000000       0x2b ../../BSP/Debug\libBSP.a(system.o)
 .comment       0x00000000       0x2b ../../BSP/Debug\libBSP.a(timers.o)
 .comment       0x00000000       0x2b ../../BSP/Debug\libBSP.a(uart.o)
 .comment       0x00000000       0x2b ../../BSP/Debug\libBSP.a(font8x16.o)

.ARM.attributes
                0x00000000       0x32
 .ARM.attributes
                0x00000000       0x32 ./kernelcoop.o
 .ARM.attributes
                0x00000032       0x32 ./lab13.o
 .ARM.attributes
                0x00000064       0x32 ../../BSP/Debug\libBSP.a(keypad.o)
 .ARM.attributes
                0x00000096       0x32 ../../BSP/Debug\libBSP.a(lcd.o)
 .ARM.attributes
                0x000000c8       0x32 ../../BSP/Debug\libBSP.a(leds.o)
 .ARM.attributes
                0x000000fa       0x32 ../../BSP/Debug\libBSP.a(pbs.o)
 .ARM.attributes
                0x0000012c       0x32 ../../BSP/Debug\libBSP.a(rtc.o)
 .ARM.attributes
                0x0000015e       0x32 ../../BSP/Debug\libBSP.a(segs.o)
 .ARM.attributes
                0x00000190       0x32 ../../BSP/Debug\libBSP.a(system.o)
 .ARM.attributes
                0x000001c2       0x32 ../../BSP/Debug\libBSP.a(timers.o)
 .ARM.attributes
                0x000001f4       0x32 ../../BSP/Debug\libBSP.a(uart.o)
 .ARM.attributes
                0x00000226       0x32 ../../BSP/Debug\libBSP.a(font8x16.o)
 .ARM.attributes
                0x00000258       0x1a d:/programillasuni/eclipsearm/sourcery-g++-lite-arm-2011.03/bin/../lib/gcc/arm-none-eabi/4.5.2\libgcc.a(_udivsi3.o)
 .ARM.attributes
                0x00000272       0x18 d:/programillasuni/eclipsearm/sourcery-g++-lite-arm-2011.03/bin/../lib/gcc/arm-none-eabi/4.5.2\libgcc.a(_dvmd_tls.o)
 .ARM.attributes
                0x0000028a       0x1a d:/programillasuni/eclipsearm/sourcery-g++-lite-arm-2011.03/bin/../lib/gcc/arm-none-eabi/4.5.2\libgcc.a(_aeabi_uldivmod.o)
 .ARM.attributes
                0x000002a4       0x34 d:/programillasuni/eclipsearm/sourcery-g++-lite-arm-2011.03/bin/../lib/gcc/arm-none-eabi/4.5.2\libgcc.a(bpabi.o)
 .ARM.attributes
                0x000002d8       0x34 d:/programillasuni/eclipsearm/sourcery-g++-lite-arm-2011.03/bin/../lib/gcc/arm-none-eabi/4.5.2\libgcc.a(_divdi3.o)
 .ARM.attributes
                0x0000030c       0x34 d:/programillasuni/eclipsearm/sourcery-g++-lite-arm-2011.03/bin/../lib/gcc/arm-none-eabi/4.5.2\libgcc.a(_udivdi3.o)
 .ARM.attributes
                0x00000340       0x1a d:/programillasuni/eclipsearm/sourcery-g++-lite-arm-2011.03/bin/../lib/gcc/arm-none-eabi/4.5.2\libgcc.a(_clzsi2.o)

.debug_frame    0x00000000     0x1308
 .debug_frame   0x00000000       0xbc ./kernelcoop.o
 .debug_frame   0x000000bc      0x178 ./lab13.o
 .debug_frame   0x00000234      0x110 ../../BSP/Debug\libBSP.a(keypad.o)
 .debug_frame   0x00000344      0x270 ../../BSP/Debug\libBSP.a(lcd.o)
 .debug_frame   0x000005b4       0xb0 ../../BSP/Debug\libBSP.a(leds.o)
 .debug_frame   0x00000664      0x110 ../../BSP/Debug\libBSP.a(pbs.o)
 .debug_frame   0x00000774       0xb0 ../../BSP/Debug\libBSP.a(rtc.o)
 .debug_frame   0x00000824       0x90 ../../BSP/Debug\libBSP.a(segs.o)
 .debug_frame   0x000008b4      0x644 ../../BSP/Debug\libBSP.a(system.o)
 .debug_frame   0x00000ef8      0x1f8 ../../BSP/Debug\libBSP.a(timers.o)
 .debug_frame   0x000010f0      0x130 ../../BSP/Debug\libBSP.a(uart.o)
 .debug_frame   0x00001220       0x20 d:/programillasuni/eclipsearm/sourcery-g++-lite-arm-2011.03/bin/../lib/gcc/arm-none-eabi/4.5.2\libgcc.a(_udivsi3.o)
 .debug_frame   0x00001240       0x50 d:/programillasuni/eclipsearm/sourcery-g++-lite-arm-2011.03/bin/../lib/gcc/arm-none-eabi/4.5.2\libgcc.a(bpabi.o)
 .debug_frame   0x00001290       0x3c d:/programillasuni/eclipsearm/sourcery-g++-lite-arm-2011.03/bin/../lib/gcc/arm-none-eabi/4.5.2\libgcc.a(_divdi3.o)
 .debug_frame   0x000012cc       0x3c d:/programillasuni/eclipsearm/sourcery-g++-lite-arm-2011.03/bin/../lib/gcc/arm-none-eabi/4.5.2\libgcc.a(_udivdi3.o)
