Archive member included because of file (symbol)

../../BSP/Debug\libBSP.a(keypad.o)
                              ./lab12-queue.o (keypad_scan)
../../BSP/Debug\libBSP.a(lcd.o)
                              ./lab12-queue.o (lcd_init)
../../BSP/Debug\libBSP.a(leds.o)
                              ./lab12-queue.o (leds_init)
../../BSP/Debug\libBSP.a(pbs.o)
                              ./lab12-queue.o (pbs_init)
../../BSP/Debug\libBSP.a(rtc.o)
                              ./lab12-queue.o (rtc_init)
../../BSP/Debug\libBSP.a(segs.o)
                              ./lab12-queue.o (segs_init)
../../BSP/Debug\libBSP.a(system.o)
                              ./lab12-queue.o (sys_init)
../../BSP/Debug\libBSP.a(timers.o)
                              ./lab12-queue.o (timers_init)
../../BSP/Debug\libBSP.a(uart.o)
                              ./lab12-queue.o (uart0_init)
../../BSP/Debug\libBSP.a(font8x16.o)
                              ../../BSP/Debug\libBSP.a(lcd.o) (font)
d:/programillasuni/eclipsearm/sourcery-g++-lite-arm-2011.03/bin/../lib/gcc/arm-none-eabi/4.5.2\libgcc.a(_udivsi3.o)
                              ../../BSP/Debug\libBSP.a(timers.o) (__aeabi_uidiv)
d:/programillasuni/eclipsearm/sourcery-g++-lite-arm-2011.03/bin/../lib/gcc/arm-none-eabi/4.5.2\libgcc.a(_dvmd_tls.o)
                              d:/programillasuni/eclipsearm/sourcery-g++-lite-arm-2011.03/bin/../lib/gcc/arm-none-eabi/4.5.2\libgcc.a(_udivsi3.o) (__aeabi_idiv0)
d:/programillasuni/eclipsearm/sourcery-g++-lite-arm-2011.03/bin/../lib/gcc/arm-none-eabi/4.5.2\libgcc.a(_aeabi_uldivmod.o)
                              ../../BSP/Debug\libBSP.a(timers.o) (__aeabi_uldivmod)
d:/programillasuni/eclipsearm/sourcery-g++-lite-arm-2011.03/bin/../lib/gcc/arm-none-eabi/4.5.2\libgcc.a(bpabi.o)
                              d:/programillasuni/eclipsearm/sourcery-g++-lite-arm-2011.03/bin/../lib/gcc/arm-none-eabi/4.5.2\libgcc.a(_aeabi_uldivmod.o) (__gnu_uldivmod_helper)
d:/programillasuni/eclipsearm/sourcery-g++-lite-arm-2011.03/bin/../lib/gcc/arm-none-eabi/4.5.2\libgcc.a(_divdi3.o)
                              d:/programillasuni/eclipsearm/sourcery-g++-lite-arm-2011.03/bin/../lib/gcc/arm-none-eabi/4.5.2\libgcc.a(bpabi.o) (__divdi3)
d:/programillasuni/eclipsearm/sourcery-g++-lite-arm-2011.03/bin/../lib/gcc/arm-none-eabi/4.5.2\libgcc.a(_udivdi3.o)
                              d:/programillasuni/eclipsearm/sourcery-g++-lite-arm-2011.03/bin/../lib/gcc/arm-none-eabi/4.5.2\libgcc.a(bpabi.o) (__udivdi3)
d:/programillasuni/eclipsearm/sourcery-g++-lite-arm-2011.03/bin/../lib/gcc/arm-none-eabi/4.5.2\libgcc.a(_clzsi2.o)
                              d:/programillasuni/eclipsearm/sourcery-g++-lite-arm-2011.03/bin/../lib/gcc/arm-none-eabi/4.5.2\libgcc.a(_divdi3.o) (__clzsi2)

Allocating common symbols
Common symbol       size              file

scancode            0x1               ./lab12-queue.o
lcd_buffer          0x9600            ../../BSP/Debug\libBSP.a(lcd.o)
fifo                0x808             ./lab12-queue.o

Memory Configuration

Name             Origin             Length             Attributes
*default*        0x00000000         0xffffffff

Linker script and memory map

LOAD ./lab12-queue.o
LOAD ../../BSP/Debug\libBSP.a
START GROUP
LOAD d:/programillasuni/eclipsearm/sourcery-g++-lite-arm-2011.03/bin/../lib/gcc/arm-none-eabi/4.5.2\libgcc.a
LOAD d:/programillasuni/eclipsearm/sourcery-g++-lite-arm-2011.03/bin/../lib/gcc/arm-none-eabi/4.5.2/../../../../arm-none-eabi/lib\libc.a
END GROUP
                0x0c100000                . = 0xc100000

.text           0x0c100000     0x5744
 *(.text)
 .text          0x0c100000      0x9d8 ./lab12-queue.o
                0x0c100000                main
                0x0c1000c8                Task1
                0x0c100130                Task2
                0x0c100250                Task3
                0x0c1002f4                Task4
                0x0c100388                Task5
                0x0c1003fc                Task6
                0x0c100458                Task7
                0x0c1004ac                Task8
                0x0c10053c                Task9
                0x0c1005ec                isr_pb
                0x0c100638                isr_tick
                0x0c100794                fifo_init
                0x0c1007d4                fifo_enqueue
                0x0c100890                fifo_dequeue
                0x0c100950                fifo_is_empty
                0x0c100990                fifo_is_full
 .text          0x0c1009d8      0x518 ../../BSP/Debug\libBSP.a(keypad.o)
                0x0c1009d8                keypad_scan
                0x0c100bfc                keypad_pressed
                0x0c100c30                keypad_open
                0x0c100ca0                keypad_close
                0x0c100ce4                keypad_init
                0x0c100d00                keypad_getchar
                0x0c100d78                keypad_getchartime
                0x0c100e1c                keypad_timeout_getchar
 .text          0x0c100ef0     0x1240 ../../BSP/Debug\libBSP.a(lcd.o)
                0x0c100ef0                lcd_init
                0x0c101074                lcd_on
                0x0c1010b0                lcd_off
                0x0c1010ec                lcd_status
                0x0c101114                lcd_clear
                0x0c101198                lcd_putpixel
                0x0c101284                lcd_getpixel
                0x0c101334                lcd_draw_hline
                0x0c1013d4                lcd_draw_vline
                0x0c101474                lcd_draw_box
                0x0c101520                lcd_putchar
                0x0c101674                lcd_puts
                0x0c1016e8                lcd_putint
                0x0c10181c                lcd_puthex
                0x0c1018fc                lcd_putchar_x2
                0x0c101d4c                lcd_puts_x2
                0x0c101dc0                lcd_putint_x2
                0x0c101ef4                lcd_puthex_x2
                0x0c101fd4                lcd_putWallpaper
 .text          0x0c102130      0x164 ../../BSP/Debug\libBSP.a(leds.o)
                0x0c102130                leds_init
                0x0c102170                led_on
                0x0c1021b8                led_off
                0x0c1021fc                led_toggle
                0x0c102240                led_status
 .text          0x0c102294      0x354 ../../BSP/Debug\libBSP.a(pbs.o)
                0x0c102294                pbs_init
                0x0c1022b0                pb_scan
                0x0c10230c                pb_pressed
                0x0c102340                pb_getchar
                0x0c1023a8                pb_getchartime
                0x0c10244c                pb_timeout_getchar
                0x0c102534                pbs_open
                0x0c1025a4                pbs_close
 .text          0x0c1025e8      0x880 ../../BSP/Debug\libBSP.a(rtc.o)
                0x0c1025e8                rtc_init
                0x0c10272c                rtc_puttime
                0x0c1029a0                rtc_gettime
                0x0c102da0                rtc_open
                0x0c102e14                rtc_close
 .text          0x0c102e68       0xd4 ../../BSP/Debug\libBSP.a(segs.o)
                0x0c102e68                segs_init
                0x0c102e84                segs_off
                0x0c102ebc                segs_putchar
                0x0c102f14                segs_status
 .text          0x0c102f3c      0xd60 ../../BSP/Debug\libBSP.a(system.o)
                0x0c102f3c                sys_init
                0x0c103214                isr_SWI_dummy
                0x0c103240                isr_UNDEF_dummy
                0x0c10326c                isr_IRQ_dummy
                0x0c103298                isr_FIQ_dummy
                0x0c1032c4                isr_PABORT_dummy
                0x0c1032f0                isr_DABORT_dummy
                0x0c10331c                isr_ADC_dummy
                0x0c103348                isr_RTC_dummy
                0x0c103374                isr_UTXD1_dummy
                0x0c1033a0                isr_UTXD0_dummy
                0x0c1033cc                isr_SIO_dummy
                0x0c1033f8                isr_IIC_dummy
                0x0c103424                isr_URXD1_dummy
                0x0c103450                isr_URXD0_dummy
                0x0c10347c                isr_TIMER5_dummy
                0x0c1034a8                isr_TIMER4_dummy
                0x0c1034d4                isr_TIMER3_dummy
                0x0c103500                isr_TIMER2_dummy
                0x0c10352c                isr_TIMER1_dummy
                0x0c103558                isr_TIMER0_dummy
                0x0c103584                isr_UERR01_dummy
                0x0c1035b0                isr_WDT_dummy
                0x0c1035dc                isr_BDMA1_dummy
                0x0c103608                isr_BDMA0_dummy
                0x0c103634                isr_ZDMA1_dummy
                0x0c103660                isr_ZDMA0_dummy
                0x0c10368c                isr_TICK_dummy
                0x0c1036b4                isr_PB_dummy
                0x0c1036e0                isr_ETHERNET_dummy
                0x0c10370c                isr_TS_dummy
                0x0c103738                isr_KEYPAD_dummy
                0x0c103764                isr_USB_dummy
                0x0c103a4c                sleep
 .text          0x0c103c9c      0xa6c ../../BSP/Debug\libBSP.a(timers.o)
                0x0c103c9c                timers_init
                0x0c103e5c                wait_for_1s
                0x0c103f20                wait_for_1ms
                0x0c103fe0                timer3_delay_ms
                0x0c104024                sw_delay_ms
                0x0c10407c                timer3_delay_s
                0x0c1040c0                sw_delay_s
                0x0c104118                timer3_start
                0x0c1041c8                timer3_stop
                0x0c10421c                timer3_start_timeout
                0x0c1042d4                timer3_timeout
                0x0c104310                timer0_open_tick
                0x0c10455c                timer0_open_ms
                0x0c104670                timer0_close
 .text          0x0c104708      0x544 ../../BSP/Debug\libBSP.a(uart.o)
                0x0c104708                uart0_init
                0x0c10476c                uart0_putchar
                0x0c1047bc                uart0_getchar
                0x0c104804                uart0_puts
                0x0c10486c                uart0_putint
                0x0c10499c                uart0_puthex
                0x0c104a54                uart0_gets
                0x0c104ac4                uart0_getint
                0x0c104b98                uart0_gethex
 .text          0x0c104c4c        0x0 ../../BSP/Debug\libBSP.a(font8x16.o)
 .text          0x0c104c4c      0x114 d:/programillasuni/eclipsearm/sourcery-g++-lite-arm-2011.03/bin/../lib/gcc/arm-none-eabi/4.5.2\libgcc.a(_udivsi3.o)
                0x0c104c4c                __aeabi_uidiv
                0x0c104c4c                __udivsi3
                0x0c104d40                __aeabi_uidivmod
 .text          0x0c104d60        0x4 d:/programillasuni/eclipsearm/sourcery-g++-lite-arm-2011.03/bin/../lib/gcc/arm-none-eabi/4.5.2\libgcc.a(_dvmd_tls.o)
                0x0c104d60                __aeabi_idiv0
                0x0c104d60                __aeabi_ldiv0
 .text          0x0c104d64       0x3c d:/programillasuni/eclipsearm/sourcery-g++-lite-arm-2011.03/bin/../lib/gcc/arm-none-eabi/4.5.2\libgcc.a(_aeabi_uldivmod.o)
                0x0c104d64                __aeabi_uldivmod
 .text          0x0c104da0       0x80 d:/programillasuni/eclipsearm/sourcery-g++-lite-arm-2011.03/bin/../lib/gcc/arm-none-eabi/4.5.2\libgcc.a(bpabi.o)
                0x0c104da0                __gnu_ldivmod_helper
                0x0c104de0                __gnu_uldivmod_helper
 .text          0x0c104e20      0x4a8 d:/programillasuni/eclipsearm/sourcery-g++-lite-arm-2011.03/bin/../lib/gcc/arm-none-eabi/4.5.2\libgcc.a(_divdi3.o)
                0x0c104e20                __divdi3
 .text          0x0c1052c8      0x434 d:/programillasuni/eclipsearm/sourcery-g++-lite-arm-2011.03/bin/../lib/gcc/arm-none-eabi/4.5.2\libgcc.a(_udivdi3.o)
                0x0c1052c8                __udivdi3
 .text          0x0c1056fc       0x48 d:/programillasuni/eclipsearm/sourcery-g++-lite-arm-2011.03/bin/../lib/gcc/arm-none-eabi/4.5.2\libgcc.a(_clzsi2.o)
                0x0c1056fc                __clzsi2

.glue_7         0x0c105744        0x0
 .glue_7        0x00000000        0x0 linker stubs

.glue_7t        0x0c105744        0x0
 .glue_7t       0x00000000        0x0 linker stubs

.vfp11_veneer   0x0c105744        0x0
 .vfp11_veneer  0x00000000        0x0 linker stubs

.v4_bx          0x0c105744        0x0
 .v4_bx         0x00000000        0x0 linker stubs

.rodata         0x0c105744     0x17e8
 *(.rodata)
 .rodata        0x0c105744      0x198 ./lab12-queue.o
 .rodata        0x0c1058dc       0x10 ../../BSP/Debug\libBSP.a(segs.o)
 .rodata        0x0c1058ec      0x640 ../../BSP/Debug\libBSP.a(system.o)
 .rodata        0x0c105f2c     0x1000 ../../BSP/Debug\libBSP.a(font8x16.o)
                0x0c105f2c                font

.ARM.extab      0x0c106f2c        0x0
 .ARM.extab     0x0c106f2c        0x0 d:/programillasuni/eclipsearm/sourcery-g++-lite-arm-2011.03/bin/../lib/gcc/arm-none-eabi/4.5.2\libgcc.a(_divdi3.o)
 .ARM.extab     0x0c106f2c        0x0 d:/programillasuni/eclipsearm/sourcery-g++-lite-arm-2011.03/bin/../lib/gcc/arm-none-eabi/4.5.2\libgcc.a(_udivdi3.o)

.ARM.exidx      0x0c106f2c        0x8
 .ARM.exidx     0x0c106f2c        0x8 d:/programillasuni/eclipsearm/sourcery-g++-lite-arm-2011.03/bin/../lib/gcc/arm-none-eabi/4.5.2\libgcc.a(_divdi3.o)
 .ARM.exidx     0x0c106f34        0x0 d:/programillasuni/eclipsearm/sourcery-g++-lite-arm-2011.03/bin/../lib/gcc/arm-none-eabi/4.5.2\libgcc.a(_udivdi3.o)
                                  0x8 (size before relaxing)

.data           0x0c106f34       0x12
 *(.data)
 .data          0x0c106f34       0x12 ./lab12-queue.o
 .data          0x0c106f46        0x0 ../../BSP/Debug\libBSP.a(keypad.o)
 .data          0x0c106f46        0x0 ../../BSP/Debug\libBSP.a(lcd.o)
 .data          0x0c106f46        0x0 ../../BSP/Debug\libBSP.a(leds.o)
 .data          0x0c106f46        0x0 ../../BSP/Debug\libBSP.a(pbs.o)
 .data          0x0c106f46        0x0 ../../BSP/Debug\libBSP.a(rtc.o)
 .data          0x0c106f46        0x0 ../../BSP/Debug\libBSP.a(segs.o)
 .data          0x0c106f46        0x0 ../../BSP/Debug\libBSP.a(system.o)
 .data          0x0c106f46        0x0 ../../BSP/Debug\libBSP.a(timers.o)
 .data          0x0c106f46        0x0 ../../BSP/Debug\libBSP.a(uart.o)
 .data          0x0c106f46        0x0 ../../BSP/Debug\libBSP.a(font8x16.o)
 .data          0x0c106f46        0x0 d:/programillasuni/eclipsearm/sourcery-g++-lite-arm-2011.03/bin/../lib/gcc/arm-none-eabi/4.5.2\libgcc.a(_udivsi3.o)
 .data          0x0c106f46        0x0 d:/programillasuni/eclipsearm/sourcery-g++-lite-arm-2011.03/bin/../lib/gcc/arm-none-eabi/4.5.2\libgcc.a(_dvmd_tls.o)
 .data          0x0c106f46        0x0 d:/programillasuni/eclipsearm/sourcery-g++-lite-arm-2011.03/bin/../lib/gcc/arm-none-eabi/4.5.2\libgcc.a(_aeabi_uldivmod.o)
 .data          0x0c106f46        0x0 d:/programillasuni/eclipsearm/sourcery-g++-lite-arm-2011.03/bin/../lib/gcc/arm-none-eabi/4.5.2\libgcc.a(bpabi.o)
 .data          0x0c106f46        0x0 d:/programillasuni/eclipsearm/sourcery-g++-lite-arm-2011.03/bin/../lib/gcc/arm-none-eabi/4.5.2\libgcc.a(_divdi3.o)
 .data          0x0c106f46        0x0 d:/programillasuni/eclipsearm/sourcery-g++-lite-arm-2011.03/bin/../lib/gcc/arm-none-eabi/4.5.2\libgcc.a(_udivdi3.o)
 .data          0x0c106f46        0x0 d:/programillasuni/eclipsearm/sourcery-g++-lite-arm-2011.03/bin/../lib/gcc/arm-none-eabi/4.5.2\libgcc.a(_clzsi2.o)

.bss            0x0c106f48     0x9e24
 *(.bss)
 .bss           0x0c106f48        0xc ./lab12-queue.o
 .bss           0x0c106f54        0x0 ../../BSP/Debug\libBSP.a(keypad.o)
 .bss           0x0c106f54        0x1 ../../BSP/Debug\libBSP.a(lcd.o)
 .bss           0x0c106f55        0x0 ../../BSP/Debug\libBSP.a(leds.o)
 .bss           0x0c106f55        0x0 ../../BSP/Debug\libBSP.a(pbs.o)
 .bss           0x0c106f55        0x0 ../../BSP/Debug\libBSP.a(rtc.o)
 .bss           0x0c106f55        0x1 ../../BSP/Debug\libBSP.a(segs.o)
 .bss           0x0c106f56        0x0 ../../BSP/Debug\libBSP.a(system.o)
 *fill*         0x0c106f56        0x2 00
 .bss           0x0c106f58        0x8 ../../BSP/Debug\libBSP.a(timers.o)
 .bss           0x0c106f60        0x0 ../../BSP/Debug\libBSP.a(uart.o)
 .bss           0x0c106f60        0x0 ../../BSP/Debug\libBSP.a(font8x16.o)
 .bss           0x0c106f60        0x0 d:/programillasuni/eclipsearm/sourcery-g++-lite-arm-2011.03/bin/../lib/gcc/arm-none-eabi/4.5.2\libgcc.a(_udivsi3.o)
 .bss           0x0c106f60        0x0 d:/programillasuni/eclipsearm/sourcery-g++-lite-arm-2011.03/bin/../lib/gcc/arm-none-eabi/4.5.2\libgcc.a(_dvmd_tls.o)
 .bss           0x0c106f60        0x0 d:/programillasuni/eclipsearm/sourcery-g++-lite-arm-2011.03/bin/../lib/gcc/arm-none-eabi/4.5.2\libgcc.a(_aeabi_uldivmod.o)
 .bss           0x0c106f60        0x0 d:/programillasuni/eclipsearm/sourcery-g++-lite-arm-2011.03/bin/../lib/gcc/arm-none-eabi/4.5.2\libgcc.a(bpabi.o)
 .bss           0x0c106f60        0x0 d:/programillasuni/eclipsearm/sourcery-g++-lite-arm-2011.03/bin/../lib/gcc/arm-none-eabi/4.5.2\libgcc.a(_divdi3.o)
 .bss           0x0c106f60        0x0 d:/programillasuni/eclipsearm/sourcery-g++-lite-arm-2011.03/bin/../lib/gcc/arm-none-eabi/4.5.2\libgcc.a(_udivdi3.o)
 .bss           0x0c106f60        0x0 d:/programillasuni/eclipsearm/sourcery-g++-lite-arm-2011.03/bin/../lib/gcc/arm-none-eabi/4.5.2\libgcc.a(_clzsi2.o)
 COMMON         0x0c106f60      0x80c ./lab12-queue.o
                0x0c106f60                scancode
                0x0c106f64                fifo
 COMMON         0x0c10776c     0x9600 ../../BSP/Debug\libBSP.a(lcd.o)
                0x0c10776c                lcd_buffer
                0x0c110d6c                end = .
OUTPUT(lab12-queue.elf elf32-littlearm)

.debug_abbrev   0x00000000      0x9b9
 .debug_abbrev  0x00000000      0x192 ./lab12-queue.o
 .debug_abbrev  0x00000192       0xe9 ../../BSP/Debug\libBSP.a(keypad.o)
 .debug_abbrev  0x0000027b      0x160 ../../BSP/Debug\libBSP.a(lcd.o)
 .debug_abbrev  0x000003db       0x8b ../../BSP/Debug\libBSP.a(leds.o)
 .debug_abbrev  0x00000466       0xc3 ../../BSP/Debug\libBSP.a(pbs.o)
 .debug_abbrev  0x00000529       0xbe ../../BSP/Debug\libBSP.a(rtc.o)
 .debug_abbrev  0x000005e7       0xb3 ../../BSP/Debug\libBSP.a(segs.o)
 .debug_abbrev  0x0000069a       0xeb ../../BSP/Debug\libBSP.a(system.o)
 .debug_abbrev  0x00000785       0xdd ../../BSP/Debug\libBSP.a(timers.o)
 .debug_abbrev  0x00000862       0xf4 ../../BSP/Debug\libBSP.a(uart.o)
 .debug_abbrev  0x00000956       0x63 ../../BSP/Debug\libBSP.a(font8x16.o)

.debug_info     0x00000000     0x1e48
 .debug_info    0x00000000      0x4e1 ./lab12-queue.o
 .debug_info    0x000004e1      0x1d0 ../../BSP/Debug\libBSP.a(keypad.o)
 .debug_info    0x000006b1      0x7d7 ../../BSP/Debug\libBSP.a(lcd.o)
 .debug_info    0x00000e88      0x12d ../../BSP/Debug\libBSP.a(leds.o)
 .debug_info    0x00000fb5      0x1b3 ../../BSP/Debug\libBSP.a(pbs.o)
 .debug_info    0x00001168      0x1ac ../../BSP/Debug\libBSP.a(rtc.o)
 .debug_info    0x00001314      0x10d ../../BSP/Debug\libBSP.a(segs.o)
 .debug_info    0x00001421      0x426 ../../BSP/Debug\libBSP.a(system.o)
 .debug_info    0x00001847      0x2c7 ../../BSP/Debug\libBSP.a(timers.o)
 .debug_info    0x00001b0e      0x2a5 ../../BSP/Debug\libBSP.a(uart.o)
 .debug_info    0x00001db3       0x95 ../../BSP/Debug\libBSP.a(font8x16.o)

.debug_line     0x00000000      0xd37
 .debug_line    0x00000000      0x19d ./lab12-queue.o
 .debug_line    0x0000019d      0x12b ../../BSP/Debug\libBSP.a(keypad.o)
 .debug_line    0x000002c8      0x240 ../../BSP/Debug\libBSP.a(lcd.o)
 .debug_line    0x00000508       0x89 ../../BSP/Debug\libBSP.a(leds.o)
 .debug_line    0x00000591      0x109 ../../BSP/Debug\libBSP.a(pbs.o)
 .debug_line    0x0000069a       0xe6 ../../BSP/Debug\libBSP.a(rtc.o)
 .debug_line    0x00000780       0x93 ../../BSP/Debug\libBSP.a(segs.o)
 .debug_line    0x00000813      0x233 ../../BSP/Debug\libBSP.a(system.o)
 .debug_line    0x00000a46      0x18f ../../BSP/Debug\libBSP.a(timers.o)
 .debug_line    0x00000bd5      0x10c ../../BSP/Debug\libBSP.a(uart.o)
 .debug_line    0x00000ce1       0x56 ../../BSP/Debug\libBSP.a(font8x16.o)

.debug_macinfo  0x00000000    0x31bbe
 .debug_macinfo
                0x00000000     0x55b4 ./lab12-queue.o
 .debug_macinfo
                0x000055b4     0x4eba ../../BSP/Debug\libBSP.a(keypad.o)
 .debug_macinfo
                0x0000a46e     0x43db ../../BSP/Debug\libBSP.a(lcd.o)
 .debug_macinfo
                0x0000e849     0x432c ../../BSP/Debug\libBSP.a(leds.o)
 .debug_macinfo
                0x00012b75     0x4d91 ../../BSP/Debug\libBSP.a(pbs.o)
 .debug_macinfo
                0x00017906     0x4cee ../../BSP/Debug\libBSP.a(rtc.o)
 .debug_macinfo
                0x0001c5f4     0x4d01 ../../BSP/Debug\libBSP.a(segs.o)
 .debug_macinfo
                0x000212f5     0x5568 ../../BSP/Debug\libBSP.a(system.o)
 .debug_macinfo
                0x0002685d     0x4d1b ../../BSP/Debug\libBSP.a(timers.o)
 .debug_macinfo
                0x0002b578     0x430d ../../BSP/Debug\libBSP.a(uart.o)
 .debug_macinfo
                0x0002f885     0x2339 ../../BSP/Debug\libBSP.a(font8x16.o)

.debug_loc      0x00000000     0x1600
 .debug_loc     0x00000000      0x2ec ./lab12-queue.o
 .debug_loc     0x000002ec      0x160 ../../BSP/Debug\libBSP.a(keypad.o)
 .debug_loc     0x0000044c      0x344 ../../BSP/Debug\libBSP.a(lcd.o)
 .debug_loc     0x00000790       0xdc ../../BSP/Debug\libBSP.a(leds.o)
 .debug_loc     0x0000086c      0x160 ../../BSP/Debug\libBSP.a(pbs.o)
 .debug_loc     0x000009cc       0xdc ../../BSP/Debug\libBSP.a(rtc.o)
 .debug_loc     0x00000aa8       0xb0 ../../BSP/Debug\libBSP.a(segs.o)
 .debug_loc     0x00000b58      0x688 ../../BSP/Debug\libBSP.a(system.o)
 .debug_loc     0x000011e0      0x294 ../../BSP/Debug\libBSP.a(timers.o)
 .debug_loc     0x00001474      0x18c ../../BSP/Debug\libBSP.a(uart.o)

.debug_pubnames
                0x00000000      0x8ec
 .debug_pubnames
                0x00000000       0xf6 ./lab12-queue.o
 .debug_pubnames
                0x000000f6       0xab ../../BSP/Debug\libBSP.a(keypad.o)
 .debug_pubnames
                0x000001a1      0x152 ../../BSP/Debug\libBSP.a(lcd.o)
 .debug_pubnames
                0x000002f3       0x55 ../../BSP/Debug\libBSP.a(leds.o)
 .debug_pubnames
                0x00000348       0x8e ../../BSP/Debug\libBSP.a(pbs.o)
 .debug_pubnames
                0x000003d6       0x5a ../../BSP/Debug\libBSP.a(rtc.o)
 .debug_pubnames
                0x00000430       0x4e ../../BSP/Debug\libBSP.a(segs.o)
 .debug_pubnames
                0x0000047e      0x29d ../../BSP/Debug\libBSP.a(system.o)
 .debug_pubnames
                0x0000071b      0x10f ../../BSP/Debug\libBSP.a(timers.o)
 .debug_pubnames
                0x0000082a       0xa7 ../../BSP/Debug\libBSP.a(uart.o)
 .debug_pubnames
                0x000008d1       0x1b ../../BSP/Debug\libBSP.a(font8x16.o)

.debug_pubtypes
                0x00000000      0x240
 .debug_pubtypes
                0x00000000       0x6a ./lab12-queue.o
 .debug_pubtypes
                0x0000006a       0x32 ../../BSP/Debug\libBSP.a(keypad.o)
 .debug_pubtypes
                0x0000009c       0x3c ../../BSP/Debug\libBSP.a(lcd.o)
 .debug_pubtypes
                0x000000d8       0x27 ../../BSP/Debug\libBSP.a(leds.o)
 .debug_pubtypes
                0x000000ff       0x32 ../../BSP/Debug\libBSP.a(pbs.o)
 .debug_pubtypes
                0x00000131       0x36 ../../BSP/Debug\libBSP.a(rtc.o)
 .debug_pubtypes
                0x00000167       0x1c ../../BSP/Debug\libBSP.a(segs.o)
 .debug_pubtypes
                0x00000183       0x27 ../../BSP/Debug\libBSP.a(system.o)
 .debug_pubtypes
                0x000001aa       0x3d ../../BSP/Debug\libBSP.a(timers.o)
 .debug_pubtypes
                0x000001e7       0x3d ../../BSP/Debug\libBSP.a(uart.o)
 .debug_pubtypes
                0x00000224       0x1c ../../BSP/Debug\libBSP.a(font8x16.o)

.debug_aranges  0x00000000      0x140
 .debug_aranges
                0x00000000       0x20 ./lab12-queue.o
 .debug_aranges
                0x00000020       0x20 ../../BSP/Debug\libBSP.a(keypad.o)
 .debug_aranges
                0x00000040       0x20 ../../BSP/Debug\libBSP.a(lcd.o)
 .debug_aranges
                0x00000060       0x20 ../../BSP/Debug\libBSP.a(leds.o)
 .debug_aranges
                0x00000080       0x20 ../../BSP/Debug\libBSP.a(pbs.o)
 .debug_aranges
                0x000000a0       0x20 ../../BSP/Debug\libBSP.a(rtc.o)
 .debug_aranges
                0x000000c0       0x20 ../../BSP/Debug\libBSP.a(segs.o)
 .debug_aranges
                0x000000e0       0x20 ../../BSP/Debug\libBSP.a(system.o)
 .debug_aranges
                0x00000100       0x20 ../../BSP/Debug\libBSP.a(timers.o)
 .debug_aranges
                0x00000120       0x20 ../../BSP/Debug\libBSP.a(uart.o)

.debug_str      0x00000000      0x943
 .debug_str     0x00000000      0x1f3 ./lab12-queue.o
                                0x223 (size before relaxing)
 .debug_str     0x000001f3       0xc2 ../../BSP/Debug\libBSP.a(keypad.o)
                                0x154 (size before relaxing)
 .debug_str     0x000002b5      0x150 ../../BSP/Debug\libBSP.a(lcd.o)
                                0x21f (size before relaxing)
 .debug_str     0x00000405       0x3d ../../BSP/Debug\libBSP.a(leds.o)
                                 0xee (size before relaxing)
 .debug_str     0x00000442       0x69 ../../BSP/Debug\libBSP.a(pbs.o)
                                0x12a (size before relaxing)
 .debug_str     0x000004ab       0x4c ../../BSP/Debug\libBSP.a(rtc.o)
                                0x125 (size before relaxing)
 .debug_str     0x000004f7       0x43 ../../BSP/Debug\libBSP.a(segs.o)
                                 0xf3 (size before relaxing)
 .debug_str     0x0000053a      0x26a ../../BSP/Debug\libBSP.a(system.o)
                                0x31b (size before relaxing)
 .debug_str     0x000007a4       0xf9 ../../BSP/Debug\libBSP.a(timers.o)
                                0x1b6 (size before relaxing)
 .debug_str     0x0000089d       0x94 ../../BSP/Debug\libBSP.a(uart.o)
                                0x158 (size before relaxing)
 .debug_str     0x00000931       0x12 ../../BSP/Debug\libBSP.a(font8x16.o)
                                 0xc1 (size before relaxing)

.comment        0x00000000       0x2a
 .comment       0x00000000       0x2a ./lab12-queue.o
                                 0x2b (size before relaxing)
 .comment       0x00000000       0x2b ../../BSP/Debug\libBSP.a(keypad.o)
 .comment       0x00000000       0x2b ../../BSP/Debug\libBSP.a(lcd.o)
 .comment       0x00000000       0x2b ../../BSP/Debug\libBSP.a(leds.o)
 .comment       0x00000000       0x2b ../../BSP/Debug\libBSP.a(pbs.o)
 .comment       0x00000000       0x2b ../../BSP/Debug\libBSP.a(rtc.o)
 .comment       0x00000000       0x2b ../../BSP/Debug\libBSP.a(segs.o)
 .comment       0x00000000       0x2b ../../BSP/Debug\libBSP.a(system.o)
 .comment       0x00000000       0x2b ../../BSP/Debug\libBSP.a(timers.o)
 .comment       0x00000000       0x2b ../../BSP/Debug\libBSP.a(uart.o)
 .comment       0x00000000       0x2b ../../BSP/Debug\libBSP.a(font8x16.o)

.ARM.attributes
                0x00000000       0x32
 .ARM.attributes
                0x00000000       0x32 ./lab12-queue.o
 .ARM.attributes
                0x00000032       0x32 ../../BSP/Debug\libBSP.a(keypad.o)
 .ARM.attributes
                0x00000064       0x32 ../../BSP/Debug\libBSP.a(lcd.o)
 .ARM.attributes
                0x00000096       0x32 ../../BSP/Debug\libBSP.a(leds.o)
 .ARM.attributes
                0x000000c8       0x32 ../../BSP/Debug\libBSP.a(pbs.o)
 .ARM.attributes
                0x000000fa       0x32 ../../BSP/Debug\libBSP.a(rtc.o)
 .ARM.attributes
                0x0000012c       0x32 ../../BSP/Debug\libBSP.a(segs.o)
 .ARM.attributes
                0x0000015e       0x32 ../../BSP/Debug\libBSP.a(system.o)
 .ARM.attributes
                0x00000190       0x32 ../../BSP/Debug\libBSP.a(timers.o)
 .ARM.attributes
                0x000001c2       0x32 ../../BSP/Debug\libBSP.a(uart.o)
 .ARM.attributes
                0x000001f4       0x32 ../../BSP/Debug\libBSP.a(font8x16.o)
 .ARM.attributes
                0x00000226       0x1a d:/programillasuni/eclipsearm/sourcery-g++-lite-arm-2011.03/bin/../lib/gcc/arm-none-eabi/4.5.2\libgcc.a(_udivsi3.o)
 .ARM.attributes
                0x00000240       0x18 d:/programillasuni/eclipsearm/sourcery-g++-lite-arm-2011.03/bin/../lib/gcc/arm-none-eabi/4.5.2\libgcc.a(_dvmd_tls.o)
 .ARM.attributes
                0x00000258       0x1a d:/programillasuni/eclipsearm/sourcery-g++-lite-arm-2011.03/bin/../lib/gcc/arm-none-eabi/4.5.2\libgcc.a(_aeabi_uldivmod.o)
 .ARM.attributes
                0x00000272       0x34 d:/programillasuni/eclipsearm/sourcery-g++-lite-arm-2011.03/bin/../lib/gcc/arm-none-eabi/4.5.2\libgcc.a(bpabi.o)
 .ARM.attributes
                0x000002a6       0x34 d:/programillasuni/eclipsearm/sourcery-g++-lite-arm-2011.03/bin/../lib/gcc/arm-none-eabi/4.5.2\libgcc.a(_divdi3.o)
 .ARM.attributes
                0x000002da       0x34 d:/programillasuni/eclipsearm/sourcery-g++-lite-arm-2011.03/bin/../lib/gcc/arm-none-eabi/4.5.2\libgcc.a(_udivdi3.o)
 .ARM.attributes
                0x0000030e       0x1a d:/programillasuni/eclipsearm/sourcery-g++-lite-arm-2011.03/bin/../lib/gcc/arm-none-eabi/4.5.2\libgcc.a(_clzsi2.o)

.debug_frame    0x00000000     0x131c
 .debug_frame   0x00000000      0x248 ./lab12-queue.o
 .debug_frame   0x00000248      0x110 ../../BSP/Debug\libBSP.a(keypad.o)
 .debug_frame   0x00000358      0x270 ../../BSP/Debug\libBSP.a(lcd.o)
 .debug_frame   0x000005c8       0xb0 ../../BSP/Debug\libBSP.a(leds.o)
 .debug_frame   0x00000678      0x110 ../../BSP/Debug\libBSP.a(pbs.o)
 .debug_frame   0x00000788       0xb0 ../../BSP/Debug\libBSP.a(rtc.o)
 .debug_frame   0x00000838       0x90 ../../BSP/Debug\libBSP.a(segs.o)
 .debug_frame   0x000008c8      0x644 ../../BSP/Debug\libBSP.a(system.o)
 .debug_frame   0x00000f0c      0x1f8 ../../BSP/Debug\libBSP.a(timers.o)
 .debug_frame   0x00001104      0x130 ../../BSP/Debug\libBSP.a(uart.o)
 .debug_frame   0x00001234       0x20 d:/programillasuni/eclipsearm/sourcery-g++-lite-arm-2011.03/bin/../lib/gcc/arm-none-eabi/4.5.2\libgcc.a(_udivsi3.o)
 .debug_frame   0x00001254       0x50 d:/programillasuni/eclipsearm/sourcery-g++-lite-arm-2011.03/bin/../lib/gcc/arm-none-eabi/4.5.2\libgcc.a(bpabi.o)
 .debug_frame   0x000012a4       0x3c d:/programillasuni/eclipsearm/sourcery-g++-lite-arm-2011.03/bin/../lib/gcc/arm-none-eabi/4.5.2\libgcc.a(_divdi3.o)
 .debug_frame   0x000012e0       0x3c d:/programillasuni/eclipsearm/sourcery-g++-lite-arm-2011.03/bin/../lib/gcc/arm-none-eabi/4.5.2\libgcc.a(_udivdi3.o)
