
Memory Configuration

Name             Origin             Length             Attributes
*default*        0x00000000         0xffffffff

Linker script and memory map

LOAD ./lab3.o
LOAD ./leds.o
LOAD ./segs.o
LOAD ./systemLab3.o
START GROUP
LOAD d:/programillasuni/eclipsearm/sourcery-g++-lite-arm-2011.03/bin/../lib/gcc/arm-none-eabi/4.5.2\libgcc.a
LOAD d:/programillasuni/eclipsearm/sourcery-g++-lite-arm-2011.03/bin/../lib/gcc/arm-none-eabi/4.5.2/../../../../arm-none-eabi/lib\libc.a
END GROUP
                0x0c100000                . = 0xc100000

.text           0x0c100000      0x514
 *(.text)
 .text          0x0c100000      0x138 ./lab3.o
                0x0c100000                main
                0x0c1000f4                one_second_loop
 .text          0x0c100138      0x164 ./leds.o
                0x0c100138                leds_init
                0x0c100178                led_on
                0x0c1001c0                led_off
                0x0c100204                led_toggle
                0x0c100248                led_status
 .text          0x0c10029c       0xd4 ./segs.o
                0x0c10029c                segs_init
                0x0c1002b8                segs_off
                0x0c1002f0                segs_putchar
                0x0c100348                segs_status
 .text          0x0c100370      0x1a4 ./systemLab3.o
                0x0c1004f8                sys_init

.glue_7         0x0c100514        0x0
 .glue_7        0x00000000        0x0 linker stubs

.glue_7t        0x0c100514        0x0
 .glue_7t       0x00000000        0x0 linker stubs

.vfp11_veneer   0x0c100514        0x0
 .vfp11_veneer  0x00000000        0x0 linker stubs

.v4_bx          0x0c100514        0x0
 .v4_bx         0x00000000        0x0 linker stubs

.rodata         0x0c100514       0x10
 *(.rodata)
 .rodata        0x0c100514       0x10 ./segs.o

.data           0x0c100524        0x0
 *(.data)
 .data          0x0c100524        0x0 ./lab3.o
 .data          0x0c100524        0x0 ./leds.o
 .data          0x0c100524        0x0 ./segs.o
 .data          0x0c100524        0x0 ./systemLab3.o

.bss            0x0c100524        0x1
 *(.bss)
 .bss           0x0c100524        0x0 ./lab3.o
 .bss           0x0c100524        0x0 ./leds.o
 .bss           0x0c100524        0x1 ./segs.o
 .bss           0x0c100525        0x0 ./systemLab3.o
                0x0c100525                end = .
OUTPUT(lab3.elf elf32-littlearm)

.debug_abbrev   0x00000000      0x213
 .debug_abbrev  0x00000000       0x74 ./lab3.o
 .debug_abbrev  0x00000074       0x8b ./leds.o
 .debug_abbrev  0x000000ff       0xb3 ./segs.o
 .debug_abbrev  0x000001b2       0x61 ./systemLab3.o

.debug_info     0x00000000      0x390
 .debug_info    0x00000000       0xc0 ./lab3.o
 .debug_info    0x000000c0      0x12d ./leds.o
 .debug_info    0x000001ed      0x10d ./segs.o
 .debug_info    0x000002fa       0x96 ./systemLab3.o

.debug_line     0x00000000      0x2fc
 .debug_line    0x00000000       0xeb ./lab3.o
 .debug_line    0x000000eb       0xa7 ./leds.o
 .debug_line    0x00000192       0xae ./segs.o
 .debug_line    0x00000240       0xbc ./systemLab3.o

.debug_macinfo  0x00000000     0xf6de
 .debug_macinfo
                0x00000000     0x23a2 ./lab3.o
 .debug_macinfo
                0x000023a2     0x432c ./leds.o
 .debug_macinfo
                0x000066ce     0x4d01 ./segs.o
 .debug_macinfo
                0x0000b3cf     0x430f ./systemLab3.o

.debug_loc      0x00000000      0x23c
 .debug_loc     0x00000000       0x58 ./lab3.o
 .debug_loc     0x00000058       0xdc ./leds.o
 .debug_loc     0x00000134       0xb0 ./segs.o
 .debug_loc     0x000001e4       0x58 ./systemLab3.o

.debug_pubnames
                0x00000000       0xf1
 .debug_pubnames
                0x00000000       0x2f ./lab3.o
 .debug_pubnames
                0x0000002f       0x55 ./leds.o
 .debug_pubnames
                0x00000084       0x4e ./segs.o
 .debug_pubnames
                0x000000d2       0x1f ./systemLab3.o

.debug_pubtypes
                0x00000000       0x87
 .debug_pubtypes
                0x00000000       0x27 ./lab3.o
 .debug_pubtypes
                0x00000027       0x27 ./leds.o
 .debug_pubtypes
                0x0000004e       0x1c ./segs.o
 .debug_pubtypes
                0x0000006a       0x1d ./systemLab3.o

.debug_aranges  0x00000000       0x80
 .debug_aranges
                0x00000000       0x20 ./lab3.o
 .debug_aranges
                0x00000020       0x20 ./leds.o
 .debug_aranges
                0x00000040       0x20 ./segs.o
 .debug_aranges
                0x00000060       0x20 ./systemLab3.o

.debug_str      0x00000000      0x159
 .debug_str     0x00000000       0xb8 ./lab3.o
                                 0xd1 (size before relaxing)
 .debug_str     0x000000b8       0x39 ./leds.o
                                 0xeb (size before relaxing)
 .debug_str     0x000000f1       0x45 ./segs.o
                                 0xf0 (size before relaxing)
 .debug_str     0x00000136       0x23 ./systemLab3.o
                                 0xcf (size before relaxing)

.comment        0x00000000       0x2a
 .comment       0x00000000       0x2a ./lab3.o
                                 0x2b (size before relaxing)
 .comment       0x00000000       0x2b ./leds.o
 .comment       0x00000000       0x2b ./segs.o
 .comment       0x00000000       0x2b ./systemLab3.o

.ARM.attributes
                0x00000000       0x32
 .ARM.attributes
                0x00000000       0x32 ./lab3.o
 .ARM.attributes
                0x00000032       0x32 ./leds.o
 .ARM.attributes
                0x00000064       0x32 ./segs.o
 .ARM.attributes
                0x00000096       0x32 ./systemLab3.o

.debug_frame    0x00000000      0x1e0
 .debug_frame   0x00000000       0x50 ./lab3.o
 .debug_frame   0x00000050       0xb0 ./leds.o
 .debug_frame   0x00000100       0x90 ./segs.o
 .debug_frame   0x00000190       0x50 ./systemLab3.o
