Archive member included because of file (symbol)

../../BSP/Debug\libBSP.a(keypad.o)
                              ./lab12-cyclic.o (keypad_scan)
../../BSP/Debug\libBSP.a(lcd.o)
                              ./lab12-cyclic.o (lcd_init)
../../BSP/Debug\libBSP.a(leds.o)
                              ./lab12-cyclic.o (leds_init)
../../BSP/Debug\libBSP.a(pbs.o)
                              ./lab12-cyclic.o (pbs_init)
../../BSP/Debug\libBSP.a(rtc.o)
                              ./lab12-cyclic.o (rtc_init)
../../BSP/Debug\libBSP.a(segs.o)
                              ./lab12-cyclic.o (segs_init)
../../BSP/Debug\libBSP.a(system.o)
                              ./lab12-cyclic.o (sys_init)
../../BSP/Debug\libBSP.a(timers.o)
                              ./lab12-cyclic.o (timers_init)
../../BSP/Debug\libBSP.a(uart.o)
                              ./lab12-cyclic.o (uart0_init)
../../BSP/Debug\libBSP.a(font8x16.o)
                              ../../BSP/Debug\libBSP.a(lcd.o) (font)
d:/programillasuni/eclipsearm/sourcery-g++-lite-arm-2011.03/bin/../lib/gcc/arm-none-eabi/4.5.2\libgcc.a(_udivsi3.o)
                              ../../BSP/Debug\libBSP.a(timers.o) (__aeabi_uidiv)
d:/programillasuni/eclipsearm/sourcery-g++-lite-arm-2011.03/bin/../lib/gcc/arm-none-eabi/4.5.2\libgcc.a(_dvmd_tls.o)
                              d:/programillasuni/eclipsearm/sourcery-g++-lite-arm-2011.03/bin/../lib/gcc/arm-none-eabi/4.5.2\libgcc.a(_udivsi3.o) (__aeabi_idiv0)
d:/programillasuni/eclipsearm/sourcery-g++-lite-arm-2011.03/bin/../lib/gcc/arm-none-eabi/4.5.2\libgcc.a(_aeabi_uldivmod.o)
                              ../../BSP/Debug\libBSP.a(timers.o) (__aeabi_uldivmod)
d:/programillasuni/eclipsearm/sourcery-g++-lite-arm-2011.03/bin/../lib/gcc/arm-none-eabi/4.5.2\libgcc.a(bpabi.o)
                              d:/programillasuni/eclipsearm/sourcery-g++-lite-arm-2011.03/bin/../lib/gcc/arm-none-eabi/4.5.2\libgcc.a(_aeabi_uldivmod.o) (__gnu_uldivmod_helper)
d:/programillasuni/eclipsearm/sourcery-g++-lite-arm-2011.03/bin/../lib/gcc/arm-none-eabi/4.5.2\libgcc.a(_divdi3.o)
                              d:/programillasuni/eclipsearm/sourcery-g++-lite-arm-2011.03/bin/../lib/gcc/arm-none-eabi/4.5.2\libgcc.a(bpabi.o) (__divdi3)
d:/programillasuni/eclipsearm/sourcery-g++-lite-arm-2011.03/bin/../lib/gcc/arm-none-eabi/4.5.2\libgcc.a(_udivdi3.o)
                              d:/programillasuni/eclipsearm/sourcery-g++-lite-arm-2011.03/bin/../lib/gcc/arm-none-eabi/4.5.2\libgcc.a(bpabi.o) (__udivdi3)
d:/programillasuni/eclipsearm/sourcery-g++-lite-arm-2011.03/bin/../lib/gcc/arm-none-eabi/4.5.2\libgcc.a(_clzsi2.o)
                              d:/programillasuni/eclipsearm/sourcery-g++-lite-arm-2011.03/bin/../lib/gcc/arm-none-eabi/4.5.2\libgcc.a(_divdi3.o) (__clzsi2)

Allocating common symbols
Common symbol       size              file

scancode            0x1               ./lab12-cyclic.o
lcd_buffer          0x9600            ../../BSP/Debug\libBSP.a(lcd.o)
flagTask5           0x1               ./lab12-cyclic.o
flagTask6           0x1               ./lab12-cyclic.o
flagPb              0x1               ./lab12-cyclic.o
flagTimer           0x1               ./lab12-cyclic.o
flagTask8           0x1               ./lab12-cyclic.o

Memory Configuration

Name             Origin             Length             Attributes
*default*        0x00000000         0xffffffff

Linker script and memory map

LOAD ./lab12-cyclic.o
LOAD ../../BSP/Debug\libBSP.a
START GROUP
LOAD d:/programillasuni/eclipsearm/sourcery-g++-lite-arm-2011.03/bin/../lib/gcc/arm-none-eabi/4.5.2\libgcc.a
LOAD d:/programillasuni/eclipsearm/sourcery-g++-lite-arm-2011.03/bin/../lib/gcc/arm-none-eabi/4.5.2/../../../../arm-none-eabi/lib\libc.a
END GROUP
                0x0c100000                . = 0xc100000

.text           0x0c100000     0x55f8
 *(.text)
 .text          0x0c100000      0x88c ./lab12-cyclic.o
                0x0c100000                main
                0x0c100154                JobA
                0x0c100174                JobB
                0x0c1001a0                JobC
                0x0c1001d0                JobD
                0x0c100208                JobE
                0x0c100244                Task1
                0x0c1002ac                Task2
                0x0c1003d8                Task3
                0x0c10047c                Task4
                0x0c100510                Task5
                0x0c1005a4                Task6
                0x0c100620                Task7
                0x0c100698                Task8
                0x0c10074c                Task9
                0x0c1007fc                isr_pb
                0x0c10084c                isr_tick
 .text          0x0c10088c      0x518 ../../BSP/Debug\libBSP.a(keypad.o)
                0x0c10088c                keypad_scan
                0x0c100ab0                keypad_pressed
                0x0c100ae4                keypad_open
                0x0c100b54                keypad_close
                0x0c100b98                keypad_init
                0x0c100bb4                keypad_getchar
                0x0c100c2c                keypad_getchartime
                0x0c100cd0                keypad_timeout_getchar
 .text          0x0c100da4     0x1240 ../../BSP/Debug\libBSP.a(lcd.o)
                0x0c100da4                lcd_init
                0x0c100f28                lcd_on
                0x0c100f64                lcd_off
                0x0c100fa0                lcd_status
                0x0c100fc8                lcd_clear
                0x0c10104c                lcd_putpixel
                0x0c101138                lcd_getpixel
                0x0c1011e8                lcd_draw_hline
                0x0c101288                lcd_draw_vline
                0x0c101328                lcd_draw_box
                0x0c1013d4                lcd_putchar
                0x0c101528                lcd_puts
                0x0c10159c                lcd_putint
                0x0c1016d0                lcd_puthex
                0x0c1017b0                lcd_putchar_x2
                0x0c101c00                lcd_puts_x2
                0x0c101c74                lcd_putint_x2
                0x0c101da8                lcd_puthex_x2
                0x0c101e88                lcd_putWallpaper
 .text          0x0c101fe4      0x164 ../../BSP/Debug\libBSP.a(leds.o)
                0x0c101fe4                leds_init
                0x0c102024                led_on
                0x0c10206c                led_off
                0x0c1020b0                led_toggle
                0x0c1020f4                led_status
 .text          0x0c102148      0x354 ../../BSP/Debug\libBSP.a(pbs.o)
                0x0c102148                pbs_init
                0x0c102164                pb_scan
                0x0c1021c0                pb_pressed
                0x0c1021f4                pb_getchar
                0x0c10225c                pb_getchartime
                0x0c102300                pb_timeout_getchar
                0x0c1023e8                pbs_open
                0x0c102458                pbs_close
 .text          0x0c10249c      0x880 ../../BSP/Debug\libBSP.a(rtc.o)
                0x0c10249c                rtc_init
                0x0c1025e0                rtc_puttime
                0x0c102854                rtc_gettime
                0x0c102c54                rtc_open
                0x0c102cc8                rtc_close
 .text          0x0c102d1c       0xd4 ../../BSP/Debug\libBSP.a(segs.o)
                0x0c102d1c                segs_init
                0x0c102d38                segs_off
                0x0c102d70                segs_putchar
                0x0c102dc8                segs_status
 .text          0x0c102df0      0xd60 ../../BSP/Debug\libBSP.a(system.o)
                0x0c102df0                sys_init
                0x0c1030c8                isr_SWI_dummy
                0x0c1030f4                isr_UNDEF_dummy
                0x0c103120                isr_IRQ_dummy
                0x0c10314c                isr_FIQ_dummy
                0x0c103178                isr_PABORT_dummy
                0x0c1031a4                isr_DABORT_dummy
                0x0c1031d0                isr_ADC_dummy
                0x0c1031fc                isr_RTC_dummy
                0x0c103228                isr_UTXD1_dummy
                0x0c103254                isr_UTXD0_dummy
                0x0c103280                isr_SIO_dummy
                0x0c1032ac                isr_IIC_dummy
                0x0c1032d8                isr_URXD1_dummy
                0x0c103304                isr_URXD0_dummy
                0x0c103330                isr_TIMER5_dummy
                0x0c10335c                isr_TIMER4_dummy
                0x0c103388                isr_TIMER3_dummy
                0x0c1033b4                isr_TIMER2_dummy
                0x0c1033e0                isr_TIMER1_dummy
                0x0c10340c                isr_TIMER0_dummy
                0x0c103438                isr_UERR01_dummy
                0x0c103464                isr_WDT_dummy
                0x0c103490                isr_BDMA1_dummy
                0x0c1034bc                isr_BDMA0_dummy
                0x0c1034e8                isr_ZDMA1_dummy
                0x0c103514                isr_ZDMA0_dummy
                0x0c103540                isr_TICK_dummy
                0x0c103568                isr_PB_dummy
                0x0c103594                isr_ETHERNET_dummy
                0x0c1035c0                isr_TS_dummy
                0x0c1035ec                isr_KEYPAD_dummy
                0x0c103618                isr_USB_dummy
                0x0c103900                sleep
 .text          0x0c103b50      0xa6c ../../BSP/Debug\libBSP.a(timers.o)
                0x0c103b50                timers_init
                0x0c103d10                wait_for_1s
                0x0c103dd4                wait_for_1ms
                0x0c103e94                timer3_delay_ms
                0x0c103ed8                sw_delay_ms
                0x0c103f30                timer3_delay_s
                0x0c103f74                sw_delay_s
                0x0c103fcc                timer3_start
                0x0c10407c                timer3_stop
                0x0c1040d0                timer3_start_timeout
                0x0c104188                timer3_timeout
                0x0c1041c4                timer0_open_tick
                0x0c104410                timer0_open_ms
                0x0c104524                timer0_close
 .text          0x0c1045bc      0x544 ../../BSP/Debug\libBSP.a(uart.o)
                0x0c1045bc                uart0_init
                0x0c104620                uart0_putchar
                0x0c104670                uart0_getchar
                0x0c1046b8                uart0_puts
                0x0c104720                uart0_putint
                0x0c104850                uart0_puthex
                0x0c104908                uart0_gets
                0x0c104978                uart0_getint
                0x0c104a4c                uart0_gethex
 .text          0x0c104b00        0x0 ../../BSP/Debug\libBSP.a(font8x16.o)
 .text          0x0c104b00      0x114 d:/programillasuni/eclipsearm/sourcery-g++-lite-arm-2011.03/bin/../lib/gcc/arm-none-eabi/4.5.2\libgcc.a(_udivsi3.o)
                0x0c104b00                __aeabi_uidiv
                0x0c104b00                __udivsi3
                0x0c104bf4                __aeabi_uidivmod
 .text          0x0c104c14        0x4 d:/programillasuni/eclipsearm/sourcery-g++-lite-arm-2011.03/bin/../lib/gcc/arm-none-eabi/4.5.2\libgcc.a(_dvmd_tls.o)
                0x0c104c14                __aeabi_idiv0
                0x0c104c14                __aeabi_ldiv0
 .text          0x0c104c18       0x3c d:/programillasuni/eclipsearm/sourcery-g++-lite-arm-2011.03/bin/../lib/gcc/arm-none-eabi/4.5.2\libgcc.a(_aeabi_uldivmod.o)
                0x0c104c18                __aeabi_uldivmod
 .text          0x0c104c54       0x80 d:/programillasuni/eclipsearm/sourcery-g++-lite-arm-2011.03/bin/../lib/gcc/arm-none-eabi/4.5.2\libgcc.a(bpabi.o)
                0x0c104c54                __gnu_ldivmod_helper
                0x0c104c94                __gnu_uldivmod_helper
 .text          0x0c104cd4      0x4a8 d:/programillasuni/eclipsearm/sourcery-g++-lite-arm-2011.03/bin/../lib/gcc/arm-none-eabi/4.5.2\libgcc.a(_divdi3.o)
                0x0c104cd4                __divdi3
 .text          0x0c10517c      0x434 d:/programillasuni/eclipsearm/sourcery-g++-lite-arm-2011.03/bin/../lib/gcc/arm-none-eabi/4.5.2\libgcc.a(_udivdi3.o)
                0x0c10517c                __udivdi3
 .text          0x0c1055b0       0x48 d:/programillasuni/eclipsearm/sourcery-g++-lite-arm-2011.03/bin/../lib/gcc/arm-none-eabi/4.5.2\libgcc.a(_clzsi2.o)
                0x0c1055b0                __clzsi2

.glue_7         0x0c1055f8        0x0
 .glue_7        0x00000000        0x0 linker stubs

.glue_7t        0x0c1055f8        0x0
 .glue_7t       0x00000000        0x0 linker stubs

.vfp11_veneer   0x0c1055f8        0x0
 .vfp11_veneer  0x00000000        0x0 linker stubs

.v4_bx          0x0c1055f8        0x0
 .v4_bx         0x00000000        0x0 linker stubs

.rodata         0x0c1055f8     0x1afc
 *(.rodata)
 .rodata        0x0c1055f8      0x4ac ./lab12-cyclic.o
                0x0c1055f8                pjobs
 .rodata        0x0c105aa4       0x10 ../../BSP/Debug\libBSP.a(segs.o)
 .rodata        0x0c105ab4      0x640 ../../BSP/Debug\libBSP.a(system.o)
 .rodata        0x0c1060f4     0x1000 ../../BSP/Debug\libBSP.a(font8x16.o)
                0x0c1060f4                font

.ARM.extab      0x0c1070f4        0x0
 .ARM.extab     0x0c1070f4        0x0 d:/programillasuni/eclipsearm/sourcery-g++-lite-arm-2011.03/bin/../lib/gcc/arm-none-eabi/4.5.2\libgcc.a(_divdi3.o)
 .ARM.extab     0x0c1070f4        0x0 d:/programillasuni/eclipsearm/sourcery-g++-lite-arm-2011.03/bin/../lib/gcc/arm-none-eabi/4.5.2\libgcc.a(_udivdi3.o)

.ARM.exidx      0x0c1070f4        0x8
 .ARM.exidx     0x0c1070f4        0x8 d:/programillasuni/eclipsearm/sourcery-g++-lite-arm-2011.03/bin/../lib/gcc/arm-none-eabi/4.5.2\libgcc.a(_divdi3.o)
 .ARM.exidx     0x0c1070fc        0x0 d:/programillasuni/eclipsearm/sourcery-g++-lite-arm-2011.03/bin/../lib/gcc/arm-none-eabi/4.5.2\libgcc.a(_udivdi3.o)
                                  0x8 (size before relaxing)

.data           0x0c1070fc        0x9
 *(.data)
 .data          0x0c1070fc        0x9 ./lab12-cyclic.o
 .data          0x0c107105        0x0 ../../BSP/Debug\libBSP.a(keypad.o)
 .data          0x0c107105        0x0 ../../BSP/Debug\libBSP.a(lcd.o)
 .data          0x0c107105        0x0 ../../BSP/Debug\libBSP.a(leds.o)
 .data          0x0c107105        0x0 ../../BSP/Debug\libBSP.a(pbs.o)
 .data          0x0c107105        0x0 ../../BSP/Debug\libBSP.a(rtc.o)
 .data          0x0c107105        0x0 ../../BSP/Debug\libBSP.a(segs.o)
 .data          0x0c107105        0x0 ../../BSP/Debug\libBSP.a(system.o)
 .data          0x0c107105        0x0 ../../BSP/Debug\libBSP.a(timers.o)
 .data          0x0c107105        0x0 ../../BSP/Debug\libBSP.a(uart.o)
 .data          0x0c107105        0x0 ../../BSP/Debug\libBSP.a(font8x16.o)
 .data          0x0c107105        0x0 d:/programillasuni/eclipsearm/sourcery-g++-lite-arm-2011.03/bin/../lib/gcc/arm-none-eabi/4.5.2\libgcc.a(_udivsi3.o)
 .data          0x0c107105        0x0 d:/programillasuni/eclipsearm/sourcery-g++-lite-arm-2011.03/bin/../lib/gcc/arm-none-eabi/4.5.2\libgcc.a(_dvmd_tls.o)
 .data          0x0c107105        0x0 d:/programillasuni/eclipsearm/sourcery-g++-lite-arm-2011.03/bin/../lib/gcc/arm-none-eabi/4.5.2\libgcc.a(_aeabi_uldivmod.o)
 .data          0x0c107105        0x0 d:/programillasuni/eclipsearm/sourcery-g++-lite-arm-2011.03/bin/../lib/gcc/arm-none-eabi/4.5.2\libgcc.a(bpabi.o)
 .data          0x0c107105        0x0 d:/programillasuni/eclipsearm/sourcery-g++-lite-arm-2011.03/bin/../lib/gcc/arm-none-eabi/4.5.2\libgcc.a(_divdi3.o)
 .data          0x0c107105        0x0 d:/programillasuni/eclipsearm/sourcery-g++-lite-arm-2011.03/bin/../lib/gcc/arm-none-eabi/4.5.2\libgcc.a(_udivdi3.o)
 .data          0x0c107105        0x0 d:/programillasuni/eclipsearm/sourcery-g++-lite-arm-2011.03/bin/../lib/gcc/arm-none-eabi/4.5.2\libgcc.a(_clzsi2.o)

.bss            0x0c107108     0x9620
 *(.bss)
 .bss           0x0c107108        0xc ./lab12-cyclic.o
 .bss           0x0c107114        0x0 ../../BSP/Debug\libBSP.a(keypad.o)
 .bss           0x0c107114        0x1 ../../BSP/Debug\libBSP.a(lcd.o)
 .bss           0x0c107115        0x0 ../../BSP/Debug\libBSP.a(leds.o)
 .bss           0x0c107115        0x0 ../../BSP/Debug\libBSP.a(pbs.o)
 .bss           0x0c107115        0x0 ../../BSP/Debug\libBSP.a(rtc.o)
 .bss           0x0c107115        0x1 ../../BSP/Debug\libBSP.a(segs.o)
 .bss           0x0c107116        0x0 ../../BSP/Debug\libBSP.a(system.o)
 *fill*         0x0c107116        0x2 00
 .bss           0x0c107118        0x8 ../../BSP/Debug\libBSP.a(timers.o)
 .bss           0x0c107120        0x0 ../../BSP/Debug\libBSP.a(uart.o)
 .bss           0x0c107120        0x0 ../../BSP/Debug\libBSP.a(font8x16.o)
 .bss           0x0c107120        0x0 d:/programillasuni/eclipsearm/sourcery-g++-lite-arm-2011.03/bin/../lib/gcc/arm-none-eabi/4.5.2\libgcc.a(_udivsi3.o)
 .bss           0x0c107120        0x0 d:/programillasuni/eclipsearm/sourcery-g++-lite-arm-2011.03/bin/../lib/gcc/arm-none-eabi/4.5.2\libgcc.a(_dvmd_tls.o)
 .bss           0x0c107120        0x0 d:/programillasuni/eclipsearm/sourcery-g++-lite-arm-2011.03/bin/../lib/gcc/arm-none-eabi/4.5.2\libgcc.a(_aeabi_uldivmod.o)
 .bss           0x0c107120        0x0 d:/programillasuni/eclipsearm/sourcery-g++-lite-arm-2011.03/bin/../lib/gcc/arm-none-eabi/4.5.2\libgcc.a(bpabi.o)
 .bss           0x0c107120        0x0 d:/programillasuni/eclipsearm/sourcery-g++-lite-arm-2011.03/bin/../lib/gcc/arm-none-eabi/4.5.2\libgcc.a(_divdi3.o)
 .bss           0x0c107120        0x0 d:/programillasuni/eclipsearm/sourcery-g++-lite-arm-2011.03/bin/../lib/gcc/arm-none-eabi/4.5.2\libgcc.a(_udivdi3.o)
 .bss           0x0c107120        0x0 d:/programillasuni/eclipsearm/sourcery-g++-lite-arm-2011.03/bin/../lib/gcc/arm-none-eabi/4.5.2\libgcc.a(_clzsi2.o)
 COMMON         0x0c107120        0x6 ./lab12-cyclic.o
                0x0c107120                scancode
                0x0c107121                flagTask5
                0x0c107122                flagTask6
                0x0c107123                flagPb
                0x0c107124                flagTimer
                0x0c107125                flagTask8
 *fill*         0x0c107126        0x2 00
 COMMON         0x0c107128     0x9600 ../../BSP/Debug\libBSP.a(lcd.o)
                0x0c107128                lcd_buffer
                0x0c110728                end = .
OUTPUT(lab12-cyclic.elf elf32-littlearm)

.debug_abbrev   0x00000000      0x978
 .debug_abbrev  0x00000000      0x151 ./lab12-cyclic.o
 .debug_abbrev  0x00000151       0xe9 ../../BSP/Debug\libBSP.a(keypad.o)
 .debug_abbrev  0x0000023a      0x160 ../../BSP/Debug\libBSP.a(lcd.o)
 .debug_abbrev  0x0000039a       0x8b ../../BSP/Debug\libBSP.a(leds.o)
 .debug_abbrev  0x00000425       0xc3 ../../BSP/Debug\libBSP.a(pbs.o)
 .debug_abbrev  0x000004e8       0xbe ../../BSP/Debug\libBSP.a(rtc.o)
 .debug_abbrev  0x000005a6       0xb3 ../../BSP/Debug\libBSP.a(segs.o)
 .debug_abbrev  0x00000659       0xeb ../../BSP/Debug\libBSP.a(system.o)
 .debug_abbrev  0x00000744       0xdd ../../BSP/Debug\libBSP.a(timers.o)
 .debug_abbrev  0x00000821       0xf4 ../../BSP/Debug\libBSP.a(uart.o)
 .debug_abbrev  0x00000915       0x63 ../../BSP/Debug\libBSP.a(font8x16.o)

.debug_info     0x00000000     0x1e16
 .debug_info    0x00000000      0x4af ./lab12-cyclic.o
 .debug_info    0x000004af      0x1d0 ../../BSP/Debug\libBSP.a(keypad.o)
 .debug_info    0x0000067f      0x7d7 ../../BSP/Debug\libBSP.a(lcd.o)
 .debug_info    0x00000e56      0x12d ../../BSP/Debug\libBSP.a(leds.o)
 .debug_info    0x00000f83      0x1b3 ../../BSP/Debug\libBSP.a(pbs.o)
 .debug_info    0x00001136      0x1ac ../../BSP/Debug\libBSP.a(rtc.o)
 .debug_info    0x000012e2      0x10d ../../BSP/Debug\libBSP.a(segs.o)
 .debug_info    0x000013ef      0x426 ../../BSP/Debug\libBSP.a(system.o)
 .debug_info    0x00001815      0x2c7 ../../BSP/Debug\libBSP.a(timers.o)
 .debug_info    0x00001adc      0x2a5 ../../BSP/Debug\libBSP.a(uart.o)
 .debug_info    0x00001d81       0x95 ../../BSP/Debug\libBSP.a(font8x16.o)

.debug_line     0x00000000      0xd52
 .debug_line    0x00000000      0x1b8 ./lab12-cyclic.o
 .debug_line    0x000001b8      0x12b ../../BSP/Debug\libBSP.a(keypad.o)
 .debug_line    0x000002e3      0x240 ../../BSP/Debug\libBSP.a(lcd.o)
 .debug_line    0x00000523       0x89 ../../BSP/Debug\libBSP.a(leds.o)
 .debug_line    0x000005ac      0x109 ../../BSP/Debug\libBSP.a(pbs.o)
 .debug_line    0x000006b5       0xe6 ../../BSP/Debug\libBSP.a(rtc.o)
 .debug_line    0x0000079b       0x93 ../../BSP/Debug\libBSP.a(segs.o)
 .debug_line    0x0000082e      0x233 ../../BSP/Debug\libBSP.a(system.o)
 .debug_line    0x00000a61      0x18f ../../BSP/Debug\libBSP.a(timers.o)
 .debug_line    0x00000bf0      0x10c ../../BSP/Debug\libBSP.a(uart.o)
 .debug_line    0x00000cfc       0x56 ../../BSP/Debug\libBSP.a(font8x16.o)

.debug_macinfo  0x00000000    0x31bfd
 .debug_macinfo
                0x00000000     0x55f3 ./lab12-cyclic.o
 .debug_macinfo
                0x000055f3     0x4eba ../../BSP/Debug\libBSP.a(keypad.o)
 .debug_macinfo
                0x0000a4ad     0x43db ../../BSP/Debug\libBSP.a(lcd.o)
 .debug_macinfo
                0x0000e888     0x432c ../../BSP/Debug\libBSP.a(leds.o)
 .debug_macinfo
                0x00012bb4     0x4d91 ../../BSP/Debug\libBSP.a(pbs.o)
 .debug_macinfo
                0x00017945     0x4cee ../../BSP/Debug\libBSP.a(rtc.o)
 .debug_macinfo
                0x0001c633     0x4d01 ../../BSP/Debug\libBSP.a(segs.o)
 .debug_macinfo
                0x00021334     0x5568 ../../BSP/Debug\libBSP.a(system.o)
 .debug_macinfo
                0x0002689c     0x4d1b ../../BSP/Debug\libBSP.a(timers.o)
 .debug_macinfo
                0x0002b5b7     0x430d ../../BSP/Debug\libBSP.a(uart.o)
 .debug_macinfo
                0x0002f8c4     0x2339 ../../BSP/Debug\libBSP.a(font8x16.o)

.debug_loc      0x00000000     0x1600
 .debug_loc     0x00000000      0x2ec ./lab12-cyclic.o
 .debug_loc     0x000002ec      0x160 ../../BSP/Debug\libBSP.a(keypad.o)
 .debug_loc     0x0000044c      0x344 ../../BSP/Debug\libBSP.a(lcd.o)
 .debug_loc     0x00000790       0xdc ../../BSP/Debug\libBSP.a(leds.o)
 .debug_loc     0x0000086c      0x160 ../../BSP/Debug\libBSP.a(pbs.o)
 .debug_loc     0x000009cc       0xdc ../../BSP/Debug\libBSP.a(rtc.o)
 .debug_loc     0x00000aa8       0xb0 ../../BSP/Debug\libBSP.a(segs.o)
 .debug_loc     0x00000b58      0x688 ../../BSP/Debug\libBSP.a(system.o)
 .debug_loc     0x000011e0      0x294 ../../BSP/Debug\libBSP.a(timers.o)
 .debug_loc     0x00001474      0x18c ../../BSP/Debug\libBSP.a(uart.o)

.debug_pubnames
                0x00000000      0x90a
 .debug_pubnames
                0x00000000      0x114 ./lab12-cyclic.o
 .debug_pubnames
                0x00000114       0xab ../../BSP/Debug\libBSP.a(keypad.o)
 .debug_pubnames
                0x000001bf      0x152 ../../BSP/Debug\libBSP.a(lcd.o)
 .debug_pubnames
                0x00000311       0x55 ../../BSP/Debug\libBSP.a(leds.o)
 .debug_pubnames
                0x00000366       0x8e ../../BSP/Debug\libBSP.a(pbs.o)
 .debug_pubnames
                0x000003f4       0x5a ../../BSP/Debug\libBSP.a(rtc.o)
 .debug_pubnames
                0x0000044e       0x4e ../../BSP/Debug\libBSP.a(segs.o)
 .debug_pubnames
                0x0000049c      0x29d ../../BSP/Debug\libBSP.a(system.o)
 .debug_pubnames
                0x00000739      0x10f ../../BSP/Debug\libBSP.a(timers.o)
 .debug_pubnames
                0x00000848       0xa7 ../../BSP/Debug\libBSP.a(uart.o)
 .debug_pubnames
                0x000008ef       0x1b ../../BSP/Debug\libBSP.a(font8x16.o)

.debug_pubtypes
                0x00000000      0x221
 .debug_pubtypes
                0x00000000       0x4b ./lab12-cyclic.o
 .debug_pubtypes
                0x0000004b       0x32 ../../BSP/Debug\libBSP.a(keypad.o)
 .debug_pubtypes
                0x0000007d       0x3c ../../BSP/Debug\libBSP.a(lcd.o)
 .debug_pubtypes
                0x000000b9       0x27 ../../BSP/Debug\libBSP.a(leds.o)
 .debug_pubtypes
                0x000000e0       0x32 ../../BSP/Debug\libBSP.a(pbs.o)
 .debug_pubtypes
                0x00000112       0x36 ../../BSP/Debug\libBSP.a(rtc.o)
 .debug_pubtypes
                0x00000148       0x1c ../../BSP/Debug\libBSP.a(segs.o)
 .debug_pubtypes
                0x00000164       0x27 ../../BSP/Debug\libBSP.a(system.o)
 .debug_pubtypes
                0x0000018b       0x3d ../../BSP/Debug\libBSP.a(timers.o)
 .debug_pubtypes
                0x000001c8       0x3d ../../BSP/Debug\libBSP.a(uart.o)
 .debug_pubtypes
                0x00000205       0x1c ../../BSP/Debug\libBSP.a(font8x16.o)

.debug_aranges  0x00000000      0x140
 .debug_aranges
                0x00000000       0x20 ./lab12-cyclic.o
 .debug_aranges
                0x00000020       0x20 ../../BSP/Debug\libBSP.a(keypad.o)
 .debug_aranges
                0x00000040       0x20 ../../BSP/Debug\libBSP.a(lcd.o)
 .debug_aranges
                0x00000060       0x20 ../../BSP/Debug\libBSP.a(leds.o)
 .debug_aranges
                0x00000080       0x20 ../../BSP/Debug\libBSP.a(pbs.o)
 .debug_aranges
                0x000000a0       0x20 ../../BSP/Debug\libBSP.a(rtc.o)
 .debug_aranges
                0x000000c0       0x20 ../../BSP/Debug\libBSP.a(segs.o)
 .debug_aranges
                0x000000e0       0x20 ../../BSP/Debug\libBSP.a(system.o)
 .debug_aranges
                0x00000100       0x20 ../../BSP/Debug\libBSP.a(timers.o)
 .debug_aranges
                0x00000120       0x20 ../../BSP/Debug\libBSP.a(uart.o)

.debug_str      0x00000000      0x8fb
 .debug_str     0x00000000      0x1a4 ./lab12-cyclic.o
                                0x1d9 (size before relaxing)
 .debug_str     0x000001a4       0xc9 ../../BSP/Debug\libBSP.a(keypad.o)
                                0x154 (size before relaxing)
 .debug_str     0x0000026d      0x150 ../../BSP/Debug\libBSP.a(lcd.o)
                                0x21f (size before relaxing)
 .debug_str     0x000003bd       0x3d ../../BSP/Debug\libBSP.a(leds.o)
                                 0xee (size before relaxing)
 .debug_str     0x000003fa       0x69 ../../BSP/Debug\libBSP.a(pbs.o)
                                0x12a (size before relaxing)
 .debug_str     0x00000463       0x4c ../../BSP/Debug\libBSP.a(rtc.o)
                                0x125 (size before relaxing)
 .debug_str     0x000004af       0x43 ../../BSP/Debug\libBSP.a(segs.o)
                                 0xf3 (size before relaxing)
 .debug_str     0x000004f2      0x26a ../../BSP/Debug\libBSP.a(system.o)
                                0x31b (size before relaxing)
 .debug_str     0x0000075c       0xf9 ../../BSP/Debug\libBSP.a(timers.o)
                                0x1b6 (size before relaxing)
 .debug_str     0x00000855       0x94 ../../BSP/Debug\libBSP.a(uart.o)
                                0x158 (size before relaxing)
 .debug_str     0x000008e9       0x12 ../../BSP/Debug\libBSP.a(font8x16.o)
                                 0xc1 (size before relaxing)

.comment        0x00000000       0x2a
 .comment       0x00000000       0x2a ./lab12-cyclic.o
                                 0x2b (size before relaxing)
 .comment       0x00000000       0x2b ../../BSP/Debug\libBSP.a(keypad.o)
 .comment       0x00000000       0x2b ../../BSP/Debug\libBSP.a(lcd.o)
 .comment       0x00000000       0x2b ../../BSP/Debug\libBSP.a(leds.o)
 .comment       0x00000000       0x2b ../../BSP/Debug\libBSP.a(pbs.o)
 .comment       0x00000000       0x2b ../../BSP/Debug\libBSP.a(rtc.o)
 .comment       0x00000000       0x2b ../../BSP/Debug\libBSP.a(segs.o)
 .comment       0x00000000       0x2b ../../BSP/Debug\libBSP.a(system.o)
 .comment       0x00000000       0x2b ../../BSP/Debug\libBSP.a(timers.o)
 .comment       0x00000000       0x2b ../../BSP/Debug\libBSP.a(uart.o)
 .comment       0x00000000       0x2b ../../BSP/Debug\libBSP.a(font8x16.o)

.ARM.attributes
                0x00000000       0x32
 .ARM.attributes
                0x00000000       0x32 ./lab12-cyclic.o
 .ARM.attributes
                0x00000032       0x32 ../../BSP/Debug\libBSP.a(keypad.o)
 .ARM.attributes
                0x00000064       0x32 ../../BSP/Debug\libBSP.a(lcd.o)
 .ARM.attributes
                0x00000096       0x32 ../../BSP/Debug\libBSP.a(leds.o)
 .ARM.attributes
                0x000000c8       0x32 ../../BSP/Debug\libBSP.a(pbs.o)
 .ARM.attributes
                0x000000fa       0x32 ../../BSP/Debug\libBSP.a(rtc.o)
 .ARM.attributes
                0x0000012c       0x32 ../../BSP/Debug\libBSP.a(segs.o)
 .ARM.attributes
                0x0000015e       0x32 ../../BSP/Debug\libBSP.a(system.o)
 .ARM.attributes
                0x00000190       0x32 ../../BSP/Debug\libBSP.a(timers.o)
 .ARM.attributes
                0x000001c2       0x32 ../../BSP/Debug\libBSP.a(uart.o)
 .ARM.attributes
                0x000001f4       0x32 ../../BSP/Debug\libBSP.a(font8x16.o)
 .ARM.attributes
                0x00000226       0x1a d:/programillasuni/eclipsearm/sourcery-g++-lite-arm-2011.03/bin/../lib/gcc/arm-none-eabi/4.5.2\libgcc.a(_udivsi3.o)
 .ARM.attributes
                0x00000240       0x18 d:/programillasuni/eclipsearm/sourcery-g++-lite-arm-2011.03/bin/../lib/gcc/arm-none-eabi/4.5.2\libgcc.a(_dvmd_tls.o)
 .ARM.attributes
                0x00000258       0x1a d:/programillasuni/eclipsearm/sourcery-g++-lite-arm-2011.03/bin/../lib/gcc/arm-none-eabi/4.5.2\libgcc.a(_aeabi_uldivmod.o)
 .ARM.attributes
                0x00000272       0x34 d:/programillasuni/eclipsearm/sourcery-g++-lite-arm-2011.03/bin/../lib/gcc/arm-none-eabi/4.5.2\libgcc.a(bpabi.o)
 .ARM.attributes
                0x000002a6       0x34 d:/programillasuni/eclipsearm/sourcery-g++-lite-arm-2011.03/bin/../lib/gcc/arm-none-eabi/4.5.2\libgcc.a(_divdi3.o)
 .ARM.attributes
                0x000002da       0x34 d:/programillasuni/eclipsearm/sourcery-g++-lite-arm-2011.03/bin/../lib/gcc/arm-none-eabi/4.5.2\libgcc.a(_udivdi3.o)
 .ARM.attributes
                0x0000030e       0x1a d:/programillasuni/eclipsearm/sourcery-g++-lite-arm-2011.03/bin/../lib/gcc/arm-none-eabi/4.5.2\libgcc.a(_clzsi2.o)

.debug_frame    0x00000000     0x1314
 .debug_frame   0x00000000      0x240 ./lab12-cyclic.o
 .debug_frame   0x00000240      0x110 ../../BSP/Debug\libBSP.a(keypad.o)
 .debug_frame   0x00000350      0x270 ../../BSP/Debug\libBSP.a(lcd.o)
 .debug_frame   0x000005c0       0xb0 ../../BSP/Debug\libBSP.a(leds.o)
 .debug_frame   0x00000670      0x110 ../../BSP/Debug\libBSP.a(pbs.o)
 .debug_frame   0x00000780       0xb0 ../../BSP/Debug\libBSP.a(rtc.o)
 .debug_frame   0x00000830       0x90 ../../BSP/Debug\libBSP.a(segs.o)
 .debug_frame   0x000008c0      0x644 ../../BSP/Debug\libBSP.a(system.o)
 .debug_frame   0x00000f04      0x1f8 ../../BSP/Debug\libBSP.a(timers.o)
 .debug_frame   0x000010fc      0x130 ../../BSP/Debug\libBSP.a(uart.o)
 .debug_frame   0x0000122c       0x20 d:/programillasuni/eclipsearm/sourcery-g++-lite-arm-2011.03/bin/../lib/gcc/arm-none-eabi/4.5.2\libgcc.a(_udivsi3.o)
 .debug_frame   0x0000124c       0x50 d:/programillasuni/eclipsearm/sourcery-g++-lite-arm-2011.03/bin/../lib/gcc/arm-none-eabi/4.5.2\libgcc.a(bpabi.o)
 .debug_frame   0x0000129c       0x3c d:/programillasuni/eclipsearm/sourcery-g++-lite-arm-2011.03/bin/../lib/gcc/arm-none-eabi/4.5.2\libgcc.a(_divdi3.o)
 .debug_frame   0x000012d8       0x3c d:/programillasuni/eclipsearm/sourcery-g++-lite-arm-2011.03/bin/../lib/gcc/arm-none-eabi/4.5.2\libgcc.a(_udivdi3.o)
