Archive member included because of file (symbol)

../../BSP/Debug\libBSP.a(keypad.o)
                              ./lab14.o (keypad_scan)
../../BSP/Debug\libBSP.a(lcd.o)
                              ./lab14.o (lcd_init)
../../BSP/Debug\libBSP.a(leds.o)
                              ./lab14.o (leds_init)
../../BSP/Debug\libBSP.a(pbs.o)
                              ./lab14.o (pbs_init)
../../BSP/Debug\libBSP.a(rtc.o)
                              ./lab14.o (rtc_init)
../../BSP/Debug\libBSP.a(segs.o)
                              ./lab14.o (segs_init)
../../BSP/Debug\libBSP.a(system.o)
                              ./lab14.o (sys_init)
../../BSP/Debug\libBSP.a(timers.o)
                              ./lab14.o (timers_init)
../../BSP/Debug\libBSP.a(uart.o)
                              ./lab14.o (uart0_init)
../../BSP/Debug\libBSP.a(font8x16.o)
                              ../../BSP/Debug\libBSP.a(lcd.o) (font)
d:/programillasuni/eclipsearm/sourcery-g++-lite-arm-2011.03/bin/../lib/gcc/arm-none-eabi/4.5.2\libgcc.a(_udivsi3.o)
                              ./os_core/os_core.o (__aeabi_uidiv)
d:/programillasuni/eclipsearm/sourcery-g++-lite-arm-2011.03/bin/../lib/gcc/arm-none-eabi/4.5.2\libgcc.a(_dvmd_tls.o)
                              d:/programillasuni/eclipsearm/sourcery-g++-lite-arm-2011.03/bin/../lib/gcc/arm-none-eabi/4.5.2\libgcc.a(_udivsi3.o) (__aeabi_idiv0)
d:/programillasuni/eclipsearm/sourcery-g++-lite-arm-2011.03/bin/../lib/gcc/arm-none-eabi/4.5.2\libgcc.a(_aeabi_uldivmod.o)
                              ../../BSP/Debug\libBSP.a(timers.o) (__aeabi_uldivmod)
d:/programillasuni/eclipsearm/sourcery-g++-lite-arm-2011.03/bin/../lib/gcc/arm-none-eabi/4.5.2\libgcc.a(bpabi.o)
                              d:/programillasuni/eclipsearm/sourcery-g++-lite-arm-2011.03/bin/../lib/gcc/arm-none-eabi/4.5.2\libgcc.a(_aeabi_uldivmod.o) (__gnu_uldivmod_helper)
d:/programillasuni/eclipsearm/sourcery-g++-lite-arm-2011.03/bin/../lib/gcc/arm-none-eabi/4.5.2\libgcc.a(_divdi3.o)
                              d:/programillasuni/eclipsearm/sourcery-g++-lite-arm-2011.03/bin/../lib/gcc/arm-none-eabi/4.5.2\libgcc.a(bpabi.o) (__divdi3)
d:/programillasuni/eclipsearm/sourcery-g++-lite-arm-2011.03/bin/../lib/gcc/arm-none-eabi/4.5.2\libgcc.a(_udivdi3.o)
                              d:/programillasuni/eclipsearm/sourcery-g++-lite-arm-2011.03/bin/../lib/gcc/arm-none-eabi/4.5.2\libgcc.a(bpabi.o) (__udivdi3)
d:/programillasuni/eclipsearm/sourcery-g++-lite-arm-2011.03/bin/../lib/gcc/arm-none-eabi/4.5.2\libgcc.a(_clzsi2.o)
                              d:/programillasuni/eclipsearm/sourcery-g++-lite-arm-2011.03/bin/../lib/gcc/arm-none-eabi/4.5.2\libgcc.a(_divdi3.o) (__clzsi2)

Allocating common symbols
Common symbol       size              file

Task3Stk            0xa000            ./lab14.o
Task7Stk            0xa000            ./lab14.o
OSLockNesting       0x1               ./os_core/os_core.o
Task4Stk            0xa000            ./lab14.o
OSRunning           0x1               ./os_core/os_core.o
OSIdleCtr           0x4               ./os_core/os_core.o
OSPrioHighRdy       0x1               ./os_core/os_core.o
OSFlagTbl           0xdc              ./os_core/os_core.o
OSPrioCur           0x1               ./os_core/os_core.o
OSTCBList           0x4               ./os_core/os_core.o
OSMemTbl            0x104             ./os_core/os_core.o
OSTickStepState     0x1               ./os_core/os_core.o
OSTaskStatStk       0x800             ./os_core/os_core.o
OSCtxSwCtr          0x4               ./os_core/os_core.o
lcd_buffer          0x9600            ../../BSP/Debug\libBSP.a(lcd.o)
OSIdleCtrMax        0x4               ./os_core/os_core.o
OSTCBFreeList       0x4               ./os_core/os_core.o
keypadMbox          0x4               ./lab14.o
OSCPUUsage          0x1               ./os_core/os_core.o
flagPb              0x4               ./lab14.o
Task2Stk            0xa000            ./lab14.o
OSTaskCtr           0x1               ./os_core/os_core.o
uart0Sem            0x4               ./lab14.o
OSMemFreeList       0x4               ./os_core/os_core.o
Task6Stk            0xa000            ./lab14.o
OSQTbl              0x60              ./os_core/os_core.o
OSTCBHighRdy        0x4               ./os_core/os_core.o
OSQFreeList         0x4               ./os_core/os_core.o
OSRdyGrp            0x1               ./os_core/os_core.o
Task1Stk            0xa000            ./lab14.o
OSRdyTbl            0x8               ./os_core/os_core.o
Task9Stk            0xa000            ./lab14.o
OSEventFreeList     0x4               ./os_core/os_core.o
Task8Stk            0xa000            ./lab14.o
OSIntNesting        0x1               ./os_core/os_core.o
TaskStartStk        0xa000            ./lab14.o
OSTCBCur            0x4               ./os_core/os_core.o
Task5Stk            0xa000            ./lab14.o
OSTime              0x4               ./os_core/os_core.o
OSTaskIdleStk       0x800             ./os_core/os_core.o
OSEventTbl          0x1e0             ./os_core/os_core.o
OSTCBTbl            0x8f0             ./os_core/os_core.o
OSFlagFreeList      0x4               ./os_core/os_core.o
OSStatRdy           0x1               ./os_core/os_core.o
OSTCBPrioTbl        0x100             ./os_core/os_core.o
OSIdleCtrRun        0x4               ./os_core/os_core.o

Memory Configuration

Name             Origin             Length             Attributes
*default*        0x00000000         0xffffffff

Linker script and memory map

LOAD ./os_port/os_cpu_a.o
LOAD ./os_port/os_cpu_c.o
LOAD ./os_port/os_cpu_isr_wrapper.o
LOAD ./os_core/os_core.o
LOAD ./os_core/os_dbg_r.o
LOAD ./os_core/os_flag.o
LOAD ./os_core/os_mbox.o
LOAD ./os_core/os_mem.o
LOAD ./os_core/os_mutex.o
LOAD ./os_core/os_q.o
LOAD ./os_core/os_sem.o
LOAD ./os_core/os_task.o
LOAD ./os_core/os_time.o
LOAD ./os_core/ucos_ii.o
LOAD ./lab14-isr-wrappers.o
LOAD ./lab14.o
LOAD ../../BSP/Debug\libBSP.a
START GROUP
LOAD d:/programillasuni/eclipsearm/sourcery-g++-lite-arm-2011.03/bin/../lib/gcc/arm-none-eabi/4.5.2\libgcc.a
LOAD d:/programillasuni/eclipsearm/sourcery-g++-lite-arm-2011.03/bin/../lib/gcc/arm-none-eabi/4.5.2/../../../../arm-none-eabi/lib\libc.a
END GROUP
                0x0c100000                . = 0xc100000

.text           0x0c100000     0xe170
 *(.text)
 .text          0x0c100000      0x110 ./os_port/os_cpu_a.o
                0x0c100000                OSStartHighRdy
                0x0c100028                OSCtxSw
                0x0c100044                OSIntCtxSw
                0x0c100078                OSTickISR
 .text          0x0c100110      0x29c ./os_port/os_cpu_c.o
                0x0c100110                OSInitHookBegin
                0x0c100128                OSInitHookEnd
                0x0c100140                OSTaskCreateHook
                0x0c100160                OSTaskDelHook
                0x0c100180                OSTaskIdleHook
                0x0c10019c                OSTaskStatHook
                0x0c1001b4                OSTaskStkInit
                0x0c10035c                OSTaskSwHook
                0x0c100374                OSTCBInitHook
                0x0c100394                OSTimeTickHook
 .text          0x0c1003ac        0x0 ./os_port/os_cpu_isr_wrapper.o
 .text          0x0c1003ac     0x1a58 ./os_core/os_core.o
                0x0c1003ac                OSEventNameGet
                0x0c10049c                OSEventNameSet
                0x0c1005a8                OSInit
                0x0c1005f0                OSIntEnter
                0x0c100648                OSIntExit
                0x0c1007a4                OSSchedLock
                0x0c100814                OSSchedUnlock
                0x0c1008d0                OSStart
                0x0c1009ac                OSStatInit
                0x0c100a38                OSTimeTick
                0x0c100c54                OSVersion
                0x0c100c74                OS_Dummy
                0x0c100c8c                OS_EventTaskRdy
                0x0c100e98                OS_EventTaskWait
                0x0c100ff0                OS_EventTO
                0x0c101104                OS_EventWaitListInit
                0x0c101618                OS_MemClr
                0x0c101674                OS_MemCopy
                0x0c1016e4                OS_Sched
                0x0c101804                OS_StrCopy
                0x0c10188c                OS_StrLen
                0x0c1018e8                OS_TaskIdle
                0x0c101934                OS_TaskStat
                0x0c101a64                OS_TaskStatStkChk
                0x0c101b24                OS_TCBInit
 .text          0x0c101e04      0x238 ./os_core/os_dbg_r.o
                0x0c101e04                OSDebugInit
 .text          0x0c10203c     0x16cc ./os_core/os_flag.o
                0x0c10203c                OSFlagAccept
                0x0c102360                OSFlagCreate
                0x0c102464                OSFlagDel
                0x0c1026a4                OSFlagNameGet
                0x0c102790                OSFlagNameSet
                0x0c102898                OSFlagPend
                0x0c102e04                OSFlagPendGetFlagsRdy
                0x0c102e54                OSFlagPost
                0x0c103214                OSFlagQuery
                0x0c103468                OS_FlagInit
                0x0c103654                OS_FlagUnlink
 .text          0x0c103708      0x95c ./os_core/os_mbox.o
                0x0c103708                OSMboxAccept
                0x0c10378c                OSMboxCreate
                0x0c103870                OSMboxDel
                0x0c103aa4                OSMboxPend
                0x0c103c88                OSMboxPost
                0x0c103d6c                OSMboxPostOpt
                0x0c103e94                OSMboxQuery
 .text          0x0c104064      0x6ac ./os_core/os_mem.o
                0x0c104064                OSMemCreate
                0x0c104224                OSMemGet
                0x0c1042f0                OSMemNameGet
                0x0c1043b0                OSMemNameSet
                0x0c10448c                OSMemPut
                0x0c104550                OSMemQuery
                0x0c104628                OS_MemInit
 .text          0x0c104710     0x1044 ./os_core/os_mutex.o
                0x0c104710                OSMutexAccept
                0x0c104854                OSMutexCreate
                0x0c1049f8                OSMutexDel
                0x0c104c80                OSMutexPend
                0x0c1051bc                OSMutexPost
                0x0c10551c                OSMutexQuery
 .text          0x0c105754      0xf64 ./os_core/os_q.o
                0x0c105754                OSQAccept
                0x0c10587c                OSQCreate
                0x0c105a34                OSQDel
                0x0c105cbc                OSQFlush
                0x0c105d60                OSQPend
                0x0c105f9c                OSQPost
                0x0c1060d4                OSQPostFront
                0x0c106214                OSQPostOpt
                0x0c1063f0                OSQQuery
                0x0c106610                OS_QInit
 .text          0x0c1066b8      0x8d8 ./os_core/os_sem.o
                0x0c1066b8                OSSemAccept
                0x0c106758                OSSemCreate
                0x0c106840                OSSemDel
                0x0c106a74                OSSemPend
                0x0c106c14                OSSemPost
                0x0c106cf8                OSSemQuery
                0x0c106ec8                OSSemSet
 .text          0x0c106f90     0x146c ./os_core/os_task.o
                0x0c106f90                OSTaskChangePrio
                0x0c107354                OSTaskCreate
                0x0c1074b0                OSTaskCreateExt
                0x0c107620                OSTaskDel
                0x0c1079fc                OSTaskDelReq
                0x0c107b0c                OSTaskNameGet
                0x0c107c50                OSTaskNameSet
                0x0c107da8                OSTaskResume
                0x0c107f1c                OSTaskStkChk
                0x0c1080b0                OSTaskSuspend
                0x0c10828c                OSTaskQuery
                0x0c108378                OS_TaskStkClr
 .text          0x0c1083fc      0x4d0 ./os_core/os_time.o
                0x0c1083fc                OSTimeDly
                0x0c108500                OSTimeDlyHMSM
                0x0c1086a4                OSTimeDlyResume
                0x0c108838                OSTimeGet
                0x0c108884                OSTimeSet
 .text          0x0c1088cc        0x0 ./os_core/ucos_ii.o
 .text          0x0c1088cc       0x78 ./lab14-isr-wrappers.o
                0x0c1088cc                OS_CPU_isr_pb
 .text          0x0c108944      0xac0 ./lab14.o
                0x0c108944                main
                0x0c108a28                TaskStart
                0x0c108bec                Task1
                0x0c108c84                Task2
                0x0c108d70                Task3
                0x0c108e88                Task4
                0x0c108f74                Task5
                0x0c10907c                Task6
                0x0c109124                Task7
                0x0c109208                Task8
                0x0c1092dc                Task9
                0x0c1093b8                isr_pb
 .text          0x0c109404      0x518 ../../BSP/Debug\libBSP.a(keypad.o)
                0x0c109404                keypad_scan
                0x0c109628                keypad_pressed
                0x0c10965c                keypad_open
                0x0c1096cc                keypad_close
                0x0c109710                keypad_init
                0x0c10972c                keypad_getchar
                0x0c1097a4                keypad_getchartime
                0x0c109848                keypad_timeout_getchar
 .text          0x0c10991c     0x1240 ../../BSP/Debug\libBSP.a(lcd.o)
                0x0c10991c                lcd_init
                0x0c109aa0                lcd_on
                0x0c109adc                lcd_off
                0x0c109b18                lcd_status
                0x0c109b40                lcd_clear
                0x0c109bc4                lcd_putpixel
                0x0c109cb0                lcd_getpixel
                0x0c109d60                lcd_draw_hline
                0x0c109e00                lcd_draw_vline
                0x0c109ea0                lcd_draw_box
                0x0c109f4c                lcd_putchar
                0x0c10a0a0                lcd_puts
                0x0c10a114                lcd_putint
                0x0c10a248                lcd_puthex
                0x0c10a328                lcd_putchar_x2
                0x0c10a778                lcd_puts_x2
                0x0c10a7ec                lcd_putint_x2
                0x0c10a920                lcd_puthex_x2
                0x0c10aa00                lcd_putWallpaper
 .text          0x0c10ab5c      0x164 ../../BSP/Debug\libBSP.a(leds.o)
                0x0c10ab5c                leds_init
                0x0c10ab9c                led_on
                0x0c10abe4                led_off
                0x0c10ac28                led_toggle
                0x0c10ac6c                led_status
 .text          0x0c10acc0      0x354 ../../BSP/Debug\libBSP.a(pbs.o)
                0x0c10acc0                pbs_init
                0x0c10acdc                pb_scan
                0x0c10ad38                pb_pressed
                0x0c10ad6c                pb_getchar
                0x0c10add4                pb_getchartime
                0x0c10ae78                pb_timeout_getchar
                0x0c10af60                pbs_open
                0x0c10afd0                pbs_close
 .text          0x0c10b014      0x880 ../../BSP/Debug\libBSP.a(rtc.o)
                0x0c10b014                rtc_init
                0x0c10b158                rtc_puttime
                0x0c10b3cc                rtc_gettime
                0x0c10b7cc                rtc_open
                0x0c10b840                rtc_close
 .text          0x0c10b894       0xd4 ../../BSP/Debug\libBSP.a(segs.o)
                0x0c10b894                segs_init
                0x0c10b8b0                segs_off
                0x0c10b8e8                segs_putchar
                0x0c10b940                segs_status
 .text          0x0c10b968      0xd60 ../../BSP/Debug\libBSP.a(system.o)
                0x0c10b968                sys_init
                0x0c10bc40                isr_SWI_dummy
                0x0c10bc6c                isr_UNDEF_dummy
                0x0c10bc98                isr_IRQ_dummy
                0x0c10bcc4                isr_FIQ_dummy
                0x0c10bcf0                isr_PABORT_dummy
                0x0c10bd1c                isr_DABORT_dummy
                0x0c10bd48                isr_ADC_dummy
                0x0c10bd74                isr_RTC_dummy
                0x0c10bda0                isr_UTXD1_dummy
                0x0c10bdcc                isr_UTXD0_dummy
                0x0c10bdf8                isr_SIO_dummy
                0x0c10be24                isr_IIC_dummy
                0x0c10be50                isr_URXD1_dummy
                0x0c10be7c                isr_URXD0_dummy
                0x0c10bea8                isr_TIMER5_dummy
                0x0c10bed4                isr_TIMER4_dummy
                0x0c10bf00                isr_TIMER3_dummy
                0x0c10bf2c                isr_TIMER2_dummy
                0x0c10bf58                isr_TIMER1_dummy
                0x0c10bf84                isr_TIMER0_dummy
                0x0c10bfb0                isr_UERR01_dummy
                0x0c10bfdc                isr_WDT_dummy
                0x0c10c008                isr_BDMA1_dummy
                0x0c10c034                isr_BDMA0_dummy
                0x0c10c060                isr_ZDMA1_dummy
                0x0c10c08c                isr_ZDMA0_dummy
                0x0c10c0b8                isr_TICK_dummy
                0x0c10c0e0                isr_PB_dummy
                0x0c10c10c                isr_ETHERNET_dummy
                0x0c10c138                isr_TS_dummy
                0x0c10c164                isr_KEYPAD_dummy
                0x0c10c190                isr_USB_dummy
                0x0c10c478                sleep
 .text          0x0c10c6c8      0xa6c ../../BSP/Debug\libBSP.a(timers.o)
                0x0c10c6c8                timers_init
                0x0c10c888                wait_for_1s
                0x0c10c94c                wait_for_1ms
                0x0c10ca0c                timer3_delay_ms
                0x0c10ca50                sw_delay_ms
                0x0c10caa8                timer3_delay_s
                0x0c10caec                sw_delay_s
                0x0c10cb44                timer3_start
                0x0c10cbf4                timer3_stop
                0x0c10cc48                timer3_start_timeout
                0x0c10cd00                timer3_timeout
                0x0c10cd3c                timer0_open_tick
                0x0c10cf88                timer0_open_ms
                0x0c10d09c                timer0_close
 .text          0x0c10d134      0x544 ../../BSP/Debug\libBSP.a(uart.o)
                0x0c10d134                uart0_init
                0x0c10d198                uart0_putchar
                0x0c10d1e8                uart0_getchar
                0x0c10d230                uart0_puts
                0x0c10d298                uart0_putint
                0x0c10d3c8                uart0_puthex
                0x0c10d480                uart0_gets
                0x0c10d4f0                uart0_getint
                0x0c10d5c4                uart0_gethex
 .text          0x0c10d678        0x0 ../../BSP/Debug\libBSP.a(font8x16.o)
 .text          0x0c10d678      0x114 d:/programillasuni/eclipsearm/sourcery-g++-lite-arm-2011.03/bin/../lib/gcc/arm-none-eabi/4.5.2\libgcc.a(_udivsi3.o)
                0x0c10d678                __aeabi_uidiv
                0x0c10d678                __udivsi3
                0x0c10d76c                __aeabi_uidivmod
 .text          0x0c10d78c        0x4 d:/programillasuni/eclipsearm/sourcery-g++-lite-arm-2011.03/bin/../lib/gcc/arm-none-eabi/4.5.2\libgcc.a(_dvmd_tls.o)
                0x0c10d78c                __aeabi_idiv0
                0x0c10d78c                __aeabi_ldiv0
 .text          0x0c10d790       0x3c d:/programillasuni/eclipsearm/sourcery-g++-lite-arm-2011.03/bin/../lib/gcc/arm-none-eabi/4.5.2\libgcc.a(_aeabi_uldivmod.o)
                0x0c10d790                __aeabi_uldivmod
 .text          0x0c10d7cc       0x80 d:/programillasuni/eclipsearm/sourcery-g++-lite-arm-2011.03/bin/../lib/gcc/arm-none-eabi/4.5.2\libgcc.a(bpabi.o)
                0x0c10d7cc                __gnu_ldivmod_helper
                0x0c10d80c                __gnu_uldivmod_helper
 .text          0x0c10d84c      0x4a8 d:/programillasuni/eclipsearm/sourcery-g++-lite-arm-2011.03/bin/../lib/gcc/arm-none-eabi/4.5.2\libgcc.a(_divdi3.o)
                0x0c10d84c                __divdi3
 .text          0x0c10dcf4      0x434 d:/programillasuni/eclipsearm/sourcery-g++-lite-arm-2011.03/bin/../lib/gcc/arm-none-eabi/4.5.2\libgcc.a(_udivdi3.o)
                0x0c10dcf4                __udivdi3
 .text          0x0c10e128       0x48 d:/programillasuni/eclipsearm/sourcery-g++-lite-arm-2011.03/bin/../lib/gcc/arm-none-eabi/4.5.2\libgcc.a(_clzsi2.o)
                0x0c10e128                __clzsi2

.glue_7         0x0c10e170        0x0
 .glue_7        0x00000000        0x0 linker stubs

.glue_7t        0x0c10e170        0x0
 .glue_7t       0x00000000        0x0 linker stubs

.vfp11_veneer   0x0c10e170        0x0
 .vfp11_veneer  0x00000000        0x0 linker stubs

.v4_bx          0x0c10e170        0x0
 .v4_bx         0x00000000        0x0 linker stubs

.rodata         0x0c10e170     0x1878
 *(.rodata)
 .rodata        0x0c10e170      0x108 ./os_core/os_core.o
                0x0c10e170                OSMapTbl
                0x0c10e178                OSUnMapTbl
 .rodata        0x0c10e278       0x60 ./os_core/os_dbg_r.o
                0x0c10e278                OSDebugEn
                0x0c10e27c                OSEndiannessTest
                0x0c10e280                OSEventEn
                0x0c10e282                OSEventMax
                0x0c10e284                OSEventNameSize
                0x0c10e286                OSEventSize
                0x0c10e288                OSEventTblSize
                0x0c10e28a                OSFlagEn
                0x0c10e28c                OSFlagGrpSize
                0x0c10e28e                OSFlagNodeSize
                0x0c10e290                OSFlagWidth
                0x0c10e292                OSFlagMax
                0x0c10e294                OSFlagNameSize
                0x0c10e296                OSLowestPrio
                0x0c10e298                OSMboxEn
                0x0c10e29a                OSMemEn
                0x0c10e29c                OSMemMax
                0x0c10e29e                OSMemNameSize
                0x0c10e2a0                OSMemSize
                0x0c10e2a2                OSMemTblSize
                0x0c10e2a4                OSMutexEn
                0x0c10e2a6                OSPtrSize
                0x0c10e2a8                OSQEn
                0x0c10e2aa                OSQMax
                0x0c10e2ac                OSQSize
                0x0c10e2ae                OSRdyTblSize
                0x0c10e2b0                OSSemEn
                0x0c10e2b2                OSStkWidth
                0x0c10e2b4                OSTaskCreateEn
                0x0c10e2b6                OSTaskCreateExtEn
                0x0c10e2b8                OSTaskDelEn
                0x0c10e2ba                OSTaskIdleStkSize
                0x0c10e2bc                OSTaskProfileEn
                0x0c10e2be                OSTaskMax
                0x0c10e2c0                OSTaskNameSize
                0x0c10e2c2                OSTaskStatEn
                0x0c10e2c4                OSTaskStatStkSize
                0x0c10e2c6                OSTaskStatStkChkEn
                0x0c10e2c8                OSTaskSwHookEn
                0x0c10e2ca                OSTCBPrioTblMax
                0x0c10e2cc                OSTCBSize
                0x0c10e2ce                OSTicksPerSec
                0x0c10e2d0                OSTimeTickHookEn
                0x0c10e2d2                OSVersionNbr
                0x0c10e2d4                OSDataSize
 .rodata        0x0c10e2d8       0xc0 ./lab14.o
 .rodata        0x0c10e398       0x10 ../../BSP/Debug\libBSP.a(segs.o)
 .rodata        0x0c10e3a8      0x640 ../../BSP/Debug\libBSP.a(system.o)
 .rodata        0x0c10e9e8     0x1000 ../../BSP/Debug\libBSP.a(font8x16.o)
                0x0c10e9e8                font

.ARM.extab      0x0c10f9e8        0x0
 .ARM.extab     0x0c10f9e8        0x0 d:/programillasuni/eclipsearm/sourcery-g++-lite-arm-2011.03/bin/../lib/gcc/arm-none-eabi/4.5.2\libgcc.a(_divdi3.o)
 .ARM.extab     0x0c10f9e8        0x0 d:/programillasuni/eclipsearm/sourcery-g++-lite-arm-2011.03/bin/../lib/gcc/arm-none-eabi/4.5.2\libgcc.a(_udivdi3.o)

.ARM.exidx      0x0c10f9e8        0x8
 .ARM.exidx     0x0c10f9e8        0x8 d:/programillasuni/eclipsearm/sourcery-g++-lite-arm-2011.03/bin/../lib/gcc/arm-none-eabi/4.5.2\libgcc.a(_divdi3.o)
 .ARM.exidx     0x0c10f9f0        0x0 d:/programillasuni/eclipsearm/sourcery-g++-lite-arm-2011.03/bin/../lib/gcc/arm-none-eabi/4.5.2\libgcc.a(_udivdi3.o)
                                  0x8 (size before relaxing)

.data           0x0c10f9f0        0x0
 *(.data)
 .data          0x0c10f9f0        0x0 ./os_port/os_cpu_a.o
 .data          0x0c10f9f0        0x0 ./os_port/os_cpu_c.o
 .data          0x0c10f9f0        0x0 ./os_port/os_cpu_isr_wrapper.o
 .data          0x0c10f9f0        0x0 ./os_core/os_core.o
 .data          0x0c10f9f0        0x0 ./os_core/os_dbg_r.o
 .data          0x0c10f9f0        0x0 ./os_core/os_flag.o
 .data          0x0c10f9f0        0x0 ./os_core/os_mbox.o
 .data          0x0c10f9f0        0x0 ./os_core/os_mem.o
 .data          0x0c10f9f0        0x0 ./os_core/os_mutex.o
 .data          0x0c10f9f0        0x0 ./os_core/os_q.o
 .data          0x0c10f9f0        0x0 ./os_core/os_sem.o
 .data          0x0c10f9f0        0x0 ./os_core/os_task.o
 .data          0x0c10f9f0        0x0 ./os_core/os_time.o
 .data          0x0c10f9f0        0x0 ./os_core/ucos_ii.o
 .data          0x0c10f9f0        0x0 ./lab14-isr-wrappers.o
 .data          0x0c10f9f0        0x0 ./lab14.o
 .data          0x0c10f9f0        0x0 ../../BSP/Debug\libBSP.a(keypad.o)
 .data          0x0c10f9f0        0x0 ../../BSP/Debug\libBSP.a(lcd.o)
 .data          0x0c10f9f0        0x0 ../../BSP/Debug\libBSP.a(leds.o)
 .data          0x0c10f9f0        0x0 ../../BSP/Debug\libBSP.a(pbs.o)
 .data          0x0c10f9f0        0x0 ../../BSP/Debug\libBSP.a(rtc.o)
 .data          0x0c10f9f0        0x0 ../../BSP/Debug\libBSP.a(segs.o)
 .data          0x0c10f9f0        0x0 ../../BSP/Debug\libBSP.a(system.o)
 .data          0x0c10f9f0        0x0 ../../BSP/Debug\libBSP.a(timers.o)
 .data          0x0c10f9f0        0x0 ../../BSP/Debug\libBSP.a(uart.o)
 .data          0x0c10f9f0        0x0 ../../BSP/Debug\libBSP.a(font8x16.o)
 .data          0x0c10f9f0        0x0 d:/programillasuni/eclipsearm/sourcery-g++-lite-arm-2011.03/bin/../lib/gcc/arm-none-eabi/4.5.2\libgcc.a(_udivsi3.o)
 .data          0x0c10f9f0        0x0 d:/programillasuni/eclipsearm/sourcery-g++-lite-arm-2011.03/bin/../lib/gcc/arm-none-eabi/4.5.2\libgcc.a(_dvmd_tls.o)
 .data          0x0c10f9f0        0x0 d:/programillasuni/eclipsearm/sourcery-g++-lite-arm-2011.03/bin/../lib/gcc/arm-none-eabi/4.5.2\libgcc.a(_aeabi_uldivmod.o)
 .data          0x0c10f9f0        0x0 d:/programillasuni/eclipsearm/sourcery-g++-lite-arm-2011.03/bin/../lib/gcc/arm-none-eabi/4.5.2\libgcc.a(bpabi.o)
 .data          0x0c10f9f0        0x0 d:/programillasuni/eclipsearm/sourcery-g++-lite-arm-2011.03/bin/../lib/gcc/arm-none-eabi/4.5.2\libgcc.a(_divdi3.o)
 .data          0x0c10f9f0        0x0 d:/programillasuni/eclipsearm/sourcery-g++-lite-arm-2011.03/bin/../lib/gcc/arm-none-eabi/4.5.2\libgcc.a(_udivdi3.o)
 .data          0x0c10f9f0        0x0 d:/programillasuni/eclipsearm/sourcery-g++-lite-arm-2011.03/bin/../lib/gcc/arm-none-eabi/4.5.2\libgcc.a(_clzsi2.o)

.bss            0x0c10f9f0    0x6f488
 *(.bss)
 .bss           0x0c10f9f0        0x0 ./os_port/os_cpu_a.o
 .bss           0x0c10f9f0        0x0 ./os_port/os_cpu_c.o
 .bss           0x0c10f9f0        0x0 ./os_port/os_cpu_isr_wrapper.o
 .bss           0x0c10f9f0        0x0 ./os_core/os_core.o
 .bss           0x0c10f9f0        0x0 ./os_core/os_dbg_r.o
 .bss           0x0c10f9f0        0x0 ./os_core/os_flag.o
 .bss           0x0c10f9f0        0x0 ./os_core/os_mbox.o
 .bss           0x0c10f9f0        0x0 ./os_core/os_mem.o
 .bss           0x0c10f9f0        0x0 ./os_core/os_mutex.o
 .bss           0x0c10f9f0        0x0 ./os_core/os_q.o
 .bss           0x0c10f9f0        0x0 ./os_core/os_sem.o
 .bss           0x0c10f9f0        0x0 ./os_core/os_task.o
 .bss           0x0c10f9f0        0x0 ./os_core/os_time.o
 .bss           0x0c10f9f0        0x0 ./os_core/ucos_ii.o
 .bss           0x0c10f9f0        0x0 ./lab14-isr-wrappers.o
 .bss           0x0c10f9f0        0x4 ./lab14.o
 .bss           0x0c10f9f4        0x0 ../../BSP/Debug\libBSP.a(keypad.o)
 .bss           0x0c10f9f4        0x1 ../../BSP/Debug\libBSP.a(lcd.o)
 .bss           0x0c10f9f5        0x0 ../../BSP/Debug\libBSP.a(leds.o)
 .bss           0x0c10f9f5        0x0 ../../BSP/Debug\libBSP.a(pbs.o)
 .bss           0x0c10f9f5        0x0 ../../BSP/Debug\libBSP.a(rtc.o)
 .bss           0x0c10f9f5        0x1 ../../BSP/Debug\libBSP.a(segs.o)
 .bss           0x0c10f9f6        0x0 ../../BSP/Debug\libBSP.a(system.o)
 *fill*         0x0c10f9f6        0x2 00
 .bss           0x0c10f9f8        0x8 ../../BSP/Debug\libBSP.a(timers.o)
 .bss           0x0c10fa00        0x0 ../../BSP/Debug\libBSP.a(uart.o)
 .bss           0x0c10fa00        0x0 ../../BSP/Debug\libBSP.a(font8x16.o)
 .bss           0x0c10fa00        0x0 d:/programillasuni/eclipsearm/sourcery-g++-lite-arm-2011.03/bin/../lib/gcc/arm-none-eabi/4.5.2\libgcc.a(_udivsi3.o)
 .bss           0x0c10fa00        0x0 d:/programillasuni/eclipsearm/sourcery-g++-lite-arm-2011.03/bin/../lib/gcc/arm-none-eabi/4.5.2\libgcc.a(_dvmd_tls.o)
 .bss           0x0c10fa00        0x0 d:/programillasuni/eclipsearm/sourcery-g++-lite-arm-2011.03/bin/../lib/gcc/arm-none-eabi/4.5.2\libgcc.a(_aeabi_uldivmod.o)
 .bss           0x0c10fa00        0x0 d:/programillasuni/eclipsearm/sourcery-g++-lite-arm-2011.03/bin/../lib/gcc/arm-none-eabi/4.5.2\libgcc.a(bpabi.o)
 .bss           0x0c10fa00        0x0 d:/programillasuni/eclipsearm/sourcery-g++-lite-arm-2011.03/bin/../lib/gcc/arm-none-eabi/4.5.2\libgcc.a(_divdi3.o)
 .bss           0x0c10fa00        0x0 d:/programillasuni/eclipsearm/sourcery-g++-lite-arm-2011.03/bin/../lib/gcc/arm-none-eabi/4.5.2\libgcc.a(_udivdi3.o)
 .bss           0x0c10fa00        0x0 d:/programillasuni/eclipsearm/sourcery-g++-lite-arm-2011.03/bin/../lib/gcc/arm-none-eabi/4.5.2\libgcc.a(_clzsi2.o)
 COMMON         0x0c10fa00     0x1e6c ./os_core/os_core.o
                0x0c10fa00                OSLockNesting
                0x0c10fa01                OSRunning
                0x0c10fa04                OSIdleCtr
                0x0c10fa08                OSPrioHighRdy
                0x0c10fa0c                OSFlagTbl
                0x0c10fae8                OSPrioCur
                0x0c10faec                OSTCBList
                0x0c10faf0                OSMemTbl
                0x0c10fbf4                OSTickStepState
                0x0c10fbf8                OSTaskStatStk
                0x0c1103f8                OSCtxSwCtr
                0x0c1103fc                OSIdleCtrMax
                0x0c110400                OSTCBFreeList
                0x0c110404                OSCPUUsage
                0x0c110405                OSTaskCtr
                0x0c110408                OSMemFreeList
                0x0c11040c                OSQTbl
                0x0c11046c                OSTCBHighRdy
                0x0c110470                OSQFreeList
                0x0c110474                OSRdyGrp
                0x0c110478                OSRdyTbl
                0x0c110480                OSEventFreeList
                0x0c110484                OSIntNesting
                0x0c110488                OSTCBCur
                0x0c11048c                OSTime
                0x0c110490                OSTaskIdleStk
                0x0c110c90                OSEventTbl
                0x0c110e70                OSTCBTbl
                0x0c111760                OSFlagFreeList
                0x0c111764                OSStatRdy
                0x0c111768                OSTCBPrioTbl
                0x0c111868                OSIdleCtrRun
 COMMON         0x0c11186c    0x6400c ./lab14.o
                0x0c11186c                Task3Stk
                0x0c11b86c                Task7Stk
                0x0c12586c                Task4Stk
                0x0c12f86c                keypadMbox
                0x0c12f870                flagPb
                0x0c12f874                Task2Stk
                0x0c139874                uart0Sem
                0x0c139878                Task6Stk
                0x0c143878                Task1Stk
                0x0c14d878                Task9Stk
                0x0c157878                Task8Stk
                0x0c161878                TaskStartStk
                0x0c16b878                Task5Stk
 COMMON         0x0c175878     0x9600 ../../BSP/Debug\libBSP.a(lcd.o)
                0x0c175878                lcd_buffer
                0x0c17ee78                end = .
OUTPUT(lab14.elf elf32-littlearm)

.ARM.attributes
                0x00000000       0x2e
 .ARM.attributes
                0x00000000       0x22 ./os_port/os_cpu_a.o
 .ARM.attributes
                0x00000022       0x32 ./os_port/os_cpu_c.o
 .ARM.attributes
                0x00000054       0x22 ./os_port/os_cpu_isr_wrapper.o
 .ARM.attributes
                0x00000076       0x32 ./os_core/os_core.o
 .ARM.attributes
                0x000000a8       0x32 ./os_core/os_dbg_r.o
 .ARM.attributes
                0x000000da       0x32 ./os_core/os_flag.o
 .ARM.attributes
                0x0000010c       0x32 ./os_core/os_mbox.o
 .ARM.attributes
                0x0000013e       0x32 ./os_core/os_mem.o
 .ARM.attributes
                0x00000170       0x32 ./os_core/os_mutex.o
 .ARM.attributes
                0x000001a2       0x32 ./os_core/os_q.o
 .ARM.attributes
                0x000001d4       0x32 ./os_core/os_sem.o
 .ARM.attributes
                0x00000206       0x32 ./os_core/os_task.o
 .ARM.attributes
                0x00000238       0x32 ./os_core/os_time.o
 .ARM.attributes
                0x0000026a       0x32 ./os_core/ucos_ii.o
 .ARM.attributes
                0x0000029c       0x22 ./lab14-isr-wrappers.o
 .ARM.attributes
                0x000002be       0x32 ./lab14.o
 .ARM.attributes
                0x000002f0       0x32 ../../BSP/Debug\libBSP.a(keypad.o)
 .ARM.attributes
                0x00000322       0x32 ../../BSP/Debug\libBSP.a(lcd.o)
 .ARM.attributes
                0x00000354       0x32 ../../BSP/Debug\libBSP.a(leds.o)
 .ARM.attributes
                0x00000386       0x32 ../../BSP/Debug\libBSP.a(pbs.o)
 .ARM.attributes
                0x000003b8       0x32 ../../BSP/Debug\libBSP.a(rtc.o)
 .ARM.attributes
                0x000003ea       0x32 ../../BSP/Debug\libBSP.a(segs.o)
 .ARM.attributes
                0x0000041c       0x32 ../../BSP/Debug\libBSP.a(system.o)
 .ARM.attributes
                0x0000044e       0x32 ../../BSP/Debug\libBSP.a(timers.o)
 .ARM.attributes
                0x00000480       0x32 ../../BSP/Debug\libBSP.a(uart.o)
 .ARM.attributes
                0x000004b2       0x32 ../../BSP/Debug\libBSP.a(font8x16.o)
 .ARM.attributes
                0x000004e4       0x1a d:/programillasuni/eclipsearm/sourcery-g++-lite-arm-2011.03/bin/../lib/gcc/arm-none-eabi/4.5.2\libgcc.a(_udivsi3.o)
 .ARM.attributes
                0x000004fe       0x18 d:/programillasuni/eclipsearm/sourcery-g++-lite-arm-2011.03/bin/../lib/gcc/arm-none-eabi/4.5.2\libgcc.a(_dvmd_tls.o)
 .ARM.attributes
                0x00000516       0x1a d:/programillasuni/eclipsearm/sourcery-g++-lite-arm-2011.03/bin/../lib/gcc/arm-none-eabi/4.5.2\libgcc.a(_aeabi_uldivmod.o)
 .ARM.attributes
                0x00000530       0x34 d:/programillasuni/eclipsearm/sourcery-g++-lite-arm-2011.03/bin/../lib/gcc/arm-none-eabi/4.5.2\libgcc.a(bpabi.o)
 .ARM.attributes
                0x00000564       0x34 d:/programillasuni/eclipsearm/sourcery-g++-lite-arm-2011.03/bin/../lib/gcc/arm-none-eabi/4.5.2\libgcc.a(_divdi3.o)
 .ARM.attributes
                0x00000598       0x34 d:/programillasuni/eclipsearm/sourcery-g++-lite-arm-2011.03/bin/../lib/gcc/arm-none-eabi/4.5.2\libgcc.a(_udivdi3.o)
 .ARM.attributes
                0x000005cc       0x1a d:/programillasuni/eclipsearm/sourcery-g++-lite-arm-2011.03/bin/../lib/gcc/arm-none-eabi/4.5.2\libgcc.a(_clzsi2.o)

.comment        0x00000000       0x2a
 .comment       0x00000000       0x2a ./os_port/os_cpu_c.o
                                 0x2b (size before relaxing)
 .comment       0x00000000       0x2b ./os_core/os_core.o
 .comment       0x00000000       0x2b ./os_core/os_dbg_r.o
 .comment       0x00000000       0x2b ./os_core/os_flag.o
 .comment       0x00000000       0x2b ./os_core/os_mbox.o
 .comment       0x00000000       0x2b ./os_core/os_mem.o
 .comment       0x00000000       0x2b ./os_core/os_mutex.o
 .comment       0x00000000       0x2b ./os_core/os_q.o
 .comment       0x00000000       0x2b ./os_core/os_sem.o
 .comment       0x00000000       0x2b ./os_core/os_task.o
 .comment       0x00000000       0x2b ./os_core/os_time.o
 .comment       0x00000000       0x2b ./os_core/ucos_ii.o
 .comment       0x00000000       0x2b ./lab14.o
 .comment       0x00000000       0x2b ../../BSP/Debug\libBSP.a(keypad.o)
 .comment       0x00000000       0x2b ../../BSP/Debug\libBSP.a(lcd.o)
 .comment       0x00000000       0x2b ../../BSP/Debug\libBSP.a(leds.o)
 .comment       0x00000000       0x2b ../../BSP/Debug\libBSP.a(pbs.o)
 .comment       0x00000000       0x2b ../../BSP/Debug\libBSP.a(rtc.o)
 .comment       0x00000000       0x2b ../../BSP/Debug\libBSP.a(segs.o)
 .comment       0x00000000       0x2b ../../BSP/Debug\libBSP.a(system.o)
 .comment       0x00000000       0x2b ../../BSP/Debug\libBSP.a(timers.o)
 .comment       0x00000000       0x2b ../../BSP/Debug\libBSP.a(uart.o)
 .comment       0x00000000       0x2b ../../BSP/Debug\libBSP.a(font8x16.o)

.debug_line     0x00000000     0x22de
 .debug_line    0x00000000       0x88 ./os_port/os_cpu_a.o
 .debug_line    0x00000088       0xdf ./os_port/os_cpu_c.o
 .debug_line    0x00000167      0x347 ./os_core/os_core.o
 .debug_line    0x000004ae       0xd7 ./os_core/os_dbg_r.o
 .debug_line    0x00000585      0x2ae ./os_core/os_flag.o
 .debug_line    0x00000833      0x184 ./os_core/os_mbox.o
 .debug_line    0x000009b7      0x174 ./os_core/os_mem.o
 .debug_line    0x00000b2b      0x1c3 ./os_core/os_mutex.o
 .debug_line    0x00000cee      0x203 ./os_core/os_q.o
 .debug_line    0x00000ef1      0x16b ./os_core/os_sem.o
 .debug_line    0x0000105c      0x243 ./os_core/os_task.o
 .debug_line    0x0000129f      0x108 ./os_core/os_time.o
 .debug_line    0x000013a7       0x98 ./os_core/ucos_ii.o
 .debug_line    0x0000143f       0x49 ./lab14-isr-wrappers.o
 .debug_line    0x00001488      0x2bc ./lab14.o
 .debug_line    0x00001744      0x12b ../../BSP/Debug\libBSP.a(keypad.o)
 .debug_line    0x0000186f      0x240 ../../BSP/Debug\libBSP.a(lcd.o)
 .debug_line    0x00001aaf       0x89 ../../BSP/Debug\libBSP.a(leds.o)
 .debug_line    0x00001b38      0x109 ../../BSP/Debug\libBSP.a(pbs.o)
 .debug_line    0x00001c41       0xe6 ../../BSP/Debug\libBSP.a(rtc.o)
 .debug_line    0x00001d27       0x93 ../../BSP/Debug\libBSP.a(segs.o)
 .debug_line    0x00001dba      0x233 ../../BSP/Debug\libBSP.a(system.o)
 .debug_line    0x00001fed      0x18f ../../BSP/Debug\libBSP.a(timers.o)
 .debug_line    0x0000217c      0x10c ../../BSP/Debug\libBSP.a(uart.o)
 .debug_line    0x00002288       0x56 ../../BSP/Debug\libBSP.a(font8x16.o)

.debug_info     0x00000000     0x8850
 .debug_info    0x00000000       0x72 ./os_port/os_cpu_a.o
 .debug_info    0x00000072      0x513 ./os_port/os_cpu_c.o
 .debug_info    0x00000585     0x10e3 ./os_core/os_core.o
 .debug_info    0x00001668      0xed1 ./os_core/os_dbg_r.o
 .debug_info    0x00002539      0x9e9 ./os_core/os_flag.o
 .debug_info    0x00002f22      0x665 ./os_core/os_mbox.o
 .debug_info    0x00003587      0x446 ./os_core/os_mem.o
 .debug_info    0x000039cd      0x73e ./os_core/os_mutex.o
 .debug_info    0x0000410b      0x8a8 ./os_core/os_q.o
 .debug_info    0x000049b3      0x63f ./os_core/os_sem.o
 .debug_info    0x00004ff2      0xa53 ./os_core/os_task.o
 .debug_info    0x00005a45      0x58a ./os_core/os_time.o
 .debug_info    0x00005fcf      0x80c ./os_core/ucos_ii.o
 .debug_info    0x000067db       0x74 ./lab14-isr-wrappers.o
 .debug_info    0x0000684f      0x69a ./lab14.o
 .debug_info    0x00006ee9      0x1d0 ../../BSP/Debug\libBSP.a(keypad.o)
 .debug_info    0x000070b9      0x7d7 ../../BSP/Debug\libBSP.a(lcd.o)
 .debug_info    0x00007890      0x12d ../../BSP/Debug\libBSP.a(leds.o)
 .debug_info    0x000079bd      0x1b3 ../../BSP/Debug\libBSP.a(pbs.o)
 .debug_info    0x00007b70      0x1ac ../../BSP/Debug\libBSP.a(rtc.o)
 .debug_info    0x00007d1c      0x10d ../../BSP/Debug\libBSP.a(segs.o)
 .debug_info    0x00007e29      0x426 ../../BSP/Debug\libBSP.a(system.o)
 .debug_info    0x0000824f      0x2c7 ../../BSP/Debug\libBSP.a(timers.o)
 .debug_info    0x00008516      0x2a5 ../../BSP/Debug\libBSP.a(uart.o)
 .debug_info    0x000087bb       0x95 ../../BSP/Debug\libBSP.a(font8x16.o)

.debug_abbrev   0x00000000     0x1a37
 .debug_abbrev  0x00000000       0x14 ./os_port/os_cpu_a.o
 .debug_abbrev  0x00000014      0x117 ./os_port/os_cpu_c.o
 .debug_abbrev  0x0000012b      0x220 ./os_core/os_core.o
 .debug_abbrev  0x0000034b      0x114 ./os_core/os_dbg_r.o
 .debug_abbrev  0x0000045f      0x193 ./os_core/os_flag.o
 .debug_abbrev  0x000005f2      0x15f ./os_core/os_mbox.o
 .debug_abbrev  0x00000751      0x160 ./os_core/os_mem.o
 .debug_abbrev  0x000008b1      0x17d ./os_core/os_mutex.o
 .debug_abbrev  0x00000a2e      0x176 ./os_core/os_q.o
 .debug_abbrev  0x00000ba4      0x167 ./os_core/os_sem.o
 .debug_abbrev  0x00000d0b      0x17e ./os_core/os_task.o
 .debug_abbrev  0x00000e89      0x119 ./os_core/os_time.o
 .debug_abbrev  0x00000fa2       0xc5 ./os_core/ucos_ii.o
 .debug_abbrev  0x00001067       0x14 ./lab14-isr-wrappers.o
 .debug_abbrev  0x0000107b      0x195 ./lab14.o
 .debug_abbrev  0x00001210       0xe9 ../../BSP/Debug\libBSP.a(keypad.o)
 .debug_abbrev  0x000012f9      0x160 ../../BSP/Debug\libBSP.a(lcd.o)
 .debug_abbrev  0x00001459       0x8b ../../BSP/Debug\libBSP.a(leds.o)
 .debug_abbrev  0x000014e4       0xc3 ../../BSP/Debug\libBSP.a(pbs.o)
 .debug_abbrev  0x000015a7       0xbe ../../BSP/Debug\libBSP.a(rtc.o)
 .debug_abbrev  0x00001665       0xb3 ../../BSP/Debug\libBSP.a(segs.o)
 .debug_abbrev  0x00001718       0xeb ../../BSP/Debug\libBSP.a(system.o)
 .debug_abbrev  0x00001803       0xdd ../../BSP/Debug\libBSP.a(timers.o)
 .debug_abbrev  0x000018e0       0xf4 ../../BSP/Debug\libBSP.a(uart.o)
 .debug_abbrev  0x000019d4       0x63 ../../BSP/Debug\libBSP.a(font8x16.o)

.debug_aranges  0x00000000      0x2e0
 .debug_aranges
                0x00000000       0x20 ./os_port/os_cpu_a.o
 .debug_aranges
                0x00000020       0x20 ./os_port/os_cpu_c.o
 .debug_aranges
                0x00000040       0x20 ./os_core/os_core.o
 .debug_aranges
                0x00000060       0x20 ./os_core/os_dbg_r.o
 .debug_aranges
                0x00000080       0x20 ./os_core/os_flag.o
 .debug_aranges
                0x000000a0       0x20 ./os_core/os_mbox.o
 .debug_aranges
                0x000000c0       0x20 ./os_core/os_mem.o
 .debug_aranges
                0x000000e0       0x20 ./os_core/os_mutex.o
 .debug_aranges
                0x00000100       0x20 ./os_core/os_q.o
 .debug_aranges
                0x00000120       0x20 ./os_core/os_sem.o
 .debug_aranges
                0x00000140       0x20 ./os_core/os_task.o
 .debug_aranges
                0x00000160       0x20 ./os_core/os_time.o
 .debug_aranges
                0x00000180       0x20 ./lab14-isr-wrappers.o
 .debug_aranges
                0x000001a0       0x20 ./lab14.o
 .debug_aranges
                0x000001c0       0x20 ../../BSP/Debug\libBSP.a(keypad.o)
 .debug_aranges
                0x000001e0       0x20 ../../BSP/Debug\libBSP.a(lcd.o)
 .debug_aranges
                0x00000200       0x20 ../../BSP/Debug\libBSP.a(leds.o)
 .debug_aranges
                0x00000220       0x20 ../../BSP/Debug\libBSP.a(pbs.o)
 .debug_aranges
                0x00000240       0x20 ../../BSP/Debug\libBSP.a(rtc.o)
 .debug_aranges
                0x00000260       0x20 ../../BSP/Debug\libBSP.a(segs.o)
 .debug_aranges
                0x00000280       0x20 ../../BSP/Debug\libBSP.a(system.o)
 .debug_aranges
                0x000002a0       0x20 ../../BSP/Debug\libBSP.a(timers.o)
 .debug_aranges
                0x000002c0       0x20 ../../BSP/Debug\libBSP.a(uart.o)

.debug_macinfo  0x00000000    0x5d4ea
 .debug_macinfo
                0x00000000     0x38c5 ./os_port/os_cpu_c.o
 .debug_macinfo
                0x000038c5     0x38b7 ./os_core/os_core.o
 .debug_macinfo
                0x0000717c     0x38af ./os_core/os_dbg_r.o
 .debug_macinfo
                0x0000aa2b     0x38af ./os_core/os_flag.o
 .debug_macinfo
                0x0000e2da     0x38af ./os_core/os_mbox.o
 .debug_macinfo
                0x00011b89     0x38af ./os_core/os_mem.o
 .debug_macinfo
                0x00015438     0x3909 ./os_core/os_mutex.o
 .debug_macinfo
                0x00018d41     0x38af ./os_core/os_q.o
 .debug_macinfo
                0x0001c5f0     0x38af ./os_core/os_sem.o
 .debug_macinfo
                0x0001fe9f     0x38af ./os_core/os_task.o
 .debug_macinfo
                0x0002374e     0x38af ./os_core/os_time.o
 .debug_macinfo
                0x00026ffd     0x38c9 ./os_core/ucos_ii.o
 .debug_macinfo
                0x0002a8c6     0x661a ./lab14.o
 .debug_macinfo
                0x00030ee0     0x4eba ../../BSP/Debug\libBSP.a(keypad.o)
 .debug_macinfo
                0x00035d9a     0x43db ../../BSP/Debug\libBSP.a(lcd.o)
 .debug_macinfo
                0x0003a175     0x432c ../../BSP/Debug\libBSP.a(leds.o)
 .debug_macinfo
                0x0003e4a1     0x4d91 ../../BSP/Debug\libBSP.a(pbs.o)
 .debug_macinfo
                0x00043232     0x4cee ../../BSP/Debug\libBSP.a(rtc.o)
 .debug_macinfo
                0x00047f20     0x4d01 ../../BSP/Debug\libBSP.a(segs.o)
 .debug_macinfo
                0x0004cc21     0x5568 ../../BSP/Debug\libBSP.a(system.o)
 .debug_macinfo
                0x00052189     0x4d1b ../../BSP/Debug\libBSP.a(timers.o)
 .debug_macinfo
                0x00056ea4     0x430d ../../BSP/Debug\libBSP.a(uart.o)
 .debug_macinfo
                0x0005b1b1     0x2339 ../../BSP/Debug\libBSP.a(font8x16.o)

.debug_loc      0x00000000     0x27e0
 .debug_loc     0x00000000      0x1b8 ./os_port/os_cpu_c.o
 .debug_loc     0x000001b8      0x554 ./os_core/os_core.o
 .debug_loc     0x0000070c       0x2c ./os_core/os_dbg_r.o
 .debug_loc     0x00000738      0x23c ./os_core/os_flag.o
 .debug_loc     0x00000974      0x134 ./os_core/os_mbox.o
 .debug_loc     0x00000aa8      0x134 ./os_core/os_mem.o
 .debug_loc     0x00000bdc      0x108 ./os_core/os_mutex.o
 .debug_loc     0x00000ce4      0x1b8 ./os_core/os_q.o
 .debug_loc     0x00000e9c      0x134 ./os_core/os_sem.o
 .debug_loc     0x00000fd0      0x210 ./os_core/os_task.o
 .debug_loc     0x000011e0       0xdc ./os_core/os_time.o
 .debug_loc     0x000012bc      0x210 ./lab14.o
 .debug_loc     0x000014cc      0x160 ../../BSP/Debug\libBSP.a(keypad.o)
 .debug_loc     0x0000162c      0x344 ../../BSP/Debug\libBSP.a(lcd.o)
 .debug_loc     0x00001970       0xdc ../../BSP/Debug\libBSP.a(leds.o)
 .debug_loc     0x00001a4c      0x160 ../../BSP/Debug\libBSP.a(pbs.o)
 .debug_loc     0x00001bac       0xdc ../../BSP/Debug\libBSP.a(rtc.o)
 .debug_loc     0x00001c88       0xb0 ../../BSP/Debug\libBSP.a(segs.o)
 .debug_loc     0x00001d38      0x688 ../../BSP/Debug\libBSP.a(system.o)
 .debug_loc     0x000023c0      0x294 ../../BSP/Debug\libBSP.a(timers.o)
 .debug_loc     0x00002654      0x18c ../../BSP/Debug\libBSP.a(uart.o)

.debug_pubnames
                0x00000000     0x1759
 .debug_pubnames
                0x00000000       0xcd ./os_port/os_cpu_c.o
 .debug_pubnames
                0x000000cd      0x3b2 ./os_core/os_core.o
 .debug_pubnames
                0x0000047f      0x30b ./os_core/os_dbg_r.o
 .debug_pubnames
                0x0000078a       0xd0 ./os_core/os_flag.o
 .debug_pubnames
                0x0000085a       0x82 ./os_core/os_mbox.o
 .debug_pubnames
                0x000008dc       0x7c ./os_core/os_mem.o
 .debug_pubnames
                0x00000958       0x76 ./os_core/os_mutex.o
 .debug_pubnames
                0x000009ce       0x98 ./os_core/os_q.o
 .debug_pubnames
                0x00000a66       0x77 ./os_core/os_sem.o
 .debug_pubnames
                0x00000add       0xe5 ./os_core/os_task.o
 .debug_pubnames
                0x00000bc2       0x62 ./os_core/os_time.o
 .debug_pubnames
                0x00000c24      0x204 ./os_core/ucos_ii.o
 .debug_pubnames
                0x00000e28      0x13b ./lab14.o
 .debug_pubnames
                0x00000f63       0xab ../../BSP/Debug\libBSP.a(keypad.o)
 .debug_pubnames
                0x0000100e      0x152 ../../BSP/Debug\libBSP.a(lcd.o)
 .debug_pubnames
                0x00001160       0x55 ../../BSP/Debug\libBSP.a(leds.o)
 .debug_pubnames
                0x000011b5       0x8e ../../BSP/Debug\libBSP.a(pbs.o)
 .debug_pubnames
                0x00001243       0x5a ../../BSP/Debug\libBSP.a(rtc.o)
 .debug_pubnames
                0x0000129d       0x4e ../../BSP/Debug\libBSP.a(segs.o)
 .debug_pubnames
                0x000012eb      0x29d ../../BSP/Debug\libBSP.a(system.o)
 .debug_pubnames
                0x00001588      0x10f ../../BSP/Debug\libBSP.a(timers.o)
 .debug_pubnames
                0x00001697       0xa7 ../../BSP/Debug\libBSP.a(uart.o)
 .debug_pubnames
                0x0000173e       0x1b ../../BSP/Debug\libBSP.a(font8x16.o)

.debug_pubtypes
                0x00000000      0xe05
 .debug_pubtypes
                0x00000000       0xd4 ./os_port/os_cpu_c.o
 .debug_pubtypes
                0x000000d4      0x14f ./os_core/os_core.o
 .debug_pubtypes
                0x00000223      0x12f ./os_core/os_dbg_r.o
 .debug_pubtypes
                0x00000352       0xf4 ./os_core/os_flag.o
 .debug_pubtypes
                0x00000446       0xf6 ./os_core/os_mbox.o
 .debug_pubtypes
                0x0000053c       0x88 ./os_core/os_mem.o
 .debug_pubtypes
                0x000005c4       0xf8 ./os_core/os_mutex.o
 .debug_pubtypes
                0x000006bc      0x102 ./os_core/os_q.o
 .debug_pubtypes
                0x000007be       0xf4 ./os_core/os_sem.o
 .debug_pubtypes
                0x000008b2       0xf4 ./os_core/os_task.o
 .debug_pubtypes
                0x000009a6       0xd4 ./os_core/os_time.o
 .debug_pubtypes
                0x00000a7a      0x12f ./os_core/ucos_ii.o
 .debug_pubtypes
                0x00000ba9       0x86 ./lab14.o
 .debug_pubtypes
                0x00000c2f       0x32 ../../BSP/Debug\libBSP.a(keypad.o)
 .debug_pubtypes
                0x00000c61       0x3c ../../BSP/Debug\libBSP.a(lcd.o)
 .debug_pubtypes
                0x00000c9d       0x27 ../../BSP/Debug\libBSP.a(leds.o)
 .debug_pubtypes
                0x00000cc4       0x32 ../../BSP/Debug\libBSP.a(pbs.o)
 .debug_pubtypes
                0x00000cf6       0x36 ../../BSP/Debug\libBSP.a(rtc.o)
 .debug_pubtypes
                0x00000d2c       0x1c ../../BSP/Debug\libBSP.a(segs.o)
 .debug_pubtypes
                0x00000d48       0x27 ../../BSP/Debug\libBSP.a(system.o)
 .debug_pubtypes
                0x00000d6f       0x3d ../../BSP/Debug\libBSP.a(timers.o)
 .debug_pubtypes
                0x00000dac       0x3d ../../BSP/Debug\libBSP.a(uart.o)
 .debug_pubtypes
                0x00000de9       0x1c ../../BSP/Debug\libBSP.a(font8x16.o)

.debug_str      0x00000000     0x18ed
 .debug_str     0x00000000      0x3b8 ./os_port/os_cpu_c.o
                                0x3d6 (size before relaxing)
 .debug_str     0x000003b8      0x482 ./os_core/os_core.o
                                0x7bc (size before relaxing)
 .debug_str     0x0000083a      0x255 ./os_core/os_dbg_r.o
                                0x7ae (size before relaxing)
 .debug_str     0x00000a8f      0x130 ./os_core/os_flag.o
                                0x4ea (size before relaxing)
 .debug_str     0x00000bbf       0x95 ./os_core/os_mbox.o
                                0x3fb (size before relaxing)
 .debug_str     0x00000c54       0xdc ./os_core/os_mem.o
                                0x21e (size before relaxing)
 .debug_str     0x00000d30       0xb0 ./os_core/os_mutex.o
                                0x450 (size before relaxing)
 .debug_str     0x00000de0       0x95 ./os_core/os_q.o
                                0x460 (size before relaxing)
 .debug_str     0x00000e75       0x86 ./os_core/os_sem.o
                                0x3ec (size before relaxing)
 .debug_str     0x00000efb       0xff ./os_core/os_task.o
                                0x4fe (size before relaxing)
 .debug_str     0x00000ffa       0x79 ./os_core/os_time.o
                                0x3ca (size before relaxing)
 .debug_str     0x00001073       0x15 ./os_core/ucos_ii.o
                                0x56e (size before relaxing)
 .debug_str     0x00001088      0x109 ./lab14.o
                                0x252 (size before relaxing)
 .debug_str     0x00001191       0xc2 ../../BSP/Debug\libBSP.a(keypad.o)
                                0x154 (size before relaxing)
 .debug_str     0x00001253      0x15c ../../BSP/Debug\libBSP.a(lcd.o)
                                0x21f (size before relaxing)
 .debug_str     0x000013af       0x3d ../../BSP/Debug\libBSP.a(leds.o)
                                 0xee (size before relaxing)
 .debug_str     0x000013ec       0x69 ../../BSP/Debug\libBSP.a(pbs.o)
                                0x12a (size before relaxing)
 .debug_str     0x00001455       0x4c ../../BSP/Debug\libBSP.a(rtc.o)
                                0x125 (size before relaxing)
 .debug_str     0x000014a1       0x43 ../../BSP/Debug\libBSP.a(segs.o)
                                 0xf3 (size before relaxing)
 .debug_str     0x000014e4      0x26a ../../BSP/Debug\libBSP.a(system.o)
                                0x31b (size before relaxing)
 .debug_str     0x0000174e       0xf9 ../../BSP/Debug\libBSP.a(timers.o)
                                0x1b6 (size before relaxing)
 .debug_str     0x00001847       0x94 ../../BSP/Debug\libBSP.a(uart.o)
                                0x158 (size before relaxing)
 .debug_str     0x000018db       0x12 ../../BSP/Debug\libBSP.a(font8x16.o)
                                 0xc1 (size before relaxing)

.debug_frame    0x00000000     0x20b4
 .debug_frame   0x00000000      0x150 ./os_port/os_cpu_c.o
 .debug_frame   0x00000150      0x3f0 ./os_core/os_core.o
 .debug_frame   0x00000540       0x30 ./os_core/os_dbg_r.o
 .debug_frame   0x00000570      0x1b0 ./os_core/os_flag.o
 .debug_frame   0x00000720       0xf0 ./os_core/os_mbox.o
 .debug_frame   0x00000810       0xf0 ./os_core/os_mem.o
 .debug_frame   0x00000900       0xd0 ./os_core/os_mutex.o
 .debug_frame   0x000009d0      0x150 ./os_core/os_q.o
 .debug_frame   0x00000b20       0xf0 ./os_core/os_sem.o
 .debug_frame   0x00000c10      0x190 ./os_core/os_task.o
 .debug_frame   0x00000da0       0xb0 ./os_core/os_time.o
 .debug_frame   0x00000e50      0x190 ./lab14.o
 .debug_frame   0x00000fe0      0x110 ../../BSP/Debug\libBSP.a(keypad.o)
 .debug_frame   0x000010f0      0x270 ../../BSP/Debug\libBSP.a(lcd.o)
 .debug_frame   0x00001360       0xb0 ../../BSP/Debug\libBSP.a(leds.o)
 .debug_frame   0x00001410      0x110 ../../BSP/Debug\libBSP.a(pbs.o)
 .debug_frame   0x00001520       0xb0 ../../BSP/Debug\libBSP.a(rtc.o)
 .debug_frame   0x000015d0       0x90 ../../BSP/Debug\libBSP.a(segs.o)
 .debug_frame   0x00001660      0x644 ../../BSP/Debug\libBSP.a(system.o)
 .debug_frame   0x00001ca4      0x1f8 ../../BSP/Debug\libBSP.a(timers.o)
 .debug_frame   0x00001e9c      0x130 ../../BSP/Debug\libBSP.a(uart.o)
 .debug_frame   0x00001fcc       0x20 d:/programillasuni/eclipsearm/sourcery-g++-lite-arm-2011.03/bin/../lib/gcc/arm-none-eabi/4.5.2\libgcc.a(_udivsi3.o)
 .debug_frame   0x00001fec       0x50 d:/programillasuni/eclipsearm/sourcery-g++-lite-arm-2011.03/bin/../lib/gcc/arm-none-eabi/4.5.2\libgcc.a(bpabi.o)
 .debug_frame   0x0000203c       0x3c d:/programillasuni/eclipsearm/sourcery-g++-lite-arm-2011.03/bin/../lib/gcc/arm-none-eabi/4.5.2\libgcc.a(_divdi3.o)
 .debug_frame   0x00002078       0x3c d:/programillasuni/eclipsearm/sourcery-g++-lite-arm-2011.03/bin/../lib/gcc/arm-none-eabi/4.5.2\libgcc.a(_udivdi3.o)
