Archive member included because of file (symbol)

../../BSP/Debug\libBSP.a(keypad.o)
                              ./proyecto.o (keypad_scan)
../../BSP/Debug\libBSP.a(lcd.o)
                              ./proyecto.o (lcd_init)
../../BSP/Debug\libBSP.a(leds.o)
                              ./proyecto.o (leds_init)
../../BSP/Debug\libBSP.a(rtc.o)
                              ./proyecto.o (rtc_init)
../../BSP/Debug\libBSP.a(segs.o)
                              ./proyecto.o (segs_init)
../../BSP/Debug\libBSP.a(system.o)
                              ./proyecto.o (sys_init)
../../BSP/Debug\libBSP.a(timers.o)
                              ./proyecto.o (timers_init)
../../BSP/Debug\libBSP.a(ts.o)
                              ./proyecto.o (ts_init)
../../BSP/Debug\libBSP.a(uart.o)
                              ./proyecto.o (uart0_init)
../../BSP/Debug\libBSP.a(adc.o)
                              ../../BSP/Debug\libBSP.a(ts.o) (adc_init)
../../BSP/Debug\libBSP.a(font8x16.o)
                              ../../BSP/Debug\libBSP.a(lcd.o) (font)
d:/programillasuni/eclipsearm/sourcery-g++-lite-arm-2011.03/bin/../lib/gcc/arm-none-eabi/4.5.2\libgcc.a(_udivsi3.o)
                              ../../BSP/Debug\libBSP.a(timers.o) (__aeabi_uidiv)
d:/programillasuni/eclipsearm/sourcery-g++-lite-arm-2011.03/bin/../lib/gcc/arm-none-eabi/4.5.2\libgcc.a(_divsi3.o)
                              ../../BSP/Debug\libBSP.a(ts.o) (__aeabi_idiv)
d:/programillasuni/eclipsearm/sourcery-g++-lite-arm-2011.03/bin/../lib/gcc/arm-none-eabi/4.5.2\libgcc.a(_dvmd_tls.o)
                              d:/programillasuni/eclipsearm/sourcery-g++-lite-arm-2011.03/bin/../lib/gcc/arm-none-eabi/4.5.2\libgcc.a(_udivsi3.o) (__aeabi_idiv0)
d:/programillasuni/eclipsearm/sourcery-g++-lite-arm-2011.03/bin/../lib/gcc/arm-none-eabi/4.5.2\libgcc.a(_aeabi_uldivmod.o)
                              ../../BSP/Debug\libBSP.a(timers.o) (__aeabi_uldivmod)
d:/programillasuni/eclipsearm/sourcery-g++-lite-arm-2011.03/bin/../lib/gcc/arm-none-eabi/4.5.2\libgcc.a(bpabi.o)
                              d:/programillasuni/eclipsearm/sourcery-g++-lite-arm-2011.03/bin/../lib/gcc/arm-none-eabi/4.5.2\libgcc.a(_aeabi_uldivmod.o) (__gnu_uldivmod_helper)
d:/programillasuni/eclipsearm/sourcery-g++-lite-arm-2011.03/bin/../lib/gcc/arm-none-eabi/4.5.2\libgcc.a(_divdi3.o)
                              d:/programillasuni/eclipsearm/sourcery-g++-lite-arm-2011.03/bin/../lib/gcc/arm-none-eabi/4.5.2\libgcc.a(bpabi.o) (__divdi3)
d:/programillasuni/eclipsearm/sourcery-g++-lite-arm-2011.03/bin/../lib/gcc/arm-none-eabi/4.5.2\libgcc.a(_udivdi3.o)
                              d:/programillasuni/eclipsearm/sourcery-g++-lite-arm-2011.03/bin/../lib/gcc/arm-none-eabi/4.5.2\libgcc.a(bpabi.o) (__udivdi3)
d:/programillasuni/eclipsearm/sourcery-g++-lite-arm-2011.03/bin/../lib/gcc/arm-none-eabi/4.5.2\libgcc.a(_clzsi2.o)
                              d:/programillasuni/eclipsearm/sourcery-g++-lite-arm-2011.03/bin/../lib/gcc/arm-none-eabi/4.5.2\libgcc.a(_divdi3.o) (__clzsi2)
d:/programillasuni/eclipsearm/sourcery-g++-lite-arm-2011.03/bin/../lib/gcc/arm-none-eabi/4.5.2/../../../../arm-none-eabi/lib\libc.a(lib_a-memcpy.o)
                              ./proyecto.o (memcpy)

Allocating common symbols
Common symbol       size              file

mensaje             0x9c              ./pantalla.o
tsPressedMsg        0x6               ./proyecto.o
lcd_buffer          0x9600            ../../BSP/Debug\libBSP.a(lcd.o)
kpPressedMsg        0x4               ./proyecto.o
ticketMsg           0x12              ./proyecto.o
coinsMoverMsg       0x2               ./proyecto.o
parking             0x80              ./proyecto.o

Memory Configuration

Name             Origin             Length             Attributes
*default*        0x00000000         0xffffffff

Linker script and memory map

LOAD ./kernelcoop.o
LOAD ./mensajes.o
LOAD ./pantalla.o
LOAD ./proyecto.o
LOAD ../../BSP/Debug\libBSP.a
START GROUP
LOAD d:/programillasuni/eclipsearm/sourcery-g++-lite-arm-2011.03/bin/../lib/gcc/arm-none-eabi/4.5.2\libgcc.a
LOAD d:/programillasuni/eclipsearm/sourcery-g++-lite-arm-2011.03/bin/../lib/gcc/arm-none-eabi/4.5.2/../../../../arm-none-eabi/lib\libc.a
END GROUP
                0x0c100000                . = 0xc100000
                0x0c100000                _image_start = .
                0x0c100000                _code_start = .

.text           0x0c100000     0x9fe8
 *(.text)
 .text          0x0c100000      0x388 ./kernelcoop.o
                0x0c100000                delete_task
                0x0c100094                create_task
                0x0c100178                scheduler_init
                0x0c1001c0                scheduler
                0x0c1002ec                dispacher
 .text          0x0c100388      0x7d4 ./mensajes.o
                0x0c100388                init_mens
                0x0c1003b4                set_lang
 .text          0x0c100b5c      0xdbc ./pantalla.o
                0x0c100b5c                init_screen_mens
                0x0c100b80                plotTime
                0x0c100be4                plotLangSelScreen
                0x0c100c60                changeScreenLang
                0x0c100c98                plotWelcomeScreen
                0x0c100dd4                plotSelectionScreen
                0x0c101018                plotSelEnc
                0x0c10104c                plotPayCredit
                0x0c1010e0                plotPayDeadline
                0x0c101140                plotPaymentScreen
                0x0c1012c0                plotExcessReturn
                0x0c101344                plotLicPlateScreen
                0x0c1013f8                plotLicPlateUpdate
                0x0c101430                plotLicPlateEnc
                0x0c101464                plotSucScreen
                0x0c101570                plotSelecFailure
                0x0c101674                plotLicPlateDemand
                0x0c1016a8                plotExitFailure
                0x0c1016ec                plotPayInsufFailure
                0x0c10173c                plotErrorScreen
                0x0c1017ac                makeTicket
                0x0c101890                plotExitSuccess
 .text          0x0c101918     0x20e4 ./proyecto.o
                0x0c101918                main
                0x0c1019d4                mainTask
                0x0c102c1c                ticketPrinterTask
                0x0c102cc4                clockTask
                0x0c102ce0                tsScanTask
                0x0c102e00                kpScanTask
                0x0c102fc4                coinsMoverTask
                0x0c1030f4                selectorTask
                0x0c103320                setup
                0x0c1033c0                plotState
                0x0c1034d8                getMonthdays
                0x0c103568                updateDeadline
                0x0c10375c                getLicPlate
                0x0c103850                changeLang
                0x0c103988                exitSol
 .text          0x0c1039fc      0xb28 ../../BSP/Debug\libBSP.a(keypad.o)
                0x0c1039fc                keypad_scan
                0x0c103c20                keypad_pressed
                0x0c103c54                keypad_open
                0x0c103cc4                keypad_close
                0x0c103d08                keypad_init
                0x0c103d24                keypad_getchar
                0x0c103d9c                keypad_getchartime
                0x0c103e40                keypad_timeout_getchar
                0x0c103f14                keypad_fullscan
                0x0c1041c8                keypad_keycount
                0x0c104498                keypad_getfullchar
 .text          0x0c104524     0x14d8 ../../BSP/Debug\libBSP.a(lcd.o)
                0x0c104524                lcd_init
                0x0c1046a8                lcd_on
                0x0c1046e4                lcd_off
                0x0c104720                lcd_status
                0x0c104748                lcd_clear
                0x0c1047cc                lcd_putpixel
                0x0c1048b8                lcd_getpixel
                0x0c104968                lcd_draw_hline
                0x0c104a08                lcd_draw_vline
                0x0c104aa8                lcd_draw_box
                0x0c104b54                lcd_fill_box
                0x0c104bfc                lcd_putchar
                0x0c104d50                lcd_putchar_inverted
                0x0c104ea4                lcd_putchar_upsidedown
                0x0c105028                lcd_puts
                0x0c10509c                lcd_putint
                0x0c1051d0                lcd_puthex
                0x0c1052b0                lcd_putchar_x2
                0x0c105414                lcd_puts_x2
                0x0c1054a8                lcd_putint_x2
                0x0c1055dc                lcd_puthex_x2
                0x0c1056bc                lcd_putWallpaper
                0x0c105818                lcd_dumpBmp
 .text          0x0c1059fc      0x1b4 ../../BSP/Debug\libBSP.a(leds.o)
                0x0c1059fc                leds_init
                0x0c105a3c                led_on
                0x0c105a84                led_off
                0x0c105ac8                led_toggle
                0x0c105b0c                led_status
                0x0c105b60                leds_on
                0x0c105b88                leds_off
 .text          0x0c105bb0      0xdb0 ../../BSP/Debug\libBSP.a(rtc.o)
                0x0c105bb0                rtc_init
                0x0c105cec                rtc_puttime
                0x0c105f60                rtc_gettime
                0x0c106360                rtc_open
                0x0c1063d4                rtc_close
                0x0c106428                intToStr
                0x0c1064e0                rtc_stringDate
 .text          0x0c106960      0x138 ../../BSP/Debug\libBSP.a(segs.o)
                0x0c106960                segs_init
                0x0c10697c                segs_off
                0x0c1069b4                segs_putchar
                0x0c106a0c                segs_status
                0x0c106a34                segs_putsos
 .text          0x0c106a98      0xd60 ../../BSP/Debug\libBSP.a(system.o)
                0x0c106a98                sys_init
                0x0c106d70                isr_SWI_dummy
                0x0c106d9c                isr_UNDEF_dummy
                0x0c106dc8                isr_IRQ_dummy
                0x0c106df4                isr_FIQ_dummy
                0x0c106e20                isr_PABORT_dummy
                0x0c106e4c                isr_DABORT_dummy
                0x0c106e78                isr_ADC_dummy
                0x0c106ea4                isr_RTC_dummy
                0x0c106ed0                isr_UTXD1_dummy
                0x0c106efc                isr_UTXD0_dummy
                0x0c106f28                isr_SIO_dummy
                0x0c106f54                isr_IIC_dummy
                0x0c106f80                isr_URXD1_dummy
                0x0c106fac                isr_URXD0_dummy
                0x0c106fd8                isr_TIMER5_dummy
                0x0c107004                isr_TIMER4_dummy
                0x0c107030                isr_TIMER3_dummy
                0x0c10705c                isr_TIMER2_dummy
                0x0c107088                isr_TIMER1_dummy
                0x0c1070b4                isr_TIMER0_dummy
                0x0c1070e0                isr_UERR01_dummy
                0x0c10710c                isr_WDT_dummy
                0x0c107138                isr_BDMA1_dummy
                0x0c107164                isr_BDMA0_dummy
                0x0c107190                isr_ZDMA1_dummy
                0x0c1071bc                isr_ZDMA0_dummy
                0x0c1071e8                isr_TICK_dummy
                0x0c107210                isr_PB_dummy
                0x0c10723c                isr_ETHERNET_dummy
                0x0c107268                isr_TS_dummy
                0x0c107294                isr_KEYPAD_dummy
                0x0c1072c0                isr_USB_dummy
                0x0c1075a8                sleep
 .text          0x0c1077f8      0xa6c ../../BSP/Debug\libBSP.a(timers.o)
                0x0c1077f8                timers_init
                0x0c1079b8                wait_for_1s
                0x0c107a7c                wait_for_1ms
                0x0c107b3c                timer3_delay_ms
                0x0c107b80                sw_delay_ms
                0x0c107bd8                timer3_delay_s
                0x0c107c1c                sw_delay_s
                0x0c107c74                timer3_start
                0x0c107d24                timer3_stop
                0x0c107d78                timer3_start_timeout
                0x0c107e30                timer3_timeout
                0x0c107e6c                timer0_open_tick
                0x0c1080b8                timer0_open_ms
                0x0c1081cc                timer0_close
 .text          0x0c108264      0x7d0 ../../BSP/Debug\libBSP.a(ts.o)
                0x0c108264                ts_init
                0x0c1082ac                ts_on
                0x0c1082d8                ts_off
                0x0c108304                ts_status
                0x0c10832c                ts_pressed
                0x0c10857c                ts_getpos
                0x0c108608                ts_getpostime
                0x0c1086c8                ts_timeout_getpos
                0x0c108990                ts_open
                0x0c1089f0                ts_close
 .text          0x0c108a34      0x544 ../../BSP/Debug\libBSP.a(uart.o)
                0x0c108a34                uart0_init
                0x0c108a98                uart0_putchar
                0x0c108ae8                uart0_getchar
                0x0c108b30                uart0_puts
                0x0c108b98                uart0_putint
                0x0c108cc8                uart0_puthex
                0x0c108d80                uart0_gets
                0x0c108df0                uart0_getint
                0x0c108ec4                uart0_gethex
 .text          0x0c108f78      0x270 ../../BSP/Debug\libBSP.a(adc.o)
                0x0c108f78                adc_init
                0x0c108fa4                adc_on
                0x0c108fe8                adc_off
                0x0c109024                adc_status
                0x0c10904c                adc_getSample
                0x0c10914c                adc_open
                0x0c1091a4                adc_close
 .text          0x0c1091e8        0x0 ../../BSP/Debug\libBSP.a(font8x16.o)
 .text          0x0c1091e8      0x114 d:/programillasuni/eclipsearm/sourcery-g++-lite-arm-2011.03/bin/../lib/gcc/arm-none-eabi/4.5.2\libgcc.a(_udivsi3.o)
                0x0c1091e8                __aeabi_uidiv
                0x0c1091e8                __udivsi3
                0x0c1092dc                __aeabi_uidivmod
 .text          0x0c1092fc      0x148 d:/programillasuni/eclipsearm/sourcery-g++-lite-arm-2011.03/bin/../lib/gcc/arm-none-eabi/4.5.2\libgcc.a(_divsi3.o)
                0x0c1092fc                __divsi3
                0x0c1092fc                __aeabi_idiv
                0x0c109424                __aeabi_idivmod
 .text          0x0c109444        0x4 d:/programillasuni/eclipsearm/sourcery-g++-lite-arm-2011.03/bin/../lib/gcc/arm-none-eabi/4.5.2\libgcc.a(_dvmd_tls.o)
                0x0c109444                __aeabi_idiv0
                0x0c109444                __aeabi_ldiv0
 .text          0x0c109448       0x3c d:/programillasuni/eclipsearm/sourcery-g++-lite-arm-2011.03/bin/../lib/gcc/arm-none-eabi/4.5.2\libgcc.a(_aeabi_uldivmod.o)
                0x0c109448                __aeabi_uldivmod
 .text          0x0c109484       0x80 d:/programillasuni/eclipsearm/sourcery-g++-lite-arm-2011.03/bin/../lib/gcc/arm-none-eabi/4.5.2\libgcc.a(bpabi.o)
                0x0c109484                __gnu_ldivmod_helper
                0x0c1094c4                __gnu_uldivmod_helper
 .text          0x0c109504      0x4a8 d:/programillasuni/eclipsearm/sourcery-g++-lite-arm-2011.03/bin/../lib/gcc/arm-none-eabi/4.5.2\libgcc.a(_divdi3.o)
                0x0c109504                __divdi3
 .text          0x0c1099ac      0x434 d:/programillasuni/eclipsearm/sourcery-g++-lite-arm-2011.03/bin/../lib/gcc/arm-none-eabi/4.5.2\libgcc.a(_udivdi3.o)
                0x0c1099ac                __udivdi3
 .text          0x0c109de0       0x48 d:/programillasuni/eclipsearm/sourcery-g++-lite-arm-2011.03/bin/../lib/gcc/arm-none-eabi/4.5.2\libgcc.a(_clzsi2.o)
                0x0c109de0                __clzsi2
 .text          0x0c109e28      0x1c0 d:/programillasuni/eclipsearm/sourcery-g++-lite-arm-2011.03/bin/../lib/gcc/arm-none-eabi/4.5.2/../../../../arm-none-eabi/lib\libc.a(lib_a-memcpy.o)
                0x0c109e28                memcpy
                0x0c109fe8                _code_end = .
                0x00009fe8                _code_size = SIZEOF (.text)
                0x0c109fe8                _data_start = .

.glue_7         0x0c109fe8        0x0
 .glue_7        0x00000000        0x0 linker stubs

.glue_7t        0x0c109fe8        0x0
 .glue_7t       0x00000000        0x0 linker stubs

.vfp11_veneer   0x0c109fe8        0x0
 .vfp11_veneer  0x00000000        0x0 linker stubs

.v4_bx          0x0c109fe8        0x0
 .v4_bx         0x00000000        0x0 linker stubs

.rodata         0x0c109fe8     0x2018
 *(.rodata)
 .rodata        0x0c109fe8      0x8d4 ./mensajes.o
 .rodata        0x0c10a8bc       0x44 ./pantalla.o
 .rodata        0x0c10a900       0x38 ../../BSP/Debug\libBSP.a(rtc.o)
 .rodata        0x0c10a938       0x14 ../../BSP/Debug\libBSP.a(segs.o)
 .rodata        0x0c10a94c      0x640 ../../BSP/Debug\libBSP.a(system.o)
 .rodata        0x0c10af8c       0x74 ../../BSP/Debug\libBSP.a(ts.o)
 .rodata        0x0c10b000     0x1000 ../../BSP/Debug\libBSP.a(font8x16.o)
                0x0c10b000                font

.ARM.extab      0x0c10c000        0x0
 .ARM.extab     0x0c10c000        0x0 d:/programillasuni/eclipsearm/sourcery-g++-lite-arm-2011.03/bin/../lib/gcc/arm-none-eabi/4.5.2\libgcc.a(_divdi3.o)
 .ARM.extab     0x0c10c000        0x0 d:/programillasuni/eclipsearm/sourcery-g++-lite-arm-2011.03/bin/../lib/gcc/arm-none-eabi/4.5.2\libgcc.a(_udivdi3.o)

.ARM.exidx      0x0c10c000        0x8
 .ARM.exidx     0x0c10c000        0x8 d:/programillasuni/eclipsearm/sourcery-g++-lite-arm-2011.03/bin/../lib/gcc/arm-none-eabi/4.5.2\libgcc.a(_divdi3.o)
 .ARM.exidx     0x0c10c008        0x0 d:/programillasuni/eclipsearm/sourcery-g++-lite-arm-2011.03/bin/../lib/gcc/arm-none-eabi/4.5.2\libgcc.a(_udivdi3.o)
                                  0x8 (size before relaxing)

.data           0x0c10c008        0x4
 *(.data)
 .data          0x0c10c008        0x0 ./kernelcoop.o
 .data          0x0c10c008        0x0 ./mensajes.o
 .data          0x0c10c008        0x0 ./pantalla.o
 .data          0x0c10c008        0x4 ./proyecto.o
 .data          0x0c10c00c        0x0 ../../BSP/Debug\libBSP.a(keypad.o)
 .data          0x0c10c00c        0x0 ../../BSP/Debug\libBSP.a(lcd.o)
 .data          0x0c10c00c        0x0 ../../BSP/Debug\libBSP.a(leds.o)
 .data          0x0c10c00c        0x0 ../../BSP/Debug\libBSP.a(rtc.o)
 .data          0x0c10c00c        0x0 ../../BSP/Debug\libBSP.a(segs.o)
 .data          0x0c10c00c        0x0 ../../BSP/Debug\libBSP.a(system.o)
 .data          0x0c10c00c        0x0 ../../BSP/Debug\libBSP.a(timers.o)
 .data          0x0c10c00c        0x0 ../../BSP/Debug\libBSP.a(ts.o)
 .data          0x0c10c00c        0x0 ../../BSP/Debug\libBSP.a(uart.o)
 .data          0x0c10c00c        0x0 ../../BSP/Debug\libBSP.a(adc.o)
 .data          0x0c10c00c        0x0 ../../BSP/Debug\libBSP.a(font8x16.o)
 .data          0x0c10c00c        0x0 d:/programillasuni/eclipsearm/sourcery-g++-lite-arm-2011.03/bin/../lib/gcc/arm-none-eabi/4.5.2\libgcc.a(_udivsi3.o)
 .data          0x0c10c00c        0x0 d:/programillasuni/eclipsearm/sourcery-g++-lite-arm-2011.03/bin/../lib/gcc/arm-none-eabi/4.5.2\libgcc.a(_divsi3.o)
 .data          0x0c10c00c        0x0 d:/programillasuni/eclipsearm/sourcery-g++-lite-arm-2011.03/bin/../lib/gcc/arm-none-eabi/4.5.2\libgcc.a(_dvmd_tls.o)
 .data          0x0c10c00c        0x0 d:/programillasuni/eclipsearm/sourcery-g++-lite-arm-2011.03/bin/../lib/gcc/arm-none-eabi/4.5.2\libgcc.a(_aeabi_uldivmod.o)
 .data          0x0c10c00c        0x0 d:/programillasuni/eclipsearm/sourcery-g++-lite-arm-2011.03/bin/../lib/gcc/arm-none-eabi/4.5.2\libgcc.a(bpabi.o)
 .data          0x0c10c00c        0x0 d:/programillasuni/eclipsearm/sourcery-g++-lite-arm-2011.03/bin/../lib/gcc/arm-none-eabi/4.5.2\libgcc.a(_divdi3.o)
 .data          0x0c10c00c        0x0 d:/programillasuni/eclipsearm/sourcery-g++-lite-arm-2011.03/bin/../lib/gcc/arm-none-eabi/4.5.2\libgcc.a(_udivdi3.o)
 .data          0x0c10c00c        0x0 d:/programillasuni/eclipsearm/sourcery-g++-lite-arm-2011.03/bin/../lib/gcc/arm-none-eabi/4.5.2\libgcc.a(_clzsi2.o)
 .data          0x0c10c00c        0x0 d:/programillasuni/eclipsearm/sourcery-g++-lite-arm-2011.03/bin/../lib/gcc/arm-none-eabi/4.5.2/../../../../arm-none-eabi/lib\libc.a(lib_a-memcpy.o)

.bss            0x0c10c00c     0x9814
 *(.bss)
 .bss           0x0c10c00c       0xa0 ./kernelcoop.o
 .bss           0x0c10c0ac        0x0 ./mensajes.o
 .bss           0x0c10c0ac        0x0 ./pantalla.o
 .bss           0x0c10c0ac       0x1c ./proyecto.o
 .bss           0x0c10c0c8        0x0 ../../BSP/Debug\libBSP.a(keypad.o)
 .bss           0x0c10c0c8        0x1 ../../BSP/Debug\libBSP.a(lcd.o)
 .bss           0x0c10c0c9        0x0 ../../BSP/Debug\libBSP.a(leds.o)
 .bss           0x0c10c0c9        0x0 ../../BSP/Debug\libBSP.a(rtc.o)
 .bss           0x0c10c0c9        0x1 ../../BSP/Debug\libBSP.a(segs.o)
 .bss           0x0c10c0ca        0x0 ../../BSP/Debug\libBSP.a(system.o)
 *fill*         0x0c10c0ca        0x2 00
 .bss           0x0c10c0cc        0x8 ../../BSP/Debug\libBSP.a(timers.o)
 .bss           0x0c10c0d4        0xa ../../BSP/Debug\libBSP.a(ts.o)
 .bss           0x0c10c0de        0x0 ../../BSP/Debug\libBSP.a(uart.o)
 .bss           0x0c10c0de        0x1 ../../BSP/Debug\libBSP.a(adc.o)
 .bss           0x0c10c0df        0x0 ../../BSP/Debug\libBSP.a(font8x16.o)
 .bss           0x0c10c0df        0x0 d:/programillasuni/eclipsearm/sourcery-g++-lite-arm-2011.03/bin/../lib/gcc/arm-none-eabi/4.5.2\libgcc.a(_udivsi3.o)
 .bss           0x0c10c0df        0x0 d:/programillasuni/eclipsearm/sourcery-g++-lite-arm-2011.03/bin/../lib/gcc/arm-none-eabi/4.5.2\libgcc.a(_divsi3.o)
 .bss           0x0c10c0df        0x0 d:/programillasuni/eclipsearm/sourcery-g++-lite-arm-2011.03/bin/../lib/gcc/arm-none-eabi/4.5.2\libgcc.a(_dvmd_tls.o)
 .bss           0x0c10c0df        0x0 d:/programillasuni/eclipsearm/sourcery-g++-lite-arm-2011.03/bin/../lib/gcc/arm-none-eabi/4.5.2\libgcc.a(_aeabi_uldivmod.o)
 .bss           0x0c10c0df        0x0 d:/programillasuni/eclipsearm/sourcery-g++-lite-arm-2011.03/bin/../lib/gcc/arm-none-eabi/4.5.2\libgcc.a(bpabi.o)
 .bss           0x0c10c0df        0x0 d:/programillasuni/eclipsearm/sourcery-g++-lite-arm-2011.03/bin/../lib/gcc/arm-none-eabi/4.5.2\libgcc.a(_divdi3.o)
 .bss           0x0c10c0df        0x0 d:/programillasuni/eclipsearm/sourcery-g++-lite-arm-2011.03/bin/../lib/gcc/arm-none-eabi/4.5.2\libgcc.a(_udivdi3.o)
 .bss           0x0c10c0df        0x0 d:/programillasuni/eclipsearm/sourcery-g++-lite-arm-2011.03/bin/../lib/gcc/arm-none-eabi/4.5.2\libgcc.a(_clzsi2.o)
 .bss           0x0c10c0df        0x0 d:/programillasuni/eclipsearm/sourcery-g++-lite-arm-2011.03/bin/../lib/gcc/arm-none-eabi/4.5.2/../../../../arm-none-eabi/lib\libc.a(lib_a-memcpy.o)
 *fill*         0x0c10c0df        0x1 00
 COMMON         0x0c10c0e0       0x9c ./pantalla.o
                0x0c10c0e0                mensaje
 COMMON         0x0c10c17c       0xa4 ./proyecto.o
                0x0c10c17c                tsPressedMsg
                0x0c10c184                kpPressedMsg
                0x0c10c188                ticketMsg
                0x0c10c19c                coinsMoverMsg
                0x0c10c1a0                parking
 COMMON         0x0c10c220     0x9600 ../../BSP/Debug\libBSP.a(lcd.o)
                0x0c10c220                lcd_buffer
                0x0c115820                _data_end = .
                0x0c115820                _image_end = .
                0x0000b830                _data_size = ((SIZEOF (.rodata) + SIZEOF (.data)) + SIZEOF (.bss))
                0x00015818                _total_size = (_code_size + _data_size)
                0x0c115820                end = .
OUTPUT(proyecto.elf elf32-littlearm)

.debug_abbrev   0x00000000      0xe14
 .debug_abbrev  0x00000000       0xe3 ./kernelcoop.o
 .debug_abbrev  0x000000e3       0xc0 ./mensajes.o
 .debug_abbrev  0x000001a3      0x117 ./pantalla.o
 .debug_abbrev  0x000002ba      0x1b4 ./proyecto.o
 .debug_abbrev  0x0000046e      0x107 ../../BSP/Debug\libBSP.a(keypad.o)
 .debug_abbrev  0x00000575      0x182 ../../BSP/Debug\libBSP.a(lcd.o)
 .debug_abbrev  0x000006f7       0x8d ../../BSP/Debug\libBSP.a(leds.o)
 .debug_abbrev  0x00000784      0x105 ../../BSP/Debug\libBSP.a(rtc.o)
 .debug_abbrev  0x00000889       0xb3 ../../BSP/Debug\libBSP.a(segs.o)
 .debug_abbrev  0x0000093c       0xeb ../../BSP/Debug\libBSP.a(system.o)
 .debug_abbrev  0x00000a27       0xdd ../../BSP/Debug\libBSP.a(timers.o)
 .debug_abbrev  0x00000b04       0xe7 ../../BSP/Debug\libBSP.a(ts.o)
 .debug_abbrev  0x00000beb       0xf4 ../../BSP/Debug\libBSP.a(uart.o)
 .debug_abbrev  0x00000cdf       0xd2 ../../BSP/Debug\libBSP.a(adc.o)
 .debug_abbrev  0x00000db1       0x63 ../../BSP/Debug\libBSP.a(font8x16.o)

.debug_info     0x00000000     0x33ee
 .debug_info    0x00000000      0x1d0 ./kernelcoop.o
 .debug_info    0x000001d0      0x339 ./mensajes.o
 .debug_info    0x00000509      0x70e ./pantalla.o
 .debug_info    0x00000c17      0x6fb ./proyecto.o
 .debug_info    0x00001312      0x29b ../../BSP/Debug\libBSP.a(keypad.o)
 .debug_info    0x000015ad      0x9f4 ../../BSP/Debug\libBSP.a(lcd.o)
 .debug_info    0x00001fa1      0x15b ../../BSP/Debug\libBSP.a(leds.o)
 .debug_info    0x000020fc      0x2bf ../../BSP/Debug\libBSP.a(rtc.o)
 .debug_info    0x000023bb      0x151 ../../BSP/Debug\libBSP.a(segs.o)
 .debug_info    0x0000250c      0x426 ../../BSP/Debug\libBSP.a(system.o)
 .debug_info    0x00002932      0x2c7 ../../BSP/Debug\libBSP.a(timers.o)
 .debug_info    0x00002bf9      0x345 ../../BSP/Debug\libBSP.a(ts.o)
 .debug_info    0x00002f3e      0x2a5 ../../BSP/Debug\libBSP.a(uart.o)
 .debug_info    0x000031e3      0x176 ../../BSP/Debug\libBSP.a(adc.o)
 .debug_info    0x00003359       0x95 ../../BSP/Debug\libBSP.a(font8x16.o)

.debug_line     0x00000000     0x1890
 .debug_line    0x00000000       0xd3 ./kernelcoop.o
 .debug_line    0x000000d3      0x3a6 ./mensajes.o
 .debug_line    0x00000479      0x1d1 ./pantalla.o
 .debug_line    0x0000064a      0x427 ./proyecto.o
 .debug_line    0x00000a71      0x1c4 ../../BSP/Debug\libBSP.a(keypad.o)
 .debug_line    0x00000c35      0x2a6 ../../BSP/Debug\libBSP.a(lcd.o)
 .debug_line    0x00000edb       0x91 ../../BSP/Debug\libBSP.a(leds.o)
 .debug_line    0x00000f6c      0x13d ../../BSP/Debug\libBSP.a(rtc.o)
 .debug_line    0x000010a9       0x98 ../../BSP/Debug\libBSP.a(segs.o)
 .debug_line    0x00001141      0x233 ../../BSP/Debug\libBSP.a(system.o)
 .debug_line    0x00001374      0x18f ../../BSP/Debug\libBSP.a(timers.o)
 .debug_line    0x00001503      0x165 ../../BSP/Debug\libBSP.a(ts.o)
 .debug_line    0x00001668      0x10a ../../BSP/Debug\libBSP.a(uart.o)
 .debug_line    0x00001772       0xc8 ../../BSP/Debug\libBSP.a(adc.o)
 .debug_line    0x0000183a       0x56 ../../BSP/Debug\libBSP.a(font8x16.o)

.debug_macinfo  0x00000000    0x453fd
 .debug_macinfo
                0x00000000     0x4326 ./kernelcoop.o
 .debug_macinfo
                0x00004326     0x4e29 ./mensajes.o
 .debug_macinfo
                0x0000914f     0x56c7 ./pantalla.o
 .debug_macinfo
                0x0000e816     0x56da ./proyecto.o
 .debug_macinfo
                0x00013ef0     0x4eba ../../BSP/Debug\libBSP.a(keypad.o)
 .debug_macinfo
                0x00018daa     0x43db ../../BSP/Debug\libBSP.a(lcd.o)
 .debug_macinfo
                0x0001d185     0x432c ../../BSP/Debug\libBSP.a(leds.o)
 .debug_macinfo
                0x000214b1     0x4cee ../../BSP/Debug\libBSP.a(rtc.o)
 .debug_macinfo
                0x0002619f     0x4d01 ../../BSP/Debug\libBSP.a(segs.o)
 .debug_macinfo
                0x0002aea0     0x5568 ../../BSP/Debug\libBSP.a(system.o)
 .debug_macinfo
                0x00030408     0x4d1b ../../BSP/Debug\libBSP.a(timers.o)
 .debug_macinfo
                0x00035123     0x4ef0 ../../BSP/Debug\libBSP.a(ts.o)
 .debug_macinfo
                0x0003a013     0x430d ../../BSP/Debug\libBSP.a(uart.o)
 .debug_macinfo
                0x0003e320     0x4da4 ../../BSP/Debug\libBSP.a(adc.o)
 .debug_macinfo
                0x000430c4     0x2339 ../../BSP/Debug\libBSP.a(font8x16.o)

.debug_loc      0x00000000     0x1ef0
 .debug_loc     0x00000000       0xdc ./kernelcoop.o
 .debug_loc     0x000000dc       0x58 ./mensajes.o
 .debug_loc     0x00000134      0x3c8 ./pantalla.o
 .debug_loc     0x000004fc      0x294 ./proyecto.o
 .debug_loc     0x00000790      0x1e4 ../../BSP/Debug\libBSP.a(keypad.o)
 .debug_loc     0x00000974      0x420 ../../BSP/Debug\libBSP.a(lcd.o)
 .debug_loc     0x00000d94      0x134 ../../BSP/Debug\libBSP.a(leds.o)
 .debug_loc     0x00000ec8      0x134 ../../BSP/Debug\libBSP.a(rtc.o)
 .debug_loc     0x00000ffc       0xdc ../../BSP/Debug\libBSP.a(segs.o)
 .debug_loc     0x000010d8      0x688 ../../BSP/Debug\libBSP.a(system.o)
 .debug_loc     0x00001760      0x294 ../../BSP/Debug\libBSP.a(timers.o)
 .debug_loc     0x000019f4      0x23c ../../BSP/Debug\libBSP.a(ts.o)
 .debug_loc     0x00001c30      0x18c ../../BSP/Debug\libBSP.a(uart.o)
 .debug_loc     0x00001dbc      0x134 ../../BSP/Debug\libBSP.a(adc.o)

.debug_pubnames
                0x00000000      0xd03
 .debug_pubnames
                0x00000000       0x61 ./kernelcoop.o
 .debug_pubnames
                0x00000061       0x2d ./mensajes.o
 .debug_pubnames
                0x0000008e      0x1dc ./pantalla.o
 .debug_pubnames
                0x0000026a      0x143 ./proyecto.o
 .debug_pubnames
                0x000003ad       0xea ../../BSP/Debug\libBSP.a(keypad.o)
 .debug_pubnames
                0x00000497      0x1a7 ../../BSP/Debug\libBSP.a(lcd.o)
 .debug_pubnames
                0x0000063e       0x6e ../../BSP/Debug\libBSP.a(leds.o)
 .debug_pubnames
                0x000006ac       0x7a ../../BSP/Debug\libBSP.a(rtc.o)
 .debug_pubnames
                0x00000726       0x5e ../../BSP/Debug\libBSP.a(segs.o)
 .debug_pubnames
                0x00000784      0x29d ../../BSP/Debug\libBSP.a(system.o)
 .debug_pubnames
                0x00000a21      0x10f ../../BSP/Debug\libBSP.a(timers.o)
 .debug_pubnames
                0x00000b30       0x9f ../../BSP/Debug\libBSP.a(ts.o)
 .debug_pubnames
                0x00000bcf       0xa7 ../../BSP/Debug\libBSP.a(uart.o)
 .debug_pubnames
                0x00000c76       0x72 ../../BSP/Debug\libBSP.a(adc.o)
 .debug_pubnames
                0x00000ce8       0x1b ../../BSP/Debug\libBSP.a(font8x16.o)

.debug_pubtypes
                0x00000000      0x378
 .debug_pubtypes
                0x00000000       0x34 ./kernelcoop.o
 .debug_pubtypes
                0x00000034       0x33 ./mensajes.o
 .debug_pubtypes
                0x00000067       0x71 ./pantalla.o
 .debug_pubtypes
                0x000000d8       0x98 ./proyecto.o
 .debug_pubtypes
                0x00000170       0x32 ../../BSP/Debug\libBSP.a(keypad.o)
 .debug_pubtypes
                0x000001a2       0x3c ../../BSP/Debug\libBSP.a(lcd.o)
 .debug_pubtypes
                0x000001de       0x27 ../../BSP/Debug\libBSP.a(leds.o)
 .debug_pubtypes
                0x00000205       0x36 ../../BSP/Debug\libBSP.a(rtc.o)
 .debug_pubtypes
                0x0000023b       0x1c ../../BSP/Debug\libBSP.a(segs.o)
 .debug_pubtypes
                0x00000257       0x27 ../../BSP/Debug\libBSP.a(system.o)
 .debug_pubtypes
                0x0000027e       0x3d ../../BSP/Debug\libBSP.a(timers.o)
 .debug_pubtypes
                0x000002bb       0x32 ../../BSP/Debug\libBSP.a(ts.o)
 .debug_pubtypes
                0x000002ed       0x3d ../../BSP/Debug\libBSP.a(uart.o)
 .debug_pubtypes
                0x0000032a       0x32 ../../BSP/Debug\libBSP.a(adc.o)
 .debug_pubtypes
                0x0000035c       0x1c ../../BSP/Debug\libBSP.a(font8x16.o)

.debug_aranges  0x00000000      0x1c0
 .debug_aranges
                0x00000000       0x20 ./kernelcoop.o
 .debug_aranges
                0x00000020       0x20 ./mensajes.o
 .debug_aranges
                0x00000040       0x20 ./pantalla.o
 .debug_aranges
                0x00000060       0x20 ./proyecto.o
 .debug_aranges
                0x00000080       0x20 ../../BSP/Debug\libBSP.a(keypad.o)
 .debug_aranges
                0x000000a0       0x20 ../../BSP/Debug\libBSP.a(lcd.o)
 .debug_aranges
                0x000000c0       0x20 ../../BSP/Debug\libBSP.a(leds.o)
 .debug_aranges
                0x000000e0       0x20 ../../BSP/Debug\libBSP.a(rtc.o)
 .debug_aranges
                0x00000100       0x20 ../../BSP/Debug\libBSP.a(segs.o)
 .debug_aranges
                0x00000120       0x20 ../../BSP/Debug\libBSP.a(system.o)
 .debug_aranges
                0x00000140       0x20 ../../BSP/Debug\libBSP.a(timers.o)
 .debug_aranges
                0x00000160       0x20 ../../BSP/Debug\libBSP.a(ts.o)
 .debug_aranges
                0x00000180       0x20 ../../BSP/Debug\libBSP.a(uart.o)
 .debug_aranges
                0x000001a0       0x20 ../../BSP/Debug\libBSP.a(adc.o)

.debug_str      0x00000000      0xffe
 .debug_str     0x00000000      0x12a ./kernelcoop.o
                                0x143 (size before relaxing)
 .debug_str     0x0000012a      0x1e3 ./mensajes.o
                                0x2d2 (size before relaxing)
 .debug_str     0x0000030d      0x1e6 ./pantalla.o
                                0x493 (size before relaxing)
 .debug_str     0x000004f3      0x1fc ./proyecto.o
                                0x352 (size before relaxing)
 .debug_str     0x000006ef      0x114 ../../BSP/Debug\libBSP.a(keypad.o)
                                0x1a3 (size before relaxing)
 .debug_str     0x00000803      0x1b0 ../../BSP/Debug\libBSP.a(lcd.o)
                                0x295 (size before relaxing)
 .debug_str     0x000009b3       0x4e ../../BSP/Debug\libBSP.a(leds.o)
                                0x115 (size before relaxing)
 .debug_str     0x00000a01       0x96 ../../BSP/Debug\libBSP.a(rtc.o)
                                0x18f (size before relaxing)
 .debug_str     0x00000a97       0x58 ../../BSP/Debug\libBSP.a(segs.o)
                                0x11e (size before relaxing)
 .debug_str     0x00000aef      0x26a ../../BSP/Debug\libBSP.a(system.o)
                                0x331 (size before relaxing)
 .debug_str     0x00000d59       0xf9 ../../BSP/Debug\libBSP.a(timers.o)
                                0x1cc (size before relaxing)
 .debug_str     0x00000e52       0xae ../../BSP/Debug\libBSP.a(ts.o)
                                0x182 (size before relaxing)
 .debug_str     0x00000f00       0x94 ../../BSP/Debug\libBSP.a(uart.o)
                                0x16e (size before relaxing)
 .debug_str     0x00000f94       0x58 ../../BSP/Debug\libBSP.a(adc.o)
                                0x12c (size before relaxing)
 .debug_str     0x00000fec       0x12 ../../BSP/Debug\libBSP.a(font8x16.o)
                                 0xd7 (size before relaxing)

.comment        0x00000000       0x2a
 .comment       0x00000000       0x2a ./kernelcoop.o
                                 0x2b (size before relaxing)
 .comment       0x00000000       0x2b ./mensajes.o
 .comment       0x00000000       0x2b ./pantalla.o
 .comment       0x00000000       0x2b ./proyecto.o
 .comment       0x00000000       0x2b ../../BSP/Debug\libBSP.a(keypad.o)
 .comment       0x00000000       0x2b ../../BSP/Debug\libBSP.a(lcd.o)
 .comment       0x00000000       0x2b ../../BSP/Debug\libBSP.a(leds.o)
 .comment       0x00000000       0x2b ../../BSP/Debug\libBSP.a(rtc.o)
 .comment       0x00000000       0x2b ../../BSP/Debug\libBSP.a(segs.o)
 .comment       0x00000000       0x2b ../../BSP/Debug\libBSP.a(system.o)
 .comment       0x00000000       0x2b ../../BSP/Debug\libBSP.a(timers.o)
 .comment       0x00000000       0x2b ../../BSP/Debug\libBSP.a(ts.o)
 .comment       0x00000000       0x2b ../../BSP/Debug\libBSP.a(uart.o)
 .comment       0x00000000       0x2b ../../BSP/Debug\libBSP.a(adc.o)
 .comment       0x00000000       0x2b ../../BSP/Debug\libBSP.a(font8x16.o)

.ARM.attributes
                0x00000000       0x32
 .ARM.attributes
                0x00000000       0x32 ./kernelcoop.o
 .ARM.attributes
                0x00000032       0x32 ./mensajes.o
 .ARM.attributes
                0x00000064       0x32 ./pantalla.o
 .ARM.attributes
                0x00000096       0x32 ./proyecto.o
 .ARM.attributes
                0x000000c8       0x32 ../../BSP/Debug\libBSP.a(keypad.o)
 .ARM.attributes
                0x000000fa       0x32 ../../BSP/Debug\libBSP.a(lcd.o)
 .ARM.attributes
                0x0000012c       0x32 ../../BSP/Debug\libBSP.a(leds.o)
 .ARM.attributes
                0x0000015e       0x32 ../../BSP/Debug\libBSP.a(rtc.o)
 .ARM.attributes
                0x00000190       0x32 ../../BSP/Debug\libBSP.a(segs.o)
 .ARM.attributes
                0x000001c2       0x32 ../../BSP/Debug\libBSP.a(system.o)
 .ARM.attributes
                0x000001f4       0x32 ../../BSP/Debug\libBSP.a(timers.o)
 .ARM.attributes
                0x00000226       0x32 ../../BSP/Debug\libBSP.a(ts.o)
 .ARM.attributes
                0x00000258       0x32 ../../BSP/Debug\libBSP.a(uart.o)
 .ARM.attributes
                0x0000028a       0x32 ../../BSP/Debug\libBSP.a(adc.o)
 .ARM.attributes
                0x000002bc       0x32 ../../BSP/Debug\libBSP.a(font8x16.o)
 .ARM.attributes
                0x000002ee       0x1a d:/programillasuni/eclipsearm/sourcery-g++-lite-arm-2011.03/bin/../lib/gcc/arm-none-eabi/4.5.2\libgcc.a(_udivsi3.o)
 .ARM.attributes
                0x00000308       0x1a d:/programillasuni/eclipsearm/sourcery-g++-lite-arm-2011.03/bin/../lib/gcc/arm-none-eabi/4.5.2\libgcc.a(_divsi3.o)
 .ARM.attributes
                0x00000322       0x18 d:/programillasuni/eclipsearm/sourcery-g++-lite-arm-2011.03/bin/../lib/gcc/arm-none-eabi/4.5.2\libgcc.a(_dvmd_tls.o)
 .ARM.attributes
                0x0000033a       0x1a d:/programillasuni/eclipsearm/sourcery-g++-lite-arm-2011.03/bin/../lib/gcc/arm-none-eabi/4.5.2\libgcc.a(_aeabi_uldivmod.o)
 .ARM.attributes
                0x00000354       0x34 d:/programillasuni/eclipsearm/sourcery-g++-lite-arm-2011.03/bin/../lib/gcc/arm-none-eabi/4.5.2\libgcc.a(bpabi.o)
 .ARM.attributes
                0x00000388       0x34 d:/programillasuni/eclipsearm/sourcery-g++-lite-arm-2011.03/bin/../lib/gcc/arm-none-eabi/4.5.2\libgcc.a(_divdi3.o)
 .ARM.attributes
                0x000003bc       0x34 d:/programillasuni/eclipsearm/sourcery-g++-lite-arm-2011.03/bin/../lib/gcc/arm-none-eabi/4.5.2\libgcc.a(_udivdi3.o)
 .ARM.attributes
                0x000003f0       0x1a d:/programillasuni/eclipsearm/sourcery-g++-lite-arm-2011.03/bin/../lib/gcc/arm-none-eabi/4.5.2\libgcc.a(_clzsi2.o)
 .ARM.attributes
                0x0000040a       0x34 d:/programillasuni/eclipsearm/sourcery-g++-lite-arm-2011.03/bin/../lib/gcc/arm-none-eabi/4.5.2/../../../../arm-none-eabi/lib\libc.a(lib_a-memcpy.o)

.debug_frame    0x00000000     0x1a2c
 .debug_frame   0x00000000       0xbc ./kernelcoop.o
 .debug_frame   0x000000bc       0x50 ./mensajes.o
 .debug_frame   0x0000010c      0x2d0 ./pantalla.o
 .debug_frame   0x000003dc      0x1f4 ./proyecto.o
 .debug_frame   0x000005d0      0x170 ../../BSP/Debug\libBSP.a(keypad.o)
 .debug_frame   0x00000740      0x318 ../../BSP/Debug\libBSP.a(lcd.o)
 .debug_frame   0x00000a58       0xf0 ../../BSP/Debug\libBSP.a(leds.o)
 .debug_frame   0x00000b48       0xf0 ../../BSP/Debug\libBSP.a(rtc.o)
 .debug_frame   0x00000c38       0xb0 ../../BSP/Debug\libBSP.a(segs.o)
 .debug_frame   0x00000ce8      0x644 ../../BSP/Debug\libBSP.a(system.o)
 .debug_frame   0x0000132c      0x1f8 ../../BSP/Debug\libBSP.a(timers.o)
 .debug_frame   0x00001524      0x1b0 ../../BSP/Debug\libBSP.a(ts.o)
 .debug_frame   0x000016d4      0x130 ../../BSP/Debug\libBSP.a(uart.o)
 .debug_frame   0x00001804       0xf0 ../../BSP/Debug\libBSP.a(adc.o)
 .debug_frame   0x000018f4       0x20 d:/programillasuni/eclipsearm/sourcery-g++-lite-arm-2011.03/bin/../lib/gcc/arm-none-eabi/4.5.2\libgcc.a(_udivsi3.o)
 .debug_frame   0x00001914       0x20 d:/programillasuni/eclipsearm/sourcery-g++-lite-arm-2011.03/bin/../lib/gcc/arm-none-eabi/4.5.2\libgcc.a(_divsi3.o)
 .debug_frame   0x00001934       0x50 d:/programillasuni/eclipsearm/sourcery-g++-lite-arm-2011.03/bin/../lib/gcc/arm-none-eabi/4.5.2\libgcc.a(bpabi.o)
 .debug_frame   0x00001984       0x3c d:/programillasuni/eclipsearm/sourcery-g++-lite-arm-2011.03/bin/../lib/gcc/arm-none-eabi/4.5.2\libgcc.a(_divdi3.o)
 .debug_frame   0x000019c0       0x3c d:/programillasuni/eclipsearm/sourcery-g++-lite-arm-2011.03/bin/../lib/gcc/arm-none-eabi/4.5.2\libgcc.a(_udivdi3.o)
 .debug_frame   0x000019fc       0x30 d:/programillasuni/eclipsearm/sourcery-g++-lite-arm-2011.03/bin/../lib/gcc/arm-none-eabi/4.5.2/../../../../arm-none-eabi/lib\libc.a(lib_a-memcpy.o)
